
Merging program properties

Removed property 0xc0000002 to merge /usr/lib/gcc/x86_64-linux-gnu/14/../../../x86_64-linux-gnu/Scrt1.o (not found) and /usr/lib/gcc/x86_64-linux-gnu/14/crtbeginS.o (0x3)
Removed property 0xc0000002 to merge /usr/lib/gcc/x86_64-linux-gnu/14/../../../x86_64-linux-gnu/Scrt1.o (not found) and /usr/lib/gcc/x86_64-linux-gnu/14/crtendS.o (0x3)

As-needed library included to satisfy reference by file (symbol)

libc.so.6                     /usr/lib/gcc/x86_64-linux-gnu/14/../../../x86_64-linux-gnu/Scrt1.o (__libc_start_main@@GLIBC_2.34)

Discarded input sections

 .note.gnu.property
                0x0000000000000000       0x20 /usr/lib/gcc/x86_64-linux-gnu/14/crtbeginS.o
 .note.gnu.property
                0x0000000000000000       0x20 /usr/lib/gcc/x86_64-linux-gnu/14/crtendS.o

Memory Configuration

Name             Origin             Length             Attributes
*default*        0x0000000000000000 0xffffffffffffffff

Linker script and memory map

LOAD /usr/lib/gcc/x86_64-linux-gnu/14/../../../x86_64-linux-gnu/Scrt1.o
LOAD /usr/lib/gcc/x86_64-linux-gnu/14/../../../x86_64-linux-gnu/crti.o
LOAD /usr/lib/gcc/x86_64-linux-gnu/14/crtbeginS.o
LOAD /tmp/ccW1ggYu.o
LOAD /tmp/ccUIXasg.o
LOAD /tmp/ccCu7Pr6.o
LOAD /tmp/ccpphUpy.o
LOAD /usr/lib/gcc/x86_64-linux-gnu/14/libgcc.a
LOAD /usr/lib/gcc/x86_64-linux-gnu/14/libgcc_s.so
START GROUP
LOAD /usr/lib/gcc/x86_64-linux-gnu/14/../../../x86_64-linux-gnu/libgcc_s.so.1
LOAD /usr/lib/gcc/x86_64-linux-gnu/14/libgcc.a
END GROUP
LOAD /usr/lib/gcc/x86_64-linux-gnu/14/../../../x86_64-linux-gnu/libc.so
START GROUP
LOAD /lib/x86_64-linux-gnu/libc.so.6
LOAD /usr/lib/x86_64-linux-gnu/libc_nonshared.a
LOAD /lib64/ld-linux-x86-64.so.2
END GROUP
LOAD /usr/lib/gcc/x86_64-linux-gnu/14/libgcc.a
LOAD /usr/lib/gcc/x86_64-linux-gnu/14/libgcc_s.so
START GROUP
LOAD /usr/lib/gcc/x86_64-linux-gnu/14/../../../x86_64-linux-gnu/libgcc_s.so.1
LOAD /usr/lib/gcc/x86_64-linux-gnu/14/libgcc.a
END GROUP
LOAD /usr/lib/gcc/x86_64-linux-gnu/14/crtendS.o
LOAD /usr/lib/gcc/x86_64-linux-gnu/14/../../../x86_64-linux-gnu/crtn.o
                [!provide]                        PROVIDE (__executable_start = SEGMENT_START ("text-segment", 0x0))
                0x0000000000000350                . = (SEGMENT_START ("text-segment", 0x0) + SIZEOF_HEADERS)

.note.gnu.property
                0x0000000000000350       0x20
 .note.gnu.property
                0x0000000000000350       0x20 /usr/lib/gcc/x86_64-linux-gnu/14/../../../x86_64-linux-gnu/Scrt1.o

.note.gnu.build-id
                0x0000000000000370       0x24
 *(.note.gnu.build-id)
 .note.gnu.build-id
                0x0000000000000370       0x24 /usr/lib/gcc/x86_64-linux-gnu/14/../../../x86_64-linux-gnu/Scrt1.o

.interp         0x0000000000000394       0x1c
 *(.interp)
 .interp        0x0000000000000394       0x1c /usr/lib/gcc/x86_64-linux-gnu/14/../../../x86_64-linux-gnu/Scrt1.o

.hash
 *(.hash)

.gnu.hash       0x00000000000003b0       0x28
 *(.gnu.hash)
 .gnu.hash      0x00000000000003b0       0x28 /usr/lib/gcc/x86_64-linux-gnu/14/../../../x86_64-linux-gnu/Scrt1.o

.dynsym         0x00000000000003d8      0x120
 *(.dynsym)
 .dynsym        0x00000000000003d8      0x120 /usr/lib/gcc/x86_64-linux-gnu/14/../../../x86_64-linux-gnu/Scrt1.o

.dynstr         0x00000000000004f8       0xb7
 *(.dynstr)
 .dynstr        0x00000000000004f8       0xb7 /usr/lib/gcc/x86_64-linux-gnu/14/../../../x86_64-linux-gnu/Scrt1.o

.gnu.version    0x00000000000005b0       0x18
 *(.gnu.version)
 .gnu.version   0x00000000000005b0       0x18 /usr/lib/gcc/x86_64-linux-gnu/14/../../../x86_64-linux-gnu/Scrt1.o

.gnu.version_d  0x00000000000005c8        0x0
 *(.gnu.version_d)
 .gnu.version_d
                0x00000000000005c8        0x0 /usr/lib/gcc/x86_64-linux-gnu/14/../../../x86_64-linux-gnu/Scrt1.o

.gnu.version_r  0x00000000000005c8       0x40
 *(.gnu.version_r)
 .gnu.version_r
                0x00000000000005c8       0x40 /usr/lib/gcc/x86_64-linux-gnu/14/../../../x86_64-linux-gnu/Scrt1.o

.rela.dyn       0x0000000000000608      0x318
 *(.rela.init)
 *(.rela.text .rela.text.* .rela.gnu.linkonce.t.*)
 .rela.text.Check.part.0
                0x0000000000000608        0x0 /usr/lib/gcc/x86_64-linux-gnu/14/../../../x86_64-linux-gnu/Scrt1.o
 *(.rela.fini)
 *(.rela.rodata .rela.rodata.* .rela.gnu.linkonce.r.*)
 *(.rela.data .rela.data.* .rela.gnu.linkonce.d.*)
 .rela.data.rel.ro
                0x0000000000000608        0x0 /usr/lib/gcc/x86_64-linux-gnu/14/../../../x86_64-linux-gnu/Scrt1.o
 .rela.data.rel.local
                0x0000000000000608       0x18 /usr/lib/gcc/x86_64-linux-gnu/14/../../../x86_64-linux-gnu/Scrt1.o
 .rela.data.rel.ro.local
                0x0000000000000620       0x18 /usr/lib/gcc/x86_64-linux-gnu/14/../../../x86_64-linux-gnu/Scrt1.o
 .rela.data.rel.ro.local.g_reference_config
                0x0000000000000638       0x60 /usr/lib/gcc/x86_64-linux-gnu/14/../../../x86_64-linux-gnu/Scrt1.o
 .rela.data.rel.ro.local.g_export_ops
                0x0000000000000698       0x90 /usr/lib/gcc/x86_64-linux-gnu/14/../../../x86_64-linux-gnu/Scrt1.o
 .rela.data.rel.ro.local.g_persistent_export_ops
                0x0000000000000728       0x60 /usr/lib/gcc/x86_64-linux-gnu/14/../../../x86_64-linux-gnu/Scrt1.o
 .rela.data.rel.ro.local.g_persistence_ops
                0x0000000000000788       0x18 /usr/lib/gcc/x86_64-linux-gnu/14/../../../x86_64-linux-gnu/Scrt1.o
 .rela.data.rel.ro.local.g_platform_ops
                0x00000000000007a0       0xc0 /usr/lib/gcc/x86_64-linux-gnu/14/../../../x86_64-linux-gnu/Scrt1.o
 *(.rela.tdata .rela.tdata.* .rela.gnu.linkonce.td.*)
 *(.rela.tbss .rela.tbss.* .rela.gnu.linkonce.tb.*)
 *(.rela.ctors)
 *(.rela.dtors)
 *(.rela.got)
 .rela.got      0x0000000000000860       0x78 /usr/lib/gcc/x86_64-linux-gnu/14/../../../x86_64-linux-gnu/Scrt1.o
 *(.rela.bss .rela.bss.* .rela.gnu.linkonce.b.*)
 .rela.bss      0x00000000000008d8       0x18 /usr/lib/gcc/x86_64-linux-gnu/14/../../../x86_64-linux-gnu/Scrt1.o
 *(.rela.ldata .rela.ldata.* .rela.gnu.linkonce.l.*)
 *(.rela.lbss .rela.lbss.* .rela.gnu.linkonce.lb.*)
 *(.rela.lrodata .rela.lrodata.* .rela.gnu.linkonce.lr.*)
 *(.rela.ifunc)
 .rela.ifunc    0x00000000000008f0        0x0 /usr/lib/gcc/x86_64-linux-gnu/14/../../../x86_64-linux-gnu/Scrt1.o
 .rela.fini_array
                0x00000000000008f0       0x18 /usr/lib/gcc/x86_64-linux-gnu/14/../../../x86_64-linux-gnu/Scrt1.o
 .rela.init_array
                0x0000000000000908       0x18 /usr/lib/gcc/x86_64-linux-gnu/14/../../../x86_64-linux-gnu/Scrt1.o

.rela.plt       0x0000000000000920       0x78
 *(.rela.plt)
 .rela.plt      0x0000000000000920       0x78 /usr/lib/gcc/x86_64-linux-gnu/14/../../../x86_64-linux-gnu/Scrt1.o
 *(.rela.iplt)

.relr.dyn
 *(.relr.dyn)
                0x0000000000001000                . = ALIGN (CONSTANT (MAXPAGESIZE))

.init           0x0000000000001000       0x17
 *(SORT_NONE(.init))
 .init          0x0000000000001000       0x12 /usr/lib/gcc/x86_64-linux-gnu/14/../../../x86_64-linux-gnu/crti.o
                0x0000000000001000                _init
 .init          0x0000000000001012        0x5 /usr/lib/gcc/x86_64-linux-gnu/14/../../../x86_64-linux-gnu/crtn.o

.plt            0x0000000000001020       0x60
 *(.plt)
 .plt           0x0000000000001020       0x60 /usr/lib/gcc/x86_64-linux-gnu/14/../../../x86_64-linux-gnu/Scrt1.o
                0x0000000000001030                printf@@GLIBC_2.2.5
                0x0000000000001040                memset@@GLIBC_2.2.5
                0x0000000000001050                memcmp@@GLIBC_2.2.5
                0x0000000000001060                fprintf@@GLIBC_2.2.5
                0x0000000000001070                memcpy@@GLIBC_2.14
 *(.iplt)

.plt.got        0x0000000000001080        0x8
 *(.plt.got)
 .plt.got       0x0000000000001080        0x8 /usr/lib/gcc/x86_64-linux-gnu/14/../../../x86_64-linux-gnu/Scrt1.o
                0x0000000000001080                __cxa_finalize@@GLIBC_2.2.5

.plt.sec
 *(.plt.sec)

.text           0x00000000000010a0     0x2e96
 *(.text.unlikely .text.*_unlikely .text.unlikely.*)
 *(.text.exit .text.exit.*)
 *(.text.startup .text.startup.*)
 .text.startup.main
                0x00000000000010a0      0x35a /tmp/ccpphUpy.o
                0x00000000000010a0                main
 *(.text.hot .text.hot.*)
 *(SORT_BY_NAME(.text.sorted.*))
 *(.text .stub .text.* .gnu.linkonce.t.*)
 *fill*         0x00000000000013fa        0x6 
 .text          0x0000000000001400       0x22 /usr/lib/gcc/x86_64-linux-gnu/14/../../../x86_64-linux-gnu/Scrt1.o
                0x0000000000001400                _start
 .text          0x0000000000001422        0x0 /usr/lib/gcc/x86_64-linux-gnu/14/../../../x86_64-linux-gnu/crti.o
 *fill*         0x0000000000001422        0xe 
 .text          0x0000000000001430       0xb9 /usr/lib/gcc/x86_64-linux-gnu/14/crtbeginS.o
 .text          0x00000000000014e9        0x0 /tmp/ccW1ggYu.o
 *fill*         0x00000000000014e9        0x7 
 .text.IR_EarlyInit.part.0
                0x00000000000014f0      0x19c /tmp/ccW1ggYu.o
 *fill*         0x000000000000168c        0x4 
 .text.IR_InternalWriteRecord
                0x0000000000001690      0x4b8 /tmp/ccW1ggYu.o
 *fill*         0x0000000000001b48        0x8 
 .text.IR_InternalFirstAbnormal
                0x0000000000001b50      0x32e /tmp/ccW1ggYu.o
 *fill*         0x0000000000001e7e        0x2 
 .text.IR_InternalTimestamp
                0x0000000000001e80       0x23 /tmp/ccW1ggYu.o
                0x0000000000001e80                IR_InternalTimestamp
 *fill*         0x0000000000001ea3        0xd 
 .text.IR_InternalEnterCritical
                0x0000000000001eb0       0x23 /tmp/ccW1ggYu.o
                0x0000000000001eb0                IR_InternalEnterCritical
 *fill*         0x0000000000001ed3        0xd 
 .text.IR_InternalExitCritical
                0x0000000000001ee0       0x21 /tmp/ccW1ggYu.o
                0x0000000000001ee0                IR_InternalExitCritical
 *fill*         0x0000000000001f01        0xf 
 .text.IR_InternalPublishBarrier
                0x0000000000001f10       0x21 /tmp/ccW1ggYu.o
                0x0000000000001f10                IR_InternalPublishBarrier
 *fill*         0x0000000000001f31        0xf 
 .text.IR_InternalSetHealth
                0x0000000000001f40       0xbd /tmp/ccW1ggYu.o
                0x0000000000001f40                IR_InternalSetHealth
 *fill*         0x0000000000001ffd        0x3 
 .text.IR_InternalSaturatingIncrement
                0x0000000000002000       0x12 /tmp/ccW1ggYu.o
                0x0000000000002000                IR_InternalSaturatingIncrement
 *fill*         0x0000000000002012        0xe 
 .text.IR_InternalBeginFreshEpoch
                0x0000000000002020       0xa9 /tmp/ccW1ggYu.o
                0x0000000000002020                IR_InternalBeginFreshEpoch
 *fill*         0x00000000000020c9        0x7 
 .text.IR_EarlyInit
                0x00000000000020d0       0x4e /tmp/ccW1ggYu.o
                0x00000000000020d0                IR_EarlyInit
 *fill*         0x000000000000211e        0x2 
 .text.IR_Init  0x0000000000002120       0xd9 /tmp/ccW1ggYu.o
                0x0000000000002120                IR_Init
 *fill*         0x00000000000021f9        0x7 
 .text.IR_SystemStable
                0x0000000000002200       0x9d /tmp/ccW1ggYu.o
                0x0000000000002200                IR_SystemStable
 *fill*         0x000000000000229d        0x3 
 .text.IR_EventTask
                0x00000000000022a0       0x2a /tmp/ccW1ggYu.o
                0x00000000000022a0                IR_EventTask
 *fill*         0x00000000000022ca        0x6 
 .text.IR_EventIsr
                0x00000000000022d0       0x30 /tmp/ccW1ggYu.o
                0x00000000000022d0                IR_EventIsr
 .text.IR_FirstAbnormalTask
                0x0000000000002300       0x14 /tmp/ccW1ggYu.o
                0x0000000000002300                IR_FirstAbnormalTask
 *fill*         0x0000000000002314        0xc 
 .text.IR_FirstAbnormalIsr
                0x0000000000002320       0x17 /tmp/ccW1ggYu.o
                0x0000000000002320                IR_FirstAbnormalIsr
 *fill*         0x0000000000002337        0x9 
 .text.IR_FatalCapture
                0x0000000000002340       0xd1 /tmp/ccW1ggYu.o
                0x0000000000002340                IR_FatalCapture
 *fill*         0x0000000000002411        0xf 
 .text.IR_GetStatus
                0x0000000000002420      0x147 /tmp/ccW1ggYu.o
                0x0000000000002420                IR_GetStatus
 .text          0x0000000000002567        0x0 /tmp/ccUIXasg.o
 *fill*         0x0000000000002567        0x9 
 .text.IR_ServiceResetExport
                0x0000000000002570       0x4a /tmp/ccUIXasg.o
 *fill*         0x00000000000025ba        0x6 
 .text.IR_ServiceReadIsrRecord
                0x00000000000025c0       0xa6 /tmp/ccUIXasg.o
 *fill*         0x0000000000002666        0xa 
 .text.IR_ServiceReadTaskRecord
                0x0000000000002670       0xae /tmp/ccUIXasg.o
 *fill*         0x000000000000271e        0x2 
 .text.IR_InternalQueueDevelopmentTrace
                0x0000000000002720        0x1 /tmp/ccUIXasg.o
                0x0000000000002720                IR_InternalQueueDevelopmentTrace
 *fill*         0x0000000000002721        0xf 
 .text.IR_InternalPopDevelopmentTrace
                0x0000000000002730        0x3 /tmp/ccUIXasg.o
                0x0000000000002730                IR_InternalPopDevelopmentTrace
 *fill*         0x0000000000002733        0xd 
 .text.IR_ServiceRequestExport
                0x0000000000002740       0x1f /tmp/ccUIXasg.o
                0x0000000000002740                IR_ServiceRequestExport
 *fill*         0x000000000000275f        0x1 
 .text.IR_ServiceProcess
                0x0000000000002760      0x711 /tmp/ccUIXasg.o
                0x0000000000002760                IR_ServiceProcess
 .text          0x0000000000002e71        0x0 /tmp/ccCu7Pr6.o
 *fill*         0x0000000000002e71        0xf 
 .text.RefExportAvailable
                0x0000000000002e80        0x6 /tmp/ccCu7Pr6.o
 *fill*         0x0000000000002e86        0xa 
 .text.RefExportEnd
                0x0000000000002e90       0x13 /tmp/ccCu7Pr6.o
 *fill*         0x0000000000002ea3        0xd 
 .text.RefExportAbort
                0x0000000000002eb0       0x1f /tmp/ccCu7Pr6.o
 *fill*         0x0000000000002ecf        0x1 
 .text.RefGetTimestamp
                0x0000000000002ed0       0x10 /tmp/ccCu7Pr6.o
 .text.RefGetResetCause
                0x0000000000002ee0        0x6 /tmp/ccCu7Pr6.o
 *fill*         0x0000000000002ee6        0xa 
 .text.RefGetContextType
                0x0000000000002ef0        0x3 /tmp/ccCu7Pr6.o
 *fill*         0x0000000000002ef3        0xd 
 .text.RefEnterCritical
                0x0000000000002f00        0x3 /tmp/ccCu7Pr6.o
 *fill*         0x0000000000002f03        0xd 
 .text.RefExitCritical
                0x0000000000002f10        0x1 /tmp/ccCu7Pr6.o
 *fill*         0x0000000000002f11        0xf 
 .text.RefTryClaimU32
                0x0000000000002f20       0x13 /tmp/ccCu7Pr6.o
 *fill*         0x0000000000002f33        0xd 
 .text.RefExportWrite
                0x0000000000002f40       0x6e /tmp/ccCu7Pr6.o
 *fill*         0x0000000000002fae        0x2 
 .text.RefPublishBarrier
                0x0000000000002fb0        0x1 /tmp/ccCu7Pr6.o
 *fill*         0x0000000000002fb1        0xf 
 .text.RefCrc32.part.0
                0x0000000000002fc0       0x44 /tmp/ccCu7Pr6.o
 *fill*         0x0000000000003004        0xc 
 .text.RefPutU32.constprop.0
                0x0000000000003010       0x4f /tmp/ccCu7Pr6.o
 *fill*         0x000000000000305f        0x1 
 .text.RefPutU16.constprop.0
                0x0000000000003060       0x34 /tmp/ccCu7Pr6.o
 *fill*         0x0000000000003094        0xc 
 .text.RefGetContextId
                0x00000000000030a0        0x6 /tmp/ccCu7Pr6.o
 *fill*         0x00000000000030a6       0x1a 
 .text.RefSlotValid
                0x00000000000030c0       0x91 /tmp/ccCu7Pr6.o
 *fill*         0x0000000000003151        0xf 
 .text.RefRecoverSlots
                0x0000000000003160       0x5e /tmp/ccCu7Pr6.o
 *fill*         0x00000000000031be        0x2 
 .text.RefPersistentReadPayload
                0x00000000000031c0       0x9a /tmp/ccCu7Pr6.o
 *fill*         0x000000000000325a        0x6 
 .text.RefFindPendingOldest
                0x0000000000003260       0x75 /tmp/ccCu7Pr6.o
 *fill*         0x00000000000032d5        0xb 
 .text.RefPersistentReadMeta
                0x00000000000032e0       0x4e /tmp/ccCu7Pr6.o
 *fill*         0x000000000000332e        0x2 
 .text.RefPersistentHasPending
                0x0000000000003330       0x14 /tmp/ccCu7Pr6.o
 *fill*         0x0000000000003344        0xc 
 .text.RefPersistentMarkExported
                0x0000000000003350       0x68 /tmp/ccCu7Pr6.o
 *fill*         0x00000000000033b8        0x8 
 .text.RefExportVerify
                0x00000000000033c0       0x72 /tmp/ccCu7Pr6.o
 *fill*         0x0000000000003432        0xe 
 .text.RefExportBegin
                0x0000000000003440       0xa2 /tmp/ccCu7Pr6.o
 *fill*         0x00000000000034e2        0xe 
 .text.RefPutRuntimeRecord.constprop.0
                0x00000000000034f0      0x11a /tmp/ccCu7Pr6.o
 *fill*         0x000000000000360a        0x6 
 .text.RefPersist
                0x0000000000003610      0x62c /tmp/ccCu7Pr6.o
 *fill*         0x0000000000003c3c        0x4 
 .text.IR_ProjectConfig
                0x0000000000003c40        0x8 /tmp/ccCu7Pr6.o
                0x0000000000003c40                IR_ProjectConfig
 *fill*         0x0000000000003c48        0x8 
 .text.IR_ReferencePersistedBytes
                0x0000000000003c50       0x74 /tmp/ccCu7Pr6.o
                0x0000000000003c50                IR_ReferencePersistedBytes
 *fill*         0x0000000000003cc4        0xc 
 .text.IR_ReferenceExportedBytes
                0x0000000000003cd0        0x7 /tmp/ccCu7Pr6.o
                0x0000000000003cd0                IR_ReferenceExportedBytes
 *fill*         0x0000000000003cd7        0x9 
 .text.IR_ReferenceContinuousTraceRecords
                0x0000000000003ce0        0x3 /tmp/ccCu7Pr6.o
                0x0000000000003ce0                IR_ReferenceContinuousTraceRecords
 *fill*         0x0000000000003ce3        0xd 
 .text.IR_ReferenceExportMatchesPersistence
                0x0000000000003cf0       0x64 /tmp/ccCu7Pr6.o
                0x0000000000003cf0                IR_ReferenceExportMatchesPersistence
 *fill*         0x0000000000003d54        0xc 
 .text.IR_ReferenceHasPendingPersistentEvidence
                0x0000000000003d60       0x14 /tmp/ccCu7Pr6.o
                0x0000000000003d60                IR_ReferenceHasPendingPersistentEvidence
 *fill*         0x0000000000003d74        0xc 
 .text.IR_ReferencePendingPersistentCount
                0x0000000000003d80       0x51 /tmp/ccCu7Pr6.o
                0x0000000000003d80                IR_ReferencePendingPersistentCount
 *fill*         0x0000000000003dd1        0xf 
 .text.IR_ReferenceLastPersistedRecordId
                0x0000000000003de0        0x7 /tmp/ccCu7Pr6.o
                0x0000000000003de0                IR_ReferenceLastPersistedRecordId
 *fill*         0x0000000000003de7        0x9 
 .text.IR_ReferenceReadPersistentByte
                0x0000000000003df0       0x6f /tmp/ccCu7Pr6.o
                0x0000000000003df0                IR_ReferenceReadPersistentByte
 *fill*         0x0000000000003e5f        0x1 
 .text.IR_ReferenceSetPersistFailureStep
                0x0000000000003e60        0x7 /tmp/ccCu7Pr6.o
                0x0000000000003e60                IR_ReferenceSetPersistFailureStep
 *fill*         0x0000000000003e67        0x9 
 .text.IR_ReferenceEnablePersistPauseInjection
                0x0000000000003e70        0x8 /tmp/ccCu7Pr6.o
                0x0000000000003e70                IR_ReferenceEnablePersistPauseInjection
 *fill*         0x0000000000003e78        0x8 
 .text.IR_ReferenceSimulateRecovery
                0x0000000000003e80        0x5 /tmp/ccCu7Pr6.o
                0x0000000000003e80                IR_ReferenceSimulateRecovery
 *fill*         0x0000000000003e85        0xb 
 .text.IR_ReferenceResetPersistentStore
                0x0000000000003e90       0x75 /tmp/ccCu7Pr6.o
                0x0000000000003e90                IR_ReferenceResetPersistentStore
 .text          0x0000000000003f05        0x0 /tmp/ccpphUpy.o
 *fill*         0x0000000000003f05        0xb 
 .text.Check.part.0
                0x0000000000003f10       0x26 /tmp/ccpphUpy.o
 .text          0x0000000000003f36        0x0 /usr/lib/gcc/x86_64-linux-gnu/14/crtendS.o
 .text          0x0000000000003f36        0x0 /usr/lib/gcc/x86_64-linux-gnu/14/../../../x86_64-linux-gnu/crtn.o
 *(.gnu.warning)

.fini           0x0000000000003f38        0x9
 *(SORT_NONE(.fini))
 .fini          0x0000000000003f38        0x4 /usr/lib/gcc/x86_64-linux-gnu/14/../../../x86_64-linux-gnu/crti.o
                0x0000000000003f38                _fini
 .fini          0x0000000000003f3c        0x5 /usr/lib/gcc/x86_64-linux-gnu/14/../../../x86_64-linux-gnu/crtn.o
                [!provide]                        PROVIDE (__etext = .)
                [!provide]                        PROVIDE (_etext = .)
                [!provide]                        PROVIDE (etext = .)
                0x0000000000004000                . = ALIGN (CONSTANT (MAXPAGESIZE))
                0x0000000000004000                . = SEGMENT_START ("rodata-segment", (ALIGN (CONSTANT (MAXPAGESIZE)) + (. & (CONSTANT (MAXPAGESIZE) - 0x1))))

.rodata         0x0000000000004000      0x230
 *(.rodata .rodata.* .gnu.linkonce.r.*)
 .rodata.cst4   0x0000000000004000        0x4 /usr/lib/gcc/x86_64-linux-gnu/14/../../../x86_64-linux-gnu/Scrt1.o
                0x0000000000004000                _IO_stdin_used
 .rodata.Check.part.0.str1.1
                0x0000000000004004       0xc9 /tmp/ccpphUpy.o
                                          0xa (size before relaxing)
 .rodata.main.str1.1
                0x00000000000040cd       0xbf /tmp/ccpphUpy.o
 *fill*         0x00000000000040cd        0x3 
 .rodata.main.str1.8
                0x00000000000040d0      0x146 /tmp/ccpphUpy.o
 *fill*         0x0000000000004216        0xa 
 .rodata.cst16  0x0000000000004220       0x10 /tmp/ccpphUpy.o

.rodata1
 *(.rodata1)

.eh_frame_hdr   0x0000000000004230      0x23c
 *(.eh_frame_hdr)
 .eh_frame_hdr  0x0000000000004230      0x23c /usr/lib/gcc/x86_64-linux-gnu/14/../../../x86_64-linux-gnu/Scrt1.o
                0x0000000000004230                __GNU_EH_FRAME_HDR
 *(.eh_frame_entry .eh_frame_entry.*)

.eh_frame       0x0000000000004470      0x91c
 *(.eh_frame)
 .eh_frame      0x0000000000004470       0x30 /usr/lib/gcc/x86_64-linux-gnu/14/../../../x86_64-linux-gnu/Scrt1.o
                                         0x2c (size before relaxing)
 *fill*         0x00000000000044a0        0x0 
 .eh_frame      0x00000000000044a0       0x40 /usr/lib/gcc/x86_64-linux-gnu/14/../../../x86_64-linux-gnu/Scrt1.o
 .eh_frame      0x00000000000044e0       0x18 /usr/lib/gcc/x86_64-linux-gnu/14/../../../x86_64-linux-gnu/Scrt1.o
                                         0x30 (size before relaxing)
 .eh_frame      0x00000000000044f8      0x278 /tmp/ccW1ggYu.o
                                        0x290 (size before relaxing)
 .eh_frame      0x0000000000004770      0x138 /tmp/ccUIXasg.o
                                        0x150 (size before relaxing)
 .eh_frame      0x00000000000048a8      0x480 /tmp/ccCu7Pr6.o
                                        0x498 (size before relaxing)
 .eh_frame      0x0000000000004d28       0x60 /tmp/ccpphUpy.o
                                         0x78 (size before relaxing)
 .eh_frame      0x0000000000004d88        0x4 /usr/lib/gcc/x86_64-linux-gnu/14/crtendS.o
 *(.eh_frame.*)

.sframe         0x0000000000004d8c        0x0
 *(.sframe)
 .sframe        0x0000000000004d8c        0x0 /usr/lib/gcc/x86_64-linux-gnu/14/../../../x86_64-linux-gnu/Scrt1.o
 .sframe        0x0000000000004d8c        0x0 /usr/lib/gcc/x86_64-linux-gnu/14/../../../x86_64-linux-gnu/Scrt1.o
 *(.sframe.*)

.gcc_except_table
 *(.gcc_except_table .gcc_except_table.*)

.gnu_extab
 *(.gnu_extab*)

.exception_ranges
 *(.exception_ranges*)

.note.build-id
 *(.note.build-id)

.note.GNU-stack
                0x0000000000004d8c        0x0
 *(.note.GNU-stack)
 .note.GNU-stack
                0x0000000000004d8c        0x0 /usr/lib/gcc/x86_64-linux-gnu/14/../../../x86_64-linux-gnu/Scrt1.o
 .note.GNU-stack
                0x0000000000004d8c        0x0 /usr/lib/gcc/x86_64-linux-gnu/14/../../../x86_64-linux-gnu/crti.o
 .note.GNU-stack
                0x0000000000004d8c        0x0 /usr/lib/gcc/x86_64-linux-gnu/14/crtbeginS.o
 .note.GNU-stack
                0x0000000000004d8c        0x0 /tmp/ccW1ggYu.o
 .note.GNU-stack
                0x0000000000004d8c        0x0 /tmp/ccUIXasg.o
 .note.GNU-stack
                0x0000000000004d8c        0x0 /tmp/ccCu7Pr6.o
 .note.GNU-stack
                0x0000000000004d8c        0x0 /tmp/ccpphUpy.o
 .note.GNU-stack
                0x0000000000004d8c        0x0 /usr/lib/gcc/x86_64-linux-gnu/14/crtendS.o
 .note.GNU-stack
                0x0000000000004d8c        0x0 /usr/lib/gcc/x86_64-linux-gnu/14/../../../x86_64-linux-gnu/crtn.o

.note.gnu-property
 *(.note.gnu-property)

.note.ABI-tag   0x0000000000004d8c       0x20
 *(.note.ABI-tag)
 .note.ABI-tag  0x0000000000004d8c       0x20 /usr/lib/gcc/x86_64-linux-gnu/14/../../../x86_64-linux-gnu/Scrt1.o

.note.package
 *(.note.package)

.note.dlopen
 *(.note.dlopen)

.note.netbsd.ident
 *(.note.netbsd.ident)

.note.openbsd.ident
 *(.note.openbsd.ident)
                0x0000000000005cb0                . = DATA_SEGMENT_ALIGN (CONSTANT (MAXPAGESIZE), CONSTANT (COMMONPAGESIZE))

.eh_frame
 *(.eh_frame)
 *(.eh_frame.*)

.sframe
 *(.sframe)
 *(.sframe.*)

.gnu_extab
 *(.gnu_extab)

.gcc_except_table
 *(.gcc_except_table .gcc_except_table.*)

.exception_ranges
 *(.exception_ranges*)

.tdata          0x0000000000005cb0        0x0
                [!provide]                        PROVIDE (__tdata_start = .)
 *(.tdata .tdata.* .gnu.linkonce.td.*)

.tbss
 *(.tbss .tbss.* .gnu.linkonce.tb.*)
 *(.tcommon)

.preinit_array  0x0000000000005cb0        0x0
                [!provide]                        PROVIDE (__preinit_array_start = .)
 *(.preinit_array)
                [!provide]                        PROVIDE (__preinit_array_end = .)

.init_array     0x0000000000005cb0        0x8
                [!provide]                        PROVIDE (__init_array_start = .)
 *(SORT_BY_INIT_PRIORITY(.init_array.*) SORT_BY_INIT_PRIORITY(.ctors.*))
 *(.init_array EXCLUDE_FILE(*crtend?.o *crtend.o *crtbegin?.o *crtbegin.o) .ctors)
 .init_array    0x0000000000005cb0        0x8 /usr/lib/gcc/x86_64-linux-gnu/14/crtbeginS.o
                [!provide]                        PROVIDE (__init_array_end = .)

.fini_array     0x0000000000005cb8        0x8
                [!provide]                        PROVIDE (__fini_array_start = .)
 *(SORT_BY_INIT_PRIORITY(.fini_array.*) SORT_BY_INIT_PRIORITY(.dtors.*))
 *(.fini_array EXCLUDE_FILE(*crtend?.o *crtend.o *crtbegin?.o *crtbegin.o) .dtors)
 .fini_array    0x0000000000005cb8        0x8 /usr/lib/gcc/x86_64-linux-gnu/14/crtbeginS.o
                [!provide]                        PROVIDE (__fini_array_end = .)

.ctors
 *crtbegin.o(.ctors)
 *crtbegin?.o(.ctors)
 *(EXCLUDE_FILE(*crtend?.o *crtend.o) .ctors)
 *(SORT_BY_NAME(.ctors.*))
 *(.ctors)

.dtors
 *crtbegin.o(.dtors)
 *crtbegin?.o(.dtors)
 *(EXCLUDE_FILE(*crtend?.o *crtend.o) .dtors)
 *(SORT_BY_NAME(.dtors.*))
 *(.dtors)

.jcr
 *(.jcr)

.data.rel.ro    0x0000000000005cc0      0x120
 *(.data.rel.ro.local* .gnu.linkonce.d.rel.ro.local.*)
 .data.rel.ro.local
                0x0000000000005cc0        0x8 /tmp/ccUIXasg.o
 *fill*         0x0000000000005cc8       0x18 
 .data.rel.ro.local.g_reference_config
                0x0000000000005ce0       0x28 /tmp/ccCu7Pr6.o
 *fill*         0x0000000000005d08       0x18 
 .data.rel.ro.local.g_export_ops
                0x0000000000005d20       0x30 /tmp/ccCu7Pr6.o
 *fill*         0x0000000000005d50       0x10 
 .data.rel.ro.local.g_persistent_export_ops
                0x0000000000005d60       0x20 /tmp/ccCu7Pr6.o
 .data.rel.ro.local.g_persistence_ops
                0x0000000000005d80        0x8 /tmp/ccCu7Pr6.o
 *fill*         0x0000000000005d88       0x18 
 .data.rel.ro.local.g_platform_ops
                0x0000000000005da0       0x40 /tmp/ccCu7Pr6.o
 *(.data.rel.ro .data.rel.ro.* .gnu.linkonce.d.rel.ro.*)
 .data.rel.ro   0x0000000000005de0        0x0 /usr/lib/gcc/x86_64-linux-gnu/14/../../../x86_64-linux-gnu/Scrt1.o

.dynamic        0x0000000000005de0      0x1e0
 *(.dynamic)
 .dynamic       0x0000000000005de0      0x1e0 /usr/lib/gcc/x86_64-linux-gnu/14/../../../x86_64-linux-gnu/Scrt1.o
                0x0000000000005de0                _DYNAMIC

.got            0x0000000000005fc0       0x28
 *(.got)
 .got           0x0000000000005fc0       0x28 /usr/lib/gcc/x86_64-linux-gnu/14/../../../x86_64-linux-gnu/Scrt1.o
 *(.igot)
                0x0000000000005fe8                . = DATA_SEGMENT_RELRO_END (., (SIZEOF (.got.plt) >= 0x18)?0x18:0x0)

.got.plt        0x0000000000005fe8       0x40
 *(.got.plt)
 .got.plt       0x0000000000005fe8       0x40 /usr/lib/gcc/x86_64-linux-gnu/14/../../../x86_64-linux-gnu/Scrt1.o
                0x0000000000005fe8                _GLOBAL_OFFSET_TABLE_
 *(.igot.plt)

.data           0x0000000000006028       0x10
 *(.data .data.* .gnu.linkonce.d.*)
 .data          0x0000000000006028        0x4 /usr/lib/gcc/x86_64-linux-gnu/14/../../../x86_64-linux-gnu/Scrt1.o
                0x0000000000006028                data_start
                0x0000000000006028                __data_start
 .data          0x000000000000602c        0x0 /usr/lib/gcc/x86_64-linux-gnu/14/../../../x86_64-linux-gnu/crti.o
 .data          0x000000000000602c        0x0 /usr/lib/gcc/x86_64-linux-gnu/14/crtbeginS.o
 *fill*         0x000000000000602c        0x4 
 .data.rel.local
                0x0000000000006030        0x8 /usr/lib/gcc/x86_64-linux-gnu/14/crtbeginS.o
                0x0000000000006030                __dso_handle
 .data          0x0000000000006038        0x0 /tmp/ccW1ggYu.o
 .data          0x0000000000006038        0x0 /tmp/ccUIXasg.o
 .data          0x0000000000006038        0x0 /tmp/ccCu7Pr6.o
 .data          0x0000000000006038        0x0 /tmp/ccpphUpy.o
 .data          0x0000000000006038        0x0 /usr/lib/gcc/x86_64-linux-gnu/14/crtendS.o
 .data          0x0000000000006038        0x0 /usr/lib/gcc/x86_64-linux-gnu/14/../../../x86_64-linux-gnu/crtn.o

.tm_clone_table
                0x0000000000006038        0x0
 .tm_clone_table
                0x0000000000006038        0x0 /usr/lib/gcc/x86_64-linux-gnu/14/crtbeginS.o
 .tm_clone_table
                0x0000000000006038        0x0 /usr/lib/gcc/x86_64-linux-gnu/14/crtendS.o

.incident_ram   0x0000000000006038     0x27f4
 .incident_ram  0x0000000000006038     0x27f4 /tmp/ccW1ggYu.o
                0x0000000000006038                g_ir_retained

.data1
 *(.data1)
                0x000000000000882c                _edata = .
                [!provide]                        PROVIDE (edata = .)
                0x0000000000008830                . = ALIGN (ALIGNOF (NEXT_SECTION))
                0x0000000000008840                __bss_start = .

.bss            0x0000000000008840    0x100c0
 *(.dynbss)
 .dynbss        0x0000000000008840        0x8 /usr/lib/gcc/x86_64-linux-gnu/14/../../../x86_64-linux-gnu/Scrt1.o
                0x0000000000008840                stderr@@GLIBC_2.2.5
 *(.bss .bss.* .gnu.linkonce.b.*)
 .bss           0x0000000000008848        0x0 /usr/lib/gcc/x86_64-linux-gnu/14/../../../x86_64-linux-gnu/Scrt1.o
 .bss           0x0000000000008848        0x0 /usr/lib/gcc/x86_64-linux-gnu/14/../../../x86_64-linux-gnu/crti.o
 .bss           0x0000000000008848        0x1 /usr/lib/gcc/x86_64-linux-gnu/14/crtbeginS.o
 .bss           0x0000000000008849        0x0 /tmp/ccW1ggYu.o
 *fill*         0x0000000000008849       0x17 
 .bss.g_ir_runtime
                0x0000000000008860       0x30 /tmp/ccW1ggYu.o
                0x0000000000008860                g_ir_runtime
 .bss           0x0000000000008890        0x0 /tmp/ccUIXasg.o
 .bss           0x0000000000008890        0x0 /tmp/ccCu7Pr6.o
 .bss.g_timestamp
                0x0000000000008890        0x4 /tmp/ccCu7Pr6.o
 .bss.g_export_record_id
                0x0000000000008894        0x4 /tmp/ccCu7Pr6.o
 .bss.g_export_expected_length
                0x0000000000008898        0x4 /tmp/ccCu7Pr6.o
 .bss.g_exported_length
                0x000000000000889c        0x4 /tmp/ccCu7Pr6.o
 .bss.g_exported
                0x00000000000088a0     0x4000 /tmp/ccCu7Pr6.o
 .bss.g_pause_injection_enabled
                0x000000000000c8a0        0x1 /tmp/ccCu7Pr6.o
 *fill*         0x000000000000c8a1        0x3 
 .bss.g_persist_failure_step
                0x000000000000c8a4        0x4 /tmp/ccCu7Pr6.o
 .bss.g_last_persisted_record_id
                0x000000000000c8a8        0x4 /tmp/ccCu7Pr6.o
 .bss.g_next_record_id
                0x000000000000c8ac        0x4 /tmp/ccCu7Pr6.o
 .bss.g_next_generation
                0x000000000000c8b0        0x4 /tmp/ccCu7Pr6.o
 *fill*         0x000000000000c8b4        0xc 
 .bss.g_staging
                0x000000000000c8c0     0x4000 /tmp/ccCu7Pr6.o
 .bss.g_slots   0x00000000000108c0     0x8040 /tmp/ccCu7Pr6.o
 .bss           0x0000000000018900        0x0 /tmp/ccpphUpy.o
 .bss           0x0000000000018900        0x0 /usr/lib/gcc/x86_64-linux-gnu/14/crtendS.o
 .bss           0x0000000000018900        0x0 /usr/lib/gcc/x86_64-linux-gnu/14/../../../x86_64-linux-gnu/crtn.o
 *(COMMON)
                0x0000000000018900                . = ALIGN ((. != 0x0)?0x8:0x1)

.lbss
 *(.dynlbss)
 *(.lbss .lbss.* .gnu.linkonce.lb.*)
 *(LARGE_COMMON)
                0x0000000000018900                . = ALIGN (0x8)
                0x0000000000018900                . = SEGMENT_START ("ldata-segment", .)

.lrodata
 *(.lrodata .lrodata.* .gnu.linkonce.lr.*)

.ldata          0x000000000001a900        0x0
 *(.ldata .ldata.* .gnu.linkonce.l.*)
                0x000000000001a900                . = ALIGN ((. != 0x0)?0x8:0x1)
                0x000000000001a900                . = ALIGN (0x8)
                0x0000000000018900                _end = .
                [!provide]                        PROVIDE (end = .)
                0x000000000001a900                . = DATA_SEGMENT_END (.)

.stab
 *(.stab)

.stabstr
 *(.stabstr)

.stab.excl
 *(.stab.excl)

.stab.exclstr
 *(.stab.exclstr)

.stab.index
 *(.stab.index)

.stab.indexstr
 *(.stab.indexstr)

.comment        0x0000000000000000       0x1f
 *(.comment)
 .comment       0x0000000000000000       0x1f /usr/lib/gcc/x86_64-linux-gnu/14/crtbeginS.o
                                         0x20 (size before relaxing)
 .comment       0x000000000000001f       0x20 /tmp/ccW1ggYu.o
 .comment       0x000000000000001f       0x20 /tmp/ccUIXasg.o
 .comment       0x000000000000001f       0x20 /tmp/ccCu7Pr6.o
 .comment       0x000000000000001f       0x20 /tmp/ccpphUpy.o
 .comment       0x000000000000001f       0x20 /usr/lib/gcc/x86_64-linux-gnu/14/crtendS.o

.gnu.build.attributes
 *(.gnu.build.attributes .gnu.build.attributes.*)

.debug
 *(.debug)

.line
 *(.line)

.debug_srcinfo
 *(.debug_srcinfo)

.debug_sfnames
 *(.debug_sfnames)

.debug_aranges
 *(.debug_aranges)

.debug_pubnames
 *(.debug_pubnames)

.debug_info
 *(.debug_info .gnu.linkonce.wi.*)

.debug_abbrev
 *(.debug_abbrev)

.debug_line
 *(.debug_line .debug_line.* .debug_line_end)

.debug_frame
 *(.debug_frame)

.debug_str
 *(.debug_str)

.debug_loc
 *(.debug_loc)

.debug_macinfo
 *(.debug_macinfo)

.debug_weaknames
 *(.debug_weaknames)

.debug_funcnames
 *(.debug_funcnames)

.debug_typenames
 *(.debug_typenames)

.debug_varnames
 *(.debug_varnames)

.debug_pubtypes
 *(.debug_pubtypes)

.debug_ranges
 *(.debug_ranges)

.debug_addr
 *(.debug_addr)

.debug_line_str
 *(.debug_line_str)

.debug_loclists
 *(.debug_loclists)

.debug_macro
 *(.debug_macro)

.debug_names
 *(.debug_names)

.debug_rnglists
 *(.debug_rnglists)

.debug_str_offsets
 *(.debug_str_offsets)

.debug_sup
 *(.debug_sup)

.gnu.attributes
 *(.gnu.attributes)

/DISCARD/
 *(.note.GNU-stack)
 *(.gnu_debuglink)
 *(.gnu.lto_*)
 *(.gnu_object_only)
OUTPUT(./build/release/ir_reference elf64-x86-64)
