
Merging program properties

Removed property 0xc0000002 to merge /usr/lib/gcc/x86_64-linux-gnu/14/../../../x86_64-linux-gnu/Scrt1.o (not found) and /usr/lib/gcc/x86_64-linux-gnu/14/crtbeginS.o (0x3)
Removed property 0xc0000002 to merge /usr/lib/gcc/x86_64-linux-gnu/14/../../../x86_64-linux-gnu/Scrt1.o (not found) and /usr/lib/gcc/x86_64-linux-gnu/14/crtendS.o (0x3)

As-needed library included to satisfy reference by file (symbol)

libc.so.6                     /usr/lib/gcc/x86_64-linux-gnu/14/../../../x86_64-linux-gnu/Scrt1.o (__libc_start_main@@GLIBC_2.34)

Discarded input sections

 .note.gnu.property
                0x0000000000000000       0x20 /usr/lib/gcc/x86_64-linux-gnu/14/crtbeginS.o
 .note.gnu.property
                0x0000000000000000       0x20 /usr/lib/gcc/x86_64-linux-gnu/14/crtendS.o

Memory Configuration

Name             Origin             Length             Attributes
*default*        0x0000000000000000 0xffffffffffffffff

Linker script and memory map

LOAD /usr/lib/gcc/x86_64-linux-gnu/14/../../../x86_64-linux-gnu/Scrt1.o
LOAD /usr/lib/gcc/x86_64-linux-gnu/14/../../../x86_64-linux-gnu/crti.o
LOAD /usr/lib/gcc/x86_64-linux-gnu/14/crtbeginS.o
LOAD /tmp/ccWwMj4c.o
LOAD /tmp/ccWQYWJz.o
LOAD /tmp/ccLRTwOu.o
LOAD /tmp/ccFw2D2F.o
LOAD /usr/lib/gcc/x86_64-linux-gnu/14/libgcc.a
LOAD /usr/lib/gcc/x86_64-linux-gnu/14/libgcc_s.so
START GROUP
LOAD /usr/lib/gcc/x86_64-linux-gnu/14/../../../x86_64-linux-gnu/libgcc_s.so.1
LOAD /usr/lib/gcc/x86_64-linux-gnu/14/libgcc.a
END GROUP
LOAD /usr/lib/gcc/x86_64-linux-gnu/14/../../../x86_64-linux-gnu/libc.so
START GROUP
LOAD /lib/x86_64-linux-gnu/libc.so.6
LOAD /usr/lib/x86_64-linux-gnu/libc_nonshared.a
LOAD /lib64/ld-linux-x86-64.so.2
END GROUP
LOAD /usr/lib/gcc/x86_64-linux-gnu/14/libgcc.a
LOAD /usr/lib/gcc/x86_64-linux-gnu/14/libgcc_s.so
START GROUP
LOAD /usr/lib/gcc/x86_64-linux-gnu/14/../../../x86_64-linux-gnu/libgcc_s.so.1
LOAD /usr/lib/gcc/x86_64-linux-gnu/14/libgcc.a
END GROUP
LOAD /usr/lib/gcc/x86_64-linux-gnu/14/crtendS.o
LOAD /usr/lib/gcc/x86_64-linux-gnu/14/../../../x86_64-linux-gnu/crtn.o
                [!provide]                        PROVIDE (__executable_start = SEGMENT_START ("text-segment", 0x0))
                0x0000000000000350                . = (SEGMENT_START ("text-segment", 0x0) + SIZEOF_HEADERS)

.note.gnu.property
                0x0000000000000350       0x20
 .note.gnu.property
                0x0000000000000350       0x20 /usr/lib/gcc/x86_64-linux-gnu/14/../../../x86_64-linux-gnu/Scrt1.o

.note.gnu.build-id
                0x0000000000000370       0x24
 *(.note.gnu.build-id)
 .note.gnu.build-id
                0x0000000000000370       0x24 /usr/lib/gcc/x86_64-linux-gnu/14/../../../x86_64-linux-gnu/Scrt1.o

.interp         0x0000000000000394       0x1c
 *(.interp)
 .interp        0x0000000000000394       0x1c /usr/lib/gcc/x86_64-linux-gnu/14/../../../x86_64-linux-gnu/Scrt1.o

.hash
 *(.hash)

.gnu.hash       0x00000000000003b0       0x28
 *(.gnu.hash)
 .gnu.hash      0x00000000000003b0       0x28 /usr/lib/gcc/x86_64-linux-gnu/14/../../../x86_64-linux-gnu/Scrt1.o

.dynsym         0x00000000000003d8      0x120
 *(.dynsym)
 .dynsym        0x00000000000003d8      0x120 /usr/lib/gcc/x86_64-linux-gnu/14/../../../x86_64-linux-gnu/Scrt1.o

.dynstr         0x00000000000004f8       0xb7
 *(.dynstr)
 .dynstr        0x00000000000004f8       0xb7 /usr/lib/gcc/x86_64-linux-gnu/14/../../../x86_64-linux-gnu/Scrt1.o

.gnu.version    0x00000000000005b0       0x18
 *(.gnu.version)
 .gnu.version   0x00000000000005b0       0x18 /usr/lib/gcc/x86_64-linux-gnu/14/../../../x86_64-linux-gnu/Scrt1.o

.gnu.version_d  0x00000000000005c8        0x0
 *(.gnu.version_d)
 .gnu.version_d
                0x00000000000005c8        0x0 /usr/lib/gcc/x86_64-linux-gnu/14/../../../x86_64-linux-gnu/Scrt1.o

.gnu.version_r  0x00000000000005c8       0x40
 *(.gnu.version_r)
 .gnu.version_r
                0x00000000000005c8       0x40 /usr/lib/gcc/x86_64-linux-gnu/14/../../../x86_64-linux-gnu/Scrt1.o

.rela.dyn       0x0000000000000608      0x318
 *(.rela.init)
 *(.rela.text .rela.text.* .rela.gnu.linkonce.t.*)
 .rela.text.Check.part.0
                0x0000000000000608        0x0 /usr/lib/gcc/x86_64-linux-gnu/14/../../../x86_64-linux-gnu/Scrt1.o
 *(.rela.fini)
 *(.rela.rodata .rela.rodata.* .rela.gnu.linkonce.r.*)
 *(.rela.data .rela.data.* .rela.gnu.linkonce.d.*)
 .rela.data.rel.ro
                0x0000000000000608        0x0 /usr/lib/gcc/x86_64-linux-gnu/14/../../../x86_64-linux-gnu/Scrt1.o
 .rela.data.rel.local
                0x0000000000000608       0x18 /usr/lib/gcc/x86_64-linux-gnu/14/../../../x86_64-linux-gnu/Scrt1.o
 .rela.data.rel.ro.local
                0x0000000000000620       0x18 /usr/lib/gcc/x86_64-linux-gnu/14/../../../x86_64-linux-gnu/Scrt1.o
 .rela.data.rel.ro.local.g_reference_config
                0x0000000000000638       0x60 /usr/lib/gcc/x86_64-linux-gnu/14/../../../x86_64-linux-gnu/Scrt1.o
 .rela.data.rel.ro.local.g_export_ops
                0x0000000000000698       0x90 /usr/lib/gcc/x86_64-linux-gnu/14/../../../x86_64-linux-gnu/Scrt1.o
 .rela.data.rel.ro.local.g_persistent_export_ops
                0x0000000000000728       0x60 /usr/lib/gcc/x86_64-linux-gnu/14/../../../x86_64-linux-gnu/Scrt1.o
 .rela.data.rel.ro.local.g_persistence_ops
                0x0000000000000788       0x18 /usr/lib/gcc/x86_64-linux-gnu/14/../../../x86_64-linux-gnu/Scrt1.o
 .rela.data.rel.ro.local.g_platform_ops
                0x00000000000007a0       0xc0 /usr/lib/gcc/x86_64-linux-gnu/14/../../../x86_64-linux-gnu/Scrt1.o
 *(.rela.tdata .rela.tdata.* .rela.gnu.linkonce.td.*)
 *(.rela.tbss .rela.tbss.* .rela.gnu.linkonce.tb.*)
 *(.rela.ctors)
 *(.rela.dtors)
 *(.rela.got)
 .rela.got      0x0000000000000860       0x78 /usr/lib/gcc/x86_64-linux-gnu/14/../../../x86_64-linux-gnu/Scrt1.o
 *(.rela.bss .rela.bss.* .rela.gnu.linkonce.b.*)
 .rela.bss      0x00000000000008d8       0x18 /usr/lib/gcc/x86_64-linux-gnu/14/../../../x86_64-linux-gnu/Scrt1.o
 *(.rela.ldata .rela.ldata.* .rela.gnu.linkonce.l.*)
 *(.rela.lbss .rela.lbss.* .rela.gnu.linkonce.lb.*)
 *(.rela.lrodata .rela.lrodata.* .rela.gnu.linkonce.lr.*)
 *(.rela.ifunc)
 .rela.ifunc    0x00000000000008f0        0x0 /usr/lib/gcc/x86_64-linux-gnu/14/../../../x86_64-linux-gnu/Scrt1.o
 .rela.fini_array
                0x00000000000008f0       0x18 /usr/lib/gcc/x86_64-linux-gnu/14/../../../x86_64-linux-gnu/Scrt1.o
 .rela.init_array
                0x0000000000000908       0x18 /usr/lib/gcc/x86_64-linux-gnu/14/../../../x86_64-linux-gnu/Scrt1.o

.rela.plt       0x0000000000000920       0x78
 *(.rela.plt)
 .rela.plt      0x0000000000000920       0x78 /usr/lib/gcc/x86_64-linux-gnu/14/../../../x86_64-linux-gnu/Scrt1.o
 *(.rela.iplt)

.relr.dyn
 *(.relr.dyn)
                0x0000000000001000                . = ALIGN (CONSTANT (MAXPAGESIZE))

.init           0x0000000000001000       0x17
 *(SORT_NONE(.init))
 .init          0x0000000000001000       0x12 /usr/lib/gcc/x86_64-linux-gnu/14/../../../x86_64-linux-gnu/crti.o
                0x0000000000001000                _init
 .init          0x0000000000001012        0x5 /usr/lib/gcc/x86_64-linux-gnu/14/../../../x86_64-linux-gnu/crtn.o

.plt            0x0000000000001020       0x60
 *(.plt)
 .plt           0x0000000000001020       0x60 /usr/lib/gcc/x86_64-linux-gnu/14/../../../x86_64-linux-gnu/Scrt1.o
                0x0000000000001030                printf@@GLIBC_2.2.5
                0x0000000000001040                memset@@GLIBC_2.2.5
                0x0000000000001050                memcmp@@GLIBC_2.2.5
                0x0000000000001060                fprintf@@GLIBC_2.2.5
                0x0000000000001070                memcpy@@GLIBC_2.14
 *(.iplt)

.plt.got        0x0000000000001080        0x8
 *(.plt.got)
 .plt.got       0x0000000000001080        0x8 /usr/lib/gcc/x86_64-linux-gnu/14/../../../x86_64-linux-gnu/Scrt1.o
                0x0000000000001080                __cxa_finalize@@GLIBC_2.2.5

.plt.sec
 *(.plt.sec)

.text           0x00000000000010a0     0x3036
 *(.text.unlikely .text.*_unlikely .text.unlikely.*)
 *(.text.exit .text.exit.*)
 *(.text.startup .text.startup.*)
 .text.startup.main
                0x00000000000010a0      0x35a /tmp/ccFw2D2F.o
                0x00000000000010a0                main
 *(.text.hot .text.hot.*)
 *(SORT_BY_NAME(.text.sorted.*))
 *(.text .stub .text.* .gnu.linkonce.t.*)
 *fill*         0x00000000000013fa        0x6 
 .text          0x0000000000001400       0x22 /usr/lib/gcc/x86_64-linux-gnu/14/../../../x86_64-linux-gnu/Scrt1.o
                0x0000000000001400                _start
 .text          0x0000000000001422        0x0 /usr/lib/gcc/x86_64-linux-gnu/14/../../../x86_64-linux-gnu/crti.o
 *fill*         0x0000000000001422        0xe 
 .text          0x0000000000001430       0xb9 /usr/lib/gcc/x86_64-linux-gnu/14/crtbeginS.o
 .text          0x00000000000014e9        0x0 /tmp/ccWwMj4c.o
 *fill*         0x00000000000014e9        0x7 
 .text.IR_EarlyInit.part.0
                0x00000000000014f0      0x19c /tmp/ccWwMj4c.o
 *fill*         0x000000000000168c        0x4 
 .text.IR_InternalWriteRecord
                0x0000000000001690      0x4b8 /tmp/ccWwMj4c.o
 *fill*         0x0000000000001b48        0x8 
 .text.IR_InternalFirstAbnormal
                0x0000000000001b50      0x32e /tmp/ccWwMj4c.o
 *fill*         0x0000000000001e7e        0x2 
 .text.IR_InternalTimestamp
                0x0000000000001e80       0x23 /tmp/ccWwMj4c.o
                0x0000000000001e80                IR_InternalTimestamp
 *fill*         0x0000000000001ea3        0xd 
 .text.IR_InternalEnterCritical
                0x0000000000001eb0       0x23 /tmp/ccWwMj4c.o
                0x0000000000001eb0                IR_InternalEnterCritical
 *fill*         0x0000000000001ed3        0xd 
 .text.IR_InternalExitCritical
                0x0000000000001ee0       0x21 /tmp/ccWwMj4c.o
                0x0000000000001ee0                IR_InternalExitCritical
 *fill*         0x0000000000001f01        0xf 
 .text.IR_InternalPublishBarrier
                0x0000000000001f10       0x21 /tmp/ccWwMj4c.o
                0x0000000000001f10                IR_InternalPublishBarrier
 *fill*         0x0000000000001f31        0xf 
 .text.IR_InternalSetHealth
                0x0000000000001f40       0xbd /tmp/ccWwMj4c.o
                0x0000000000001f40                IR_InternalSetHealth
 *fill*         0x0000000000001ffd        0x3 
 .text.IR_InternalSaturatingIncrement
                0x0000000000002000       0x12 /tmp/ccWwMj4c.o
                0x0000000000002000                IR_InternalSaturatingIncrement
 *fill*         0x0000000000002012        0xe 
 .text.IR_InternalBeginFreshEpoch
                0x0000000000002020       0xa9 /tmp/ccWwMj4c.o
                0x0000000000002020                IR_InternalBeginFreshEpoch
 *fill*         0x00000000000020c9        0x7 
 .text.IR_EarlyInit
                0x00000000000020d0       0x59 /tmp/ccWwMj4c.o
                0x00000000000020d0                IR_EarlyInit
 *fill*         0x0000000000002129        0x7 
 .text.IR_Init  0x0000000000002130       0xe9 /tmp/ccWwMj4c.o
                0x0000000000002130                IR_Init
 *fill*         0x0000000000002219        0x7 
 .text.IR_SystemStable
                0x0000000000002220       0x9d /tmp/ccWwMj4c.o
                0x0000000000002220                IR_SystemStable
 *fill*         0x00000000000022bd        0x3 
 .text.IR_EventTask
                0x00000000000022c0       0x2a /tmp/ccWwMj4c.o
                0x00000000000022c0                IR_EventTask
 *fill*         0x00000000000022ea        0x6 
 .text.IR_EventIsr
                0x00000000000022f0       0x30 /tmp/ccWwMj4c.o
                0x00000000000022f0                IR_EventIsr
 .text.IR_FirstAbnormalTask
                0x0000000000002320       0x14 /tmp/ccWwMj4c.o
                0x0000000000002320                IR_FirstAbnormalTask
 *fill*         0x0000000000002334        0xc 
 .text.IR_FirstAbnormalIsr
                0x0000000000002340       0x17 /tmp/ccWwMj4c.o
                0x0000000000002340                IR_FirstAbnormalIsr
 *fill*         0x0000000000002357        0x9 
 .text.IR_FatalCapture
                0x0000000000002360       0xd1 /tmp/ccWwMj4c.o
                0x0000000000002360                IR_FatalCapture
 *fill*         0x0000000000002431        0xf 
 .text.IR_GetStatus
                0x0000000000002440      0x147 /tmp/ccWwMj4c.o
                0x0000000000002440                IR_GetStatus
 .text          0x0000000000002587        0x0 /tmp/ccWQYWJz.o
 *fill*         0x0000000000002587        0x9 
 .text.IR_ServiceResetExport
                0x0000000000002590       0x4a /tmp/ccWQYWJz.o
 *fill*         0x00000000000025da        0x6 
 .text.IR_ServiceReadIsrRecord
                0x00000000000025e0       0xa6 /tmp/ccWQYWJz.o
 *fill*         0x0000000000002686        0xa 
 .text.IR_ServiceReadTaskRecord
                0x0000000000002690       0xae /tmp/ccWQYWJz.o
 *fill*         0x000000000000273e        0x2 
 .text.IR_InternalQueueDevelopmentTrace
                0x0000000000002740        0x1 /tmp/ccWQYWJz.o
                0x0000000000002740                IR_InternalQueueDevelopmentTrace
 *fill*         0x0000000000002741        0xf 
 .text.IR_InternalPopDevelopmentTrace
                0x0000000000002750        0x3 /tmp/ccWQYWJz.o
                0x0000000000002750                IR_InternalPopDevelopmentTrace
 *fill*         0x0000000000002753        0xd 
 .text.IR_ServiceRequestExport
                0x0000000000002760       0x22 /tmp/ccWQYWJz.o
                0x0000000000002760                IR_ServiceRequestExport
 *fill*         0x0000000000002782        0xe 
 .text.IR_ServiceProcess
                0x0000000000002790      0x75a /tmp/ccWQYWJz.o
                0x0000000000002790                IR_ServiceProcess
 .text          0x0000000000002eea        0x0 /tmp/ccLRTwOu.o
 *fill*         0x0000000000002eea        0x6 
 .text.RefExportAvailable
                0x0000000000002ef0        0x6 /tmp/ccLRTwOu.o
 *fill*         0x0000000000002ef6        0xa 
 .text.RefExportEnd
                0x0000000000002f00       0x13 /tmp/ccLRTwOu.o
 *fill*         0x0000000000002f13        0xd 
 .text.RefExportAbort
                0x0000000000002f20       0x1f /tmp/ccLRTwOu.o
 *fill*         0x0000000000002f3f        0x1 
 .text.RefGetTimestamp
                0x0000000000002f40       0x10 /tmp/ccLRTwOu.o
 .text.RefGetResetCause
                0x0000000000002f50        0x6 /tmp/ccLRTwOu.o
 *fill*         0x0000000000002f56        0xa 
 .text.RefGetContextType
                0x0000000000002f60        0x3 /tmp/ccLRTwOu.o
 *fill*         0x0000000000002f63        0xd 
 .text.RefEnterCritical
                0x0000000000002f70        0x3 /tmp/ccLRTwOu.o
 *fill*         0x0000000000002f73        0xd 
 .text.RefExitCritical
                0x0000000000002f80        0x1 /tmp/ccLRTwOu.o
 *fill*         0x0000000000002f81        0xf 
 .text.RefTryClaimU32
                0x0000000000002f90       0x13 /tmp/ccLRTwOu.o
 *fill*         0x0000000000002fa3        0xd 
 .text.RefExportWrite
                0x0000000000002fb0       0x6e /tmp/ccLRTwOu.o
 *fill*         0x000000000000301e        0x2 
 .text.RefPublishBarrier
                0x0000000000003020        0x1 /tmp/ccLRTwOu.o
 *fill*         0x0000000000003021       0x1f 
 .text.RefCrc32.part.0
                0x0000000000003040       0x44 /tmp/ccLRTwOu.o
 *fill*         0x0000000000003084        0xc 
 .text.RefPutU32.constprop.0
                0x0000000000003090       0x4f /tmp/ccLRTwOu.o
 *fill*         0x00000000000030df        0x1 
 .text.RefPutU16.constprop.0
                0x00000000000030e0       0x34 /tmp/ccLRTwOu.o
 *fill*         0x0000000000003114        0xc 
 .text.RefGetContextId
                0x0000000000003120        0x6 /tmp/ccLRTwOu.o
 *fill*         0x0000000000003126       0x1a 
 .text.RefSlotValid
                0x0000000000003140       0x91 /tmp/ccLRTwOu.o
 *fill*         0x00000000000031d1        0xf 
 .text.RefRecoverSlots
                0x00000000000031e0       0x96 /tmp/ccLRTwOu.o
 *fill*         0x0000000000003276        0xa 
 .text.RefPersistentReadPayload
                0x0000000000003280       0x9a /tmp/ccLRTwOu.o
 *fill*         0x000000000000331a        0x6 
 .text.RefFindPendingOldest
                0x0000000000003320       0x6d /tmp/ccLRTwOu.o
 *fill*         0x000000000000338d        0x3 
 .text.RefPersistentReadMeta
                0x0000000000003390       0x4e /tmp/ccLRTwOu.o
 *fill*         0x00000000000033de        0x2 
 .text.RefPersistentHasPending
                0x00000000000033e0       0x14 /tmp/ccLRTwOu.o
 *fill*         0x00000000000033f4        0xc 
 .text.RefPersistentMarkExported
                0x0000000000003400       0x68 /tmp/ccLRTwOu.o
 *fill*         0x0000000000003468        0x8 
 .text.RefExportVerify
                0x0000000000003470       0x72 /tmp/ccLRTwOu.o
 *fill*         0x00000000000034e2        0xe 
 .text.RefExportBegin
                0x00000000000034f0       0xa2 /tmp/ccLRTwOu.o
 *fill*         0x0000000000003592        0xe 
 .text.RefPutRuntimeRecord.constprop.0
                0x00000000000035a0      0x11a /tmp/ccLRTwOu.o
 *fill*         0x00000000000036ba        0x6 
 .text.RefPersist
                0x00000000000036c0      0x700 /tmp/ccLRTwOu.o
 .text.IR_ProjectConfig
                0x0000000000003dc0        0x8 /tmp/ccLRTwOu.o
                0x0000000000003dc0                IR_ProjectConfig
 *fill*         0x0000000000003dc8        0x8 
 .text.IR_ReferencePersistedBytes
                0x0000000000003dd0       0x65 /tmp/ccLRTwOu.o
                0x0000000000003dd0                IR_ReferencePersistedBytes
 *fill*         0x0000000000003e35        0xb 
 .text.IR_ReferenceExportedBytes
                0x0000000000003e40        0x7 /tmp/ccLRTwOu.o
                0x0000000000003e40                IR_ReferenceExportedBytes
 *fill*         0x0000000000003e47        0x9 
 .text.IR_ReferenceContinuousTraceRecords
                0x0000000000003e50        0x3 /tmp/ccLRTwOu.o
                0x0000000000003e50                IR_ReferenceContinuousTraceRecords
 *fill*         0x0000000000003e53        0xd 
 .text.IR_ReferenceExportMatchesPersistence
                0x0000000000003e60       0x64 /tmp/ccLRTwOu.o
                0x0000000000003e60                IR_ReferenceExportMatchesPersistence
 *fill*         0x0000000000003ec4        0xc 
 .text.IR_ReferenceHasPendingPersistentEvidence
                0x0000000000003ed0       0x14 /tmp/ccLRTwOu.o
                0x0000000000003ed0                IR_ReferenceHasPendingPersistentEvidence
 *fill*         0x0000000000003ee4        0xc 
 .text.IR_ReferencePendingPersistentCount
                0x0000000000003ef0       0x51 /tmp/ccLRTwOu.o
                0x0000000000003ef0                IR_ReferencePendingPersistentCount
 *fill*         0x0000000000003f41        0xf 
 .text.IR_ReferenceLastPersistedRecordId
                0x0000000000003f50        0x7 /tmp/ccLRTwOu.o
                0x0000000000003f50                IR_ReferenceLastPersistedRecordId
 *fill*         0x0000000000003f57        0x9 
 .text.IR_ReferenceReadPersistentByte
                0x0000000000003f60       0x6f /tmp/ccLRTwOu.o
                0x0000000000003f60                IR_ReferenceReadPersistentByte
 *fill*         0x0000000000003fcf        0x1 
 .text.IR_ReferenceSetPersistFailureStep
                0x0000000000003fd0        0x7 /tmp/ccLRTwOu.o
                0x0000000000003fd0                IR_ReferenceSetPersistFailureStep
 *fill*         0x0000000000003fd7        0x9 
 .text.IR_ReferenceEnablePersistPauseInjection
                0x0000000000003fe0        0x8 /tmp/ccLRTwOu.o
                0x0000000000003fe0                IR_ReferenceEnablePersistPauseInjection
 *fill*         0x0000000000003fe8        0x8 
 .text.IR_ReferenceSimulateRecovery
                0x0000000000003ff0        0x5 /tmp/ccLRTwOu.o
                0x0000000000003ff0                IR_ReferenceSimulateRecovery
 *fill*         0x0000000000003ff5        0xb 
 .text.IR_ReferenceSimulateRestart
                0x0000000000004000       0x24 /tmp/ccLRTwOu.o
                0x0000000000004000                IR_ReferenceSimulateRestart
 *fill*         0x0000000000004024        0xc 
 .text.IR_ReferenceResetPersistentStore
                0x0000000000004030       0x76 /tmp/ccLRTwOu.o
                0x0000000000004030                IR_ReferenceResetPersistentStore
 .text          0x00000000000040a6        0x0 /tmp/ccFw2D2F.o
 *fill*         0x00000000000040a6        0xa 
 .text.Check.part.0
                0x00000000000040b0       0x26 /tmp/ccFw2D2F.o
 .text          0x00000000000040d6        0x0 /usr/lib/gcc/x86_64-linux-gnu/14/crtendS.o
 .text          0x00000000000040d6        0x0 /usr/lib/gcc/x86_64-linux-gnu/14/../../../x86_64-linux-gnu/crtn.o
 *(.gnu.warning)

.fini           0x00000000000040d8        0x9
 *(SORT_NONE(.fini))
 .fini          0x00000000000040d8        0x4 /usr/lib/gcc/x86_64-linux-gnu/14/../../../x86_64-linux-gnu/crti.o
                0x00000000000040d8                _fini
 .fini          0x00000000000040dc        0x5 /usr/lib/gcc/x86_64-linux-gnu/14/../../../x86_64-linux-gnu/crtn.o
                [!provide]                        PROVIDE (__etext = .)
                [!provide]                        PROVIDE (_etext = .)
                [!provide]                        PROVIDE (etext = .)
                0x0000000000005000                . = ALIGN (CONSTANT (MAXPAGESIZE))
                0x0000000000005000                . = SEGMENT_START ("rodata-segment", (ALIGN (CONSTANT (MAXPAGESIZE)) + (. & (CONSTANT (MAXPAGESIZE) - 0x1))))

.rodata         0x0000000000005000      0x240
 *(.rodata .rodata.* .gnu.linkonce.r.*)
 .rodata.cst4   0x0000000000005000        0x4 /usr/lib/gcc/x86_64-linux-gnu/14/../../../x86_64-linux-gnu/Scrt1.o
                0x0000000000005000                _IO_stdin_used
 *fill*         0x0000000000005004        0x4 
 .rodata.cst8   0x0000000000005008        0x8 /tmp/ccLRTwOu.o
 .rodata.Check.part.0.str1.1
                0x0000000000005010       0xc9 /tmp/ccFw2D2F.o
                                          0xa (size before relaxing)
 .rodata.main.str1.1
                0x00000000000050d9       0xbf /tmp/ccFw2D2F.o
 *fill*         0x00000000000050d9        0x7 
 .rodata.main.str1.8
                0x00000000000050e0      0x146 /tmp/ccFw2D2F.o
 *fill*         0x0000000000005226        0xa 
 .rodata.cst16  0x0000000000005230       0x10 /tmp/ccFw2D2F.o

.rodata1
 *(.rodata1)

.eh_frame_hdr   0x0000000000005240      0x244
 *(.eh_frame_hdr)
 .eh_frame_hdr  0x0000000000005240      0x244 /usr/lib/gcc/x86_64-linux-gnu/14/../../../x86_64-linux-gnu/Scrt1.o
                0x0000000000005240                __GNU_EH_FRAME_HDR
 *(.eh_frame_entry .eh_frame_entry.*)

.eh_frame       0x0000000000005488      0x934
 *(.eh_frame)
 .eh_frame      0x0000000000005488       0x30 /usr/lib/gcc/x86_64-linux-gnu/14/../../../x86_64-linux-gnu/Scrt1.o
                                         0x2c (size before relaxing)
 *fill*         0x00000000000054b8        0x0 
 .eh_frame      0x00000000000054b8       0x40 /usr/lib/gcc/x86_64-linux-gnu/14/../../../x86_64-linux-gnu/Scrt1.o
 .eh_frame      0x00000000000054f8       0x18 /usr/lib/gcc/x86_64-linux-gnu/14/../../../x86_64-linux-gnu/Scrt1.o
                                         0x30 (size before relaxing)
 .eh_frame      0x0000000000005510      0x278 /tmp/ccWwMj4c.o
                                        0x290 (size before relaxing)
 .eh_frame      0x0000000000005788      0x138 /tmp/ccWQYWJz.o
                                        0x150 (size before relaxing)
 .eh_frame      0x00000000000058c0      0x498 /tmp/ccLRTwOu.o
                                        0x4b0 (size before relaxing)
 .eh_frame      0x0000000000005d58       0x60 /tmp/ccFw2D2F.o
                                         0x78 (size before relaxing)
 .eh_frame      0x0000000000005db8        0x4 /usr/lib/gcc/x86_64-linux-gnu/14/crtendS.o
 *(.eh_frame.*)

.sframe         0x0000000000005dbc        0x0
 *(.sframe)
 .sframe        0x0000000000005dbc        0x0 /usr/lib/gcc/x86_64-linux-gnu/14/../../../x86_64-linux-gnu/Scrt1.o
 .sframe        0x0000000000005dbc        0x0 /usr/lib/gcc/x86_64-linux-gnu/14/../../../x86_64-linux-gnu/Scrt1.o
 *(.sframe.*)

.gcc_except_table
 *(.gcc_except_table .gcc_except_table.*)

.gnu_extab
 *(.gnu_extab*)

.exception_ranges
 *(.exception_ranges*)

.note.build-id
 *(.note.build-id)

.note.GNU-stack
                0x0000000000005dbc        0x0
 *(.note.GNU-stack)
 .note.GNU-stack
                0x0000000000005dbc        0x0 /usr/lib/gcc/x86_64-linux-gnu/14/../../../x86_64-linux-gnu/Scrt1.o
 .note.GNU-stack
                0x0000000000005dbc        0x0 /usr/lib/gcc/x86_64-linux-gnu/14/../../../x86_64-linux-gnu/crti.o
 .note.GNU-stack
                0x0000000000005dbc        0x0 /usr/lib/gcc/x86_64-linux-gnu/14/crtbeginS.o
 .note.GNU-stack
                0x0000000000005dbc        0x0 /tmp/ccWwMj4c.o
 .note.GNU-stack
                0x0000000000005dbc        0x0 /tmp/ccWQYWJz.o
 .note.GNU-stack
                0x0000000000005dbc        0x0 /tmp/ccLRTwOu.o
 .note.GNU-stack
                0x0000000000005dbc        0x0 /tmp/ccFw2D2F.o
 .note.GNU-stack
                0x0000000000005dbc        0x0 /usr/lib/gcc/x86_64-linux-gnu/14/crtendS.o
 .note.GNU-stack
                0x0000000000005dbc        0x0 /usr/lib/gcc/x86_64-linux-gnu/14/../../../x86_64-linux-gnu/crtn.o

.note.gnu-property
 *(.note.gnu-property)

.note.ABI-tag   0x0000000000005dbc       0x20
 *(.note.ABI-tag)
 .note.ABI-tag  0x0000000000005dbc       0x20 /usr/lib/gcc/x86_64-linux-gnu/14/../../../x86_64-linux-gnu/Scrt1.o

.note.package
 *(.note.package)

.note.dlopen
 *(.note.dlopen)

.note.netbsd.ident
 *(.note.netbsd.ident)

.note.openbsd.ident
 *(.note.openbsd.ident)
                0x0000000000006cb0                . = DATA_SEGMENT_ALIGN (CONSTANT (MAXPAGESIZE), CONSTANT (COMMONPAGESIZE))

.eh_frame
 *(.eh_frame)
 *(.eh_frame.*)

.sframe
 *(.sframe)
 *(.sframe.*)

.gnu_extab
 *(.gnu_extab)

.gcc_except_table
 *(.gcc_except_table .gcc_except_table.*)

.exception_ranges
 *(.exception_ranges*)

.tdata          0x0000000000006cb0        0x0
                [!provide]                        PROVIDE (__tdata_start = .)
 *(.tdata .tdata.* .gnu.linkonce.td.*)

.tbss
 *(.tbss .tbss.* .gnu.linkonce.tb.*)
 *(.tcommon)

.preinit_array  0x0000000000006cb0        0x0
                [!provide]                        PROVIDE (__preinit_array_start = .)
 *(.preinit_array)
                [!provide]                        PROVIDE (__preinit_array_end = .)

.init_array     0x0000000000006cb0        0x8
                [!provide]                        PROVIDE (__init_array_start = .)
 *(SORT_BY_INIT_PRIORITY(.init_array.*) SORT_BY_INIT_PRIORITY(.ctors.*))
 *(.init_array EXCLUDE_FILE(*crtend?.o *crtend.o *crtbegin?.o *crtbegin.o) .ctors)
 .init_array    0x0000000000006cb0        0x8 /usr/lib/gcc/x86_64-linux-gnu/14/crtbeginS.o
                [!provide]                        PROVIDE (__init_array_end = .)

.fini_array     0x0000000000006cb8        0x8
                [!provide]                        PROVIDE (__fini_array_start = .)
 *(SORT_BY_INIT_PRIORITY(.fini_array.*) SORT_BY_INIT_PRIORITY(.dtors.*))
 *(.fini_array EXCLUDE_FILE(*crtend?.o *crtend.o *crtbegin?.o *crtbegin.o) .dtors)
 .fini_array    0x0000000000006cb8        0x8 /usr/lib/gcc/x86_64-linux-gnu/14/crtbeginS.o
                [!provide]                        PROVIDE (__fini_array_end = .)

.ctors
 *crtbegin.o(.ctors)
 *crtbegin?.o(.ctors)
 *(EXCLUDE_FILE(*crtend?.o *crtend.o) .ctors)
 *(SORT_BY_NAME(.ctors.*))
 *(.ctors)

.dtors
 *crtbegin.o(.dtors)
 *crtbegin?.o(.dtors)
 *(EXCLUDE_FILE(*crtend?.o *crtend.o) .dtors)
 *(SORT_BY_NAME(.dtors.*))
 *(.dtors)

.jcr
 *(.jcr)

.data.rel.ro    0x0000000000006cc0      0x120
 *(.data.rel.ro.local* .gnu.linkonce.d.rel.ro.local.*)
 .data.rel.ro.local
                0x0000000000006cc0        0x8 /tmp/ccWQYWJz.o
 *fill*         0x0000000000006cc8       0x18 
 .data.rel.ro.local.g_reference_config
                0x0000000000006ce0       0x28 /tmp/ccLRTwOu.o
 *fill*         0x0000000000006d08       0x18 
 .data.rel.ro.local.g_export_ops
                0x0000000000006d20       0x30 /tmp/ccLRTwOu.o
 *fill*         0x0000000000006d50       0x10 
 .data.rel.ro.local.g_persistent_export_ops
                0x0000000000006d60       0x20 /tmp/ccLRTwOu.o
 .data.rel.ro.local.g_persistence_ops
                0x0000000000006d80        0x8 /tmp/ccLRTwOu.o
 *fill*         0x0000000000006d88       0x18 
 .data.rel.ro.local.g_platform_ops
                0x0000000000006da0       0x40 /tmp/ccLRTwOu.o
 *(.data.rel.ro .data.rel.ro.* .gnu.linkonce.d.rel.ro.*)
 .data.rel.ro   0x0000000000006de0        0x0 /usr/lib/gcc/x86_64-linux-gnu/14/../../../x86_64-linux-gnu/Scrt1.o

.dynamic        0x0000000000006de0      0x1e0
 *(.dynamic)
 .dynamic       0x0000000000006de0      0x1e0 /usr/lib/gcc/x86_64-linux-gnu/14/../../../x86_64-linux-gnu/Scrt1.o
                0x0000000000006de0                _DYNAMIC

.got            0x0000000000006fc0       0x28
 *(.got)
 .got           0x0000000000006fc0       0x28 /usr/lib/gcc/x86_64-linux-gnu/14/../../../x86_64-linux-gnu/Scrt1.o
 *(.igot)
                0x0000000000006fe8                . = DATA_SEGMENT_RELRO_END (., (SIZEOF (.got.plt) >= 0x18)?0x18:0x0)

.got.plt        0x0000000000006fe8       0x40
 *(.got.plt)
 .got.plt       0x0000000000006fe8       0x40 /usr/lib/gcc/x86_64-linux-gnu/14/../../../x86_64-linux-gnu/Scrt1.o
                0x0000000000006fe8                _GLOBAL_OFFSET_TABLE_
 *(.igot.plt)

.data           0x0000000000007028       0x10
 *(.data .data.* .gnu.linkonce.d.*)
 .data          0x0000000000007028        0x4 /usr/lib/gcc/x86_64-linux-gnu/14/../../../x86_64-linux-gnu/Scrt1.o
                0x0000000000007028                data_start
                0x0000000000007028                __data_start
 .data          0x000000000000702c        0x0 /usr/lib/gcc/x86_64-linux-gnu/14/../../../x86_64-linux-gnu/crti.o
 .data          0x000000000000702c        0x0 /usr/lib/gcc/x86_64-linux-gnu/14/crtbeginS.o
 *fill*         0x000000000000702c        0x4 
 .data.rel.local
                0x0000000000007030        0x8 /usr/lib/gcc/x86_64-linux-gnu/14/crtbeginS.o
                0x0000000000007030                __dso_handle
 .data          0x0000000000007038        0x0 /tmp/ccWwMj4c.o
 .data          0x0000000000007038        0x0 /tmp/ccWQYWJz.o
 .data          0x0000000000007038        0x0 /tmp/ccLRTwOu.o
 .data          0x0000000000007038        0x0 /tmp/ccFw2D2F.o
 .data          0x0000000000007038        0x0 /usr/lib/gcc/x86_64-linux-gnu/14/crtendS.o
 .data          0x0000000000007038        0x0 /usr/lib/gcc/x86_64-linux-gnu/14/../../../x86_64-linux-gnu/crtn.o

.tm_clone_table
                0x0000000000007038        0x0
 .tm_clone_table
                0x0000000000007038        0x0 /usr/lib/gcc/x86_64-linux-gnu/14/crtbeginS.o
 .tm_clone_table
                0x0000000000007038        0x0 /usr/lib/gcc/x86_64-linux-gnu/14/crtendS.o

.incident_ram   0x0000000000007038     0x27f4
 .incident_ram  0x0000000000007038     0x27f4 /tmp/ccWwMj4c.o
                0x0000000000007038                g_ir_retained

.data1
 *(.data1)
                0x000000000000982c                _edata = .
                [!provide]                        PROVIDE (edata = .)
                0x0000000000009830                . = ALIGN (ALIGNOF (NEXT_SECTION))
                0x0000000000009840                __bss_start = .

.bss            0x0000000000009840    0x100f0
 *(.dynbss)
 .dynbss        0x0000000000009840        0x8 /usr/lib/gcc/x86_64-linux-gnu/14/../../../x86_64-linux-gnu/Scrt1.o
                0x0000000000009840                stderr@@GLIBC_2.2.5
 *(.bss .bss.* .gnu.linkonce.b.*)
 .bss           0x0000000000009848        0x0 /usr/lib/gcc/x86_64-linux-gnu/14/../../../x86_64-linux-gnu/Scrt1.o
 .bss           0x0000000000009848        0x0 /usr/lib/gcc/x86_64-linux-gnu/14/../../../x86_64-linux-gnu/crti.o
 .bss           0x0000000000009848        0x1 /usr/lib/gcc/x86_64-linux-gnu/14/crtbeginS.o
 .bss           0x0000000000009849        0x0 /tmp/ccWwMj4c.o
 *fill*         0x0000000000009849       0x17 
 .bss.g_ir_runtime
                0x0000000000009860       0x38 /tmp/ccWwMj4c.o
                0x0000000000009860                g_ir_runtime
 .bss           0x0000000000009898        0x0 /tmp/ccWQYWJz.o
 .bss           0x0000000000009898        0x0 /tmp/ccLRTwOu.o
 .bss.g_timestamp
                0x0000000000009898        0x4 /tmp/ccLRTwOu.o
 .bss.g_export_record_id
                0x000000000000989c        0x4 /tmp/ccLRTwOu.o
 .bss.g_export_expected_length
                0x00000000000098a0        0x4 /tmp/ccLRTwOu.o
 .bss.g_exported_length
                0x00000000000098a4        0x4 /tmp/ccLRTwOu.o
 *fill*         0x00000000000098a8       0x18 
 .bss.g_exported
                0x00000000000098c0     0x4000 /tmp/ccLRTwOu.o
 .bss.g_pause_injection_enabled
                0x000000000000d8c0        0x1 /tmp/ccLRTwOu.o
 *fill*         0x000000000000d8c1        0x3 
 .bss.g_persist_failure_step
                0x000000000000d8c4        0x4 /tmp/ccLRTwOu.o
 .bss.g_last_persisted_record_id
                0x000000000000d8c8        0x4 /tmp/ccLRTwOu.o
 .bss.g_next_record_id
                0x000000000000d8cc        0x4 /tmp/ccLRTwOu.o
 .bss.g_next_generation
                0x000000000000d8d0        0x8 /tmp/ccLRTwOu.o
 *fill*         0x000000000000d8d8        0x8 
 .bss.g_staging
                0x000000000000d8e0     0x4000 /tmp/ccLRTwOu.o
 .bss.g_slots   0x00000000000118e0     0x8050 /tmp/ccLRTwOu.o
 .bss           0x0000000000019930        0x0 /tmp/ccFw2D2F.o
 .bss           0x0000000000019930        0x0 /usr/lib/gcc/x86_64-linux-gnu/14/crtendS.o
 .bss           0x0000000000019930        0x0 /usr/lib/gcc/x86_64-linux-gnu/14/../../../x86_64-linux-gnu/crtn.o
 *(COMMON)
                0x0000000000019930                . = ALIGN ((. != 0x0)?0x8:0x1)

.lbss
 *(.dynlbss)
 *(.lbss .lbss.* .gnu.linkonce.lb.*)
 *(LARGE_COMMON)
                0x0000000000019930                . = ALIGN (0x8)
                0x0000000000019930                . = SEGMENT_START ("ldata-segment", .)

.lrodata
 *(.lrodata .lrodata.* .gnu.linkonce.lr.*)

.ldata          0x000000000001b930        0x0
 *(.ldata .ldata.* .gnu.linkonce.l.*)
                0x000000000001b930                . = ALIGN ((. != 0x0)?0x8:0x1)
                0x000000000001b930                . = ALIGN (0x8)
                0x0000000000019930                _end = .
                [!provide]                        PROVIDE (end = .)
                0x000000000001b930                . = DATA_SEGMENT_END (.)

.stab
 *(.stab)

.stabstr
 *(.stabstr)

.stab.excl
 *(.stab.excl)

.stab.exclstr
 *(.stab.exclstr)

.stab.index
 *(.stab.index)

.stab.indexstr
 *(.stab.indexstr)

.comment        0x0000000000000000       0x1f
 *(.comment)
 .comment       0x0000000000000000       0x1f /usr/lib/gcc/x86_64-linux-gnu/14/crtbeginS.o
                                         0x20 (size before relaxing)
 .comment       0x000000000000001f       0x20 /tmp/ccWwMj4c.o
 .comment       0x000000000000001f       0x20 /tmp/ccWQYWJz.o
 .comment       0x000000000000001f       0x20 /tmp/ccLRTwOu.o
 .comment       0x000000000000001f       0x20 /tmp/ccFw2D2F.o
 .comment       0x000000000000001f       0x20 /usr/lib/gcc/x86_64-linux-gnu/14/crtendS.o

.gnu.build.attributes
 *(.gnu.build.attributes .gnu.build.attributes.*)

.debug
 *(.debug)

.line
 *(.line)

.debug_srcinfo
 *(.debug_srcinfo)

.debug_sfnames
 *(.debug_sfnames)

.debug_aranges
 *(.debug_aranges)

.debug_pubnames
 *(.debug_pubnames)

.debug_info
 *(.debug_info .gnu.linkonce.wi.*)

.debug_abbrev
 *(.debug_abbrev)

.debug_line
 *(.debug_line .debug_line.* .debug_line_end)

.debug_frame
 *(.debug_frame)

.debug_str
 *(.debug_str)

.debug_loc
 *(.debug_loc)

.debug_macinfo
 *(.debug_macinfo)

.debug_weaknames
 *(.debug_weaknames)

.debug_funcnames
 *(.debug_funcnames)

.debug_typenames
 *(.debug_typenames)

.debug_varnames
 *(.debug_varnames)

.debug_pubtypes
 *(.debug_pubtypes)

.debug_ranges
 *(.debug_ranges)

.debug_addr
 *(.debug_addr)

.debug_line_str
 *(.debug_line_str)

.debug_loclists
 *(.debug_loclists)

.debug_macro
 *(.debug_macro)

.debug_names
 *(.debug_names)

.debug_rnglists
 *(.debug_rnglists)

.debug_str_offsets
 *(.debug_str_offsets)

.debug_sup
 *(.debug_sup)

.gnu.attributes
 *(.gnu.attributes)

/DISCARD/
 *(.note.GNU-stack)
 *(.gnu_debuglink)
 *(.gnu.lto_*)
 *(.gnu_object_only)
OUTPUT(./build/release/ir_reference elf64-x86-64)
