
Merging program properties

Removed property 0xc0000002 to merge /usr/lib/gcc/x86_64-linux-gnu/14/../../../x86_64-linux-gnu/Scrt1.o (not found) and /usr/lib/gcc/x86_64-linux-gnu/14/crtbeginS.o (0x3)
Removed property 0xc0000002 to merge /usr/lib/gcc/x86_64-linux-gnu/14/../../../x86_64-linux-gnu/Scrt1.o (not found) and /usr/lib/gcc/x86_64-linux-gnu/14/crtendS.o (0x3)

As-needed library included to satisfy reference by file (symbol)

libc.so.6                     /usr/lib/gcc/x86_64-linux-gnu/14/../../../x86_64-linux-gnu/Scrt1.o (__libc_start_main@@GLIBC_2.34)

Discarded input sections

 .note.gnu.property
                0x0000000000000000       0x20 /usr/lib/gcc/x86_64-linux-gnu/14/crtbeginS.o
 .note.gnu.property
                0x0000000000000000       0x20 /usr/lib/gcc/x86_64-linux-gnu/14/crtendS.o

Memory Configuration

Name             Origin             Length             Attributes
*default*        0x0000000000000000 0xffffffffffffffff

Linker script and memory map

LOAD /usr/lib/gcc/x86_64-linux-gnu/14/../../../x86_64-linux-gnu/Scrt1.o
LOAD /usr/lib/gcc/x86_64-linux-gnu/14/../../../x86_64-linux-gnu/crti.o
LOAD /usr/lib/gcc/x86_64-linux-gnu/14/crtbeginS.o
LOAD /tmp/ccD4FKHI.o
LOAD /tmp/cc49G3QW.o
LOAD /tmp/ccQJi6SO.o
LOAD /tmp/ccyNqmGh.o
LOAD /usr/lib/gcc/x86_64-linux-gnu/14/libgcc.a
LOAD /usr/lib/gcc/x86_64-linux-gnu/14/libgcc_s.so
START GROUP
LOAD /usr/lib/gcc/x86_64-linux-gnu/14/../../../x86_64-linux-gnu/libgcc_s.so.1
LOAD /usr/lib/gcc/x86_64-linux-gnu/14/libgcc.a
END GROUP
LOAD /usr/lib/gcc/x86_64-linux-gnu/14/../../../x86_64-linux-gnu/libc.so
START GROUP
LOAD /lib/x86_64-linux-gnu/libc.so.6
LOAD /usr/lib/x86_64-linux-gnu/libc_nonshared.a
LOAD /lib64/ld-linux-x86-64.so.2
END GROUP
LOAD /usr/lib/gcc/x86_64-linux-gnu/14/libgcc.a
LOAD /usr/lib/gcc/x86_64-linux-gnu/14/libgcc_s.so
START GROUP
LOAD /usr/lib/gcc/x86_64-linux-gnu/14/../../../x86_64-linux-gnu/libgcc_s.so.1
LOAD /usr/lib/gcc/x86_64-linux-gnu/14/libgcc.a
END GROUP
LOAD /usr/lib/gcc/x86_64-linux-gnu/14/crtendS.o
LOAD /usr/lib/gcc/x86_64-linux-gnu/14/../../../x86_64-linux-gnu/crtn.o
                [!provide]                        PROVIDE (__executable_start = SEGMENT_START ("text-segment", 0x0))
                0x0000000000000350                . = (SEGMENT_START ("text-segment", 0x0) + SIZEOF_HEADERS)

.note.gnu.property
                0x0000000000000350       0x20
 .note.gnu.property
                0x0000000000000350       0x20 /usr/lib/gcc/x86_64-linux-gnu/14/../../../x86_64-linux-gnu/Scrt1.o

.note.gnu.build-id
                0x0000000000000370       0x24
 *(.note.gnu.build-id)
 .note.gnu.build-id
                0x0000000000000370       0x24 /usr/lib/gcc/x86_64-linux-gnu/14/../../../x86_64-linux-gnu/Scrt1.o

.interp         0x0000000000000394       0x1c
 *(.interp)
 .interp        0x0000000000000394       0x1c /usr/lib/gcc/x86_64-linux-gnu/14/../../../x86_64-linux-gnu/Scrt1.o

.hash
 *(.hash)

.gnu.hash       0x00000000000003b0       0x28
 *(.gnu.hash)
 .gnu.hash      0x00000000000003b0       0x28 /usr/lib/gcc/x86_64-linux-gnu/14/../../../x86_64-linux-gnu/Scrt1.o

.dynsym         0x00000000000003d8      0x120
 *(.dynsym)
 .dynsym        0x00000000000003d8      0x120 /usr/lib/gcc/x86_64-linux-gnu/14/../../../x86_64-linux-gnu/Scrt1.o

.dynstr         0x00000000000004f8       0xb7
 *(.dynstr)
 .dynstr        0x00000000000004f8       0xb7 /usr/lib/gcc/x86_64-linux-gnu/14/../../../x86_64-linux-gnu/Scrt1.o

.gnu.version    0x00000000000005b0       0x18
 *(.gnu.version)
 .gnu.version   0x00000000000005b0       0x18 /usr/lib/gcc/x86_64-linux-gnu/14/../../../x86_64-linux-gnu/Scrt1.o

.gnu.version_d  0x00000000000005c8        0x0
 *(.gnu.version_d)
 .gnu.version_d
                0x00000000000005c8        0x0 /usr/lib/gcc/x86_64-linux-gnu/14/../../../x86_64-linux-gnu/Scrt1.o

.gnu.version_r  0x00000000000005c8       0x40
 *(.gnu.version_r)
 .gnu.version_r
                0x00000000000005c8       0x40 /usr/lib/gcc/x86_64-linux-gnu/14/../../../x86_64-linux-gnu/Scrt1.o

.rela.dyn       0x0000000000000608      0x2e8
 *(.rela.init)
 *(.rela.text .rela.text.* .rela.gnu.linkonce.t.*)
 .rela.text.Check.part.0
                0x0000000000000608        0x0 /usr/lib/gcc/x86_64-linux-gnu/14/../../../x86_64-linux-gnu/Scrt1.o
 *(.rela.fini)
 *(.rela.rodata .rela.rodata.* .rela.gnu.linkonce.r.*)
 *(.rela.data .rela.data.* .rela.gnu.linkonce.d.*)
 .rela.data.rel.ro
                0x0000000000000608        0x0 /usr/lib/gcc/x86_64-linux-gnu/14/../../../x86_64-linux-gnu/Scrt1.o
 .rela.data.rel.local
                0x0000000000000608       0x18 /usr/lib/gcc/x86_64-linux-gnu/14/../../../x86_64-linux-gnu/Scrt1.o
 .rela.data.rel.ro.local
                0x0000000000000620       0x18 /usr/lib/gcc/x86_64-linux-gnu/14/../../../x86_64-linux-gnu/Scrt1.o
 .rela.data.rel.ro.local.g_reference_config
                0x0000000000000638       0x60 /usr/lib/gcc/x86_64-linux-gnu/14/../../../x86_64-linux-gnu/Scrt1.o
 .rela.data.rel.ro.local.g_export_ops
                0x0000000000000698       0x90 /usr/lib/gcc/x86_64-linux-gnu/14/../../../x86_64-linux-gnu/Scrt1.o
 .rela.data.rel.ro.local.g_persistent_export_ops
                0x0000000000000728       0x60 /usr/lib/gcc/x86_64-linux-gnu/14/../../../x86_64-linux-gnu/Scrt1.o
 .rela.data.rel.ro.local.g_persistence_ops
                0x0000000000000788       0x18 /usr/lib/gcc/x86_64-linux-gnu/14/../../../x86_64-linux-gnu/Scrt1.o
 .rela.data.rel.ro.local.g_platform_ops
                0x00000000000007a0       0x90 /usr/lib/gcc/x86_64-linux-gnu/14/../../../x86_64-linux-gnu/Scrt1.o
 *(.rela.tdata .rela.tdata.* .rela.gnu.linkonce.td.*)
 *(.rela.tbss .rela.tbss.* .rela.gnu.linkonce.tb.*)
 *(.rela.ctors)
 *(.rela.dtors)
 *(.rela.got)
 .rela.got      0x0000000000000830       0x78 /usr/lib/gcc/x86_64-linux-gnu/14/../../../x86_64-linux-gnu/Scrt1.o
 *(.rela.bss .rela.bss.* .rela.gnu.linkonce.b.*)
 .rela.bss      0x00000000000008a8       0x18 /usr/lib/gcc/x86_64-linux-gnu/14/../../../x86_64-linux-gnu/Scrt1.o
 *(.rela.ldata .rela.ldata.* .rela.gnu.linkonce.l.*)
 *(.rela.lbss .rela.lbss.* .rela.gnu.linkonce.lb.*)
 *(.rela.lrodata .rela.lrodata.* .rela.gnu.linkonce.lr.*)
 *(.rela.ifunc)
 .rela.ifunc    0x00000000000008c0        0x0 /usr/lib/gcc/x86_64-linux-gnu/14/../../../x86_64-linux-gnu/Scrt1.o
 .rela.fini_array
                0x00000000000008c0       0x18 /usr/lib/gcc/x86_64-linux-gnu/14/../../../x86_64-linux-gnu/Scrt1.o
 .rela.init_array
                0x00000000000008d8       0x18 /usr/lib/gcc/x86_64-linux-gnu/14/../../../x86_64-linux-gnu/Scrt1.o

.rela.plt       0x00000000000008f0       0x78
 *(.rela.plt)
 .rela.plt      0x00000000000008f0       0x78 /usr/lib/gcc/x86_64-linux-gnu/14/../../../x86_64-linux-gnu/Scrt1.o
 *(.rela.iplt)

.relr.dyn
 *(.relr.dyn)
                0x0000000000001000                . = ALIGN (CONSTANT (MAXPAGESIZE))

.init           0x0000000000001000       0x17
 *(SORT_NONE(.init))
 .init          0x0000000000001000       0x12 /usr/lib/gcc/x86_64-linux-gnu/14/../../../x86_64-linux-gnu/crti.o
                0x0000000000001000                _init
 .init          0x0000000000001012        0x5 /usr/lib/gcc/x86_64-linux-gnu/14/../../../x86_64-linux-gnu/crtn.o

.plt            0x0000000000001020       0x60
 *(.plt)
 .plt           0x0000000000001020       0x60 /usr/lib/gcc/x86_64-linux-gnu/14/../../../x86_64-linux-gnu/Scrt1.o
                0x0000000000001030                printf@@GLIBC_2.2.5
                0x0000000000001040                memset@@GLIBC_2.2.5
                0x0000000000001050                memcmp@@GLIBC_2.2.5
                0x0000000000001060                fprintf@@GLIBC_2.2.5
                0x0000000000001070                memcpy@@GLIBC_2.14
 *(.iplt)

.plt.got        0x0000000000001080        0x8
 *(.plt.got)
 .plt.got       0x0000000000001080        0x8 /usr/lib/gcc/x86_64-linux-gnu/14/../../../x86_64-linux-gnu/Scrt1.o
                0x0000000000001080                __cxa_finalize@@GLIBC_2.2.5

.plt.sec
 *(.plt.sec)

.text           0x0000000000001090     0x22e6
 *(.text.unlikely .text.*_unlikely .text.unlikely.*)
 *(.text.exit .text.exit.*)
 *(.text.startup .text.startup.*)
 .text.startup.main
                0x0000000000001090      0x35a /tmp/ccyNqmGh.o
                0x0000000000001090                main
 *(.text.hot .text.hot.*)
 *(SORT_BY_NAME(.text.sorted.*))
 *(.text .stub .text.* .gnu.linkonce.t.*)
 *fill*         0x00000000000013ea        0x6 
 .text          0x00000000000013f0       0x22 /usr/lib/gcc/x86_64-linux-gnu/14/../../../x86_64-linux-gnu/Scrt1.o
                0x00000000000013f0                _start
 .text          0x0000000000001412        0x0 /usr/lib/gcc/x86_64-linux-gnu/14/../../../x86_64-linux-gnu/crti.o
 *fill*         0x0000000000001412        0xe 
 .text          0x0000000000001420       0xb9 /usr/lib/gcc/x86_64-linux-gnu/14/crtbeginS.o
 .text          0x00000000000014d9        0x0 /tmp/ccD4FKHI.o
 *fill*         0x00000000000014d9        0x7 
 .text.IR_InternalWriteRecord
                0x00000000000014e0      0x3b7 /tmp/ccD4FKHI.o
 *fill*         0x0000000000001897        0x9 
 .text.IR_InternalFirstAbnormal
                0x00000000000018a0      0x323 /tmp/ccD4FKHI.o
 *fill*         0x0000000000001bc3        0xd 
 .text.IR_InternalTimestamp
                0x0000000000001bd0       0x23 /tmp/ccD4FKHI.o
                0x0000000000001bd0                IR_InternalTimestamp
 *fill*         0x0000000000001bf3        0xd 
 .text.IR_InternalEnterCritical
                0x0000000000001c00       0x23 /tmp/ccD4FKHI.o
                0x0000000000001c00                IR_InternalEnterCritical
 *fill*         0x0000000000001c23        0xd 
 .text.IR_InternalExitCritical
                0x0000000000001c30       0x21 /tmp/ccD4FKHI.o
                0x0000000000001c30                IR_InternalExitCritical
 *fill*         0x0000000000001c51        0xf 
 .text.IR_InternalSetHealth
                0x0000000000001c60       0xbd /tmp/ccD4FKHI.o
                0x0000000000001c60                IR_InternalSetHealth
 *fill*         0x0000000000001d1d        0x3 
 .text.IR_InternalSaturatingIncrement
                0x0000000000001d20       0x12 /tmp/ccD4FKHI.o
                0x0000000000001d20                IR_InternalSaturatingIncrement
 *fill*         0x0000000000001d32        0xe 
 .text.IR_InternalBeginFreshEpoch
                0x0000000000001d40       0x8e /tmp/ccD4FKHI.o
                0x0000000000001d40                IR_InternalBeginFreshEpoch
 *fill*         0x0000000000001dce        0x2 
 .text.IR_EarlyInit
                0x0000000000001dd0      0x138 /tmp/ccD4FKHI.o
                0x0000000000001dd0                IR_EarlyInit
 *fill*         0x0000000000001f08        0x8 
 .text.IR_Init  0x0000000000001f10       0x89 /tmp/ccD4FKHI.o
                0x0000000000001f10                IR_Init
 *fill*         0x0000000000001f99        0x7 
 .text.IR_SystemStable
                0x0000000000001fa0       0x9d /tmp/ccD4FKHI.o
                0x0000000000001fa0                IR_SystemStable
 *fill*         0x000000000000203d        0x3 
 .text.IR_EventTask
                0x0000000000002040       0x2a /tmp/ccD4FKHI.o
                0x0000000000002040                IR_EventTask
 *fill*         0x000000000000206a        0x6 
 .text.IR_EventIsr
                0x0000000000002070       0x30 /tmp/ccD4FKHI.o
                0x0000000000002070                IR_EventIsr
 .text.IR_FirstAbnormalTask
                0x00000000000020a0       0x14 /tmp/ccD4FKHI.o
                0x00000000000020a0                IR_FirstAbnormalTask
 *fill*         0x00000000000020b4        0xc 
 .text.IR_FirstAbnormalIsr
                0x00000000000020c0       0x17 /tmp/ccD4FKHI.o
                0x00000000000020c0                IR_FirstAbnormalIsr
 *fill*         0x00000000000020d7        0x9 
 .text.IR_FatalCapture
                0x00000000000020e0       0x55 /tmp/ccD4FKHI.o
                0x00000000000020e0                IR_FatalCapture
 *fill*         0x0000000000002135        0xb 
 .text.IR_GetStatus
                0x0000000000002140      0x13f /tmp/ccD4FKHI.o
                0x0000000000002140                IR_GetStatus
 .text          0x000000000000227f        0x0 /tmp/cc49G3QW.o
 *fill*         0x000000000000227f        0x1 
 .text.IR_ServiceResetExport
                0x0000000000002280       0x4a /tmp/cc49G3QW.o
 *fill*         0x00000000000022ca        0x6 
 .text.IR_ServiceReadIsrRecord
                0x00000000000022d0       0xa6 /tmp/cc49G3QW.o
 *fill*         0x0000000000002376        0xa 
 .text.IR_ServiceReadTaskRecord
                0x0000000000002380       0xae /tmp/cc49G3QW.o
 *fill*         0x000000000000242e        0x2 
 .text.IR_InternalQueueDevelopmentTrace
                0x0000000000002430        0x1 /tmp/cc49G3QW.o
                0x0000000000002430                IR_InternalQueueDevelopmentTrace
 *fill*         0x0000000000002431        0xf 
 .text.IR_InternalPopDevelopmentTrace
                0x0000000000002440        0x3 /tmp/cc49G3QW.o
                0x0000000000002440                IR_InternalPopDevelopmentTrace
 *fill*         0x0000000000002443        0xd 
 .text.IR_ServiceRequestExport
                0x0000000000002450       0x18 /tmp/cc49G3QW.o
                0x0000000000002450                IR_ServiceRequestExport
 *fill*         0x0000000000002468        0x8 
 .text.IR_ServiceProcess
                0x0000000000002470      0x5b2 /tmp/cc49G3QW.o
                0x0000000000002470                IR_ServiceProcess
 .text          0x0000000000002a22        0x0 /tmp/ccQJi6SO.o
 *fill*         0x0000000000002a22        0xe 
 .text.RefPutU16
                0x0000000000002a30       0x3d /tmp/ccQJi6SO.o
 *fill*         0x0000000000002a6d        0x3 
 .text.RefPutU32
                0x0000000000002a70       0x55 /tmp/ccQJi6SO.o
 *fill*         0x0000000000002ac5        0xb 
 .text.RefPersistentReadMeta
                0x0000000000002ad0       0x31 /tmp/ccQJi6SO.o
 *fill*         0x0000000000002b01        0xf 
 .text.RefPersistentMarkExported
                0x0000000000002b10       0x17 /tmp/ccQJi6SO.o
 *fill*         0x0000000000002b27        0x9 
 .text.RefExportAvailable
                0x0000000000002b30        0x6 /tmp/ccQJi6SO.o
 *fill*         0x0000000000002b36        0xa 
 .text.RefExportEnd
                0x0000000000002b40       0x13 /tmp/ccQJi6SO.o
 *fill*         0x0000000000002b53        0xd 
 .text.RefExportAbort
                0x0000000000002b60       0x15 /tmp/ccQJi6SO.o
 *fill*         0x0000000000002b75        0xb 
 .text.RefGetTimestamp
                0x0000000000002b80       0x10 /tmp/ccQJi6SO.o
 .text.RefGetResetCause
                0x0000000000002b90        0x6 /tmp/ccQJi6SO.o
 *fill*         0x0000000000002b96        0xa 
 .text.RefGetContextType
                0x0000000000002ba0        0x3 /tmp/ccQJi6SO.o
 *fill*         0x0000000000002ba3        0xd 
 .text.RefEnterCritical
                0x0000000000002bb0        0x3 /tmp/ccQJi6SO.o
 *fill*         0x0000000000002bb3        0xd 
 .text.RefExitCritical
                0x0000000000002bc0        0x1 /tmp/ccQJi6SO.o
 *fill*         0x0000000000002bc1        0xf 
 .text.RefExportVerify
                0x0000000000002bd0       0x3e /tmp/ccQJi6SO.o
 *fill*         0x0000000000002c0e        0x2 
 .text.RefExportWrite
                0x0000000000002c10       0x66 /tmp/ccQJi6SO.o
 *fill*         0x0000000000002c76        0xa 
 .text.RefPersistentReadPayload
                0x0000000000002c80       0x60 /tmp/ccQJi6SO.o
 .text.RefExportBegin
                0x0000000000002ce0       0x3e /tmp/ccQJi6SO.o
 *fill*         0x0000000000002d1e        0x2 
 .text.RefGetContextId
                0x0000000000002d20        0x6 /tmp/ccQJi6SO.o
 *fill*         0x0000000000002d26        0xa 
 .text.RefPersistentHasPending
                0x0000000000002d30        0x8 /tmp/ccQJi6SO.o
 *fill*         0x0000000000002d38        0x8 
 .text.RefPutRuntimeRecord
                0x0000000000002d40      0x11a /tmp/ccQJi6SO.o
 *fill*         0x0000000000002e5a        0x6 
 .text.RefPersist
                0x0000000000002e60      0x456 /tmp/ccQJi6SO.o
 *fill*         0x00000000000032b6        0xa 
 .text.IR_ProjectConfig
                0x00000000000032c0        0x8 /tmp/ccQJi6SO.o
                0x00000000000032c0                IR_ProjectConfig
 *fill*         0x00000000000032c8        0x8 
 .text.IR_ReferencePersistedBytes
                0x00000000000032d0        0x7 /tmp/ccQJi6SO.o
                0x00000000000032d0                IR_ReferencePersistedBytes
 *fill*         0x00000000000032d7        0x9 
 .text.IR_ReferenceExportedBytes
                0x00000000000032e0        0x7 /tmp/ccQJi6SO.o
                0x00000000000032e0                IR_ReferenceExportedBytes
 *fill*         0x00000000000032e7        0x9 
 .text.IR_ReferenceContinuousTraceRecords
                0x00000000000032f0        0x3 /tmp/ccQJi6SO.o
                0x00000000000032f0                IR_ReferenceContinuousTraceRecords
 *fill*         0x00000000000032f3        0xd 
 .text.IR_ReferenceExportMatchesPersistence
                0x0000000000003300       0x39 /tmp/ccQJi6SO.o
                0x0000000000003300                IR_ReferenceExportMatchesPersistence
 *fill*         0x0000000000003339        0x7 
 .text.IR_ReferenceHasPendingPersistentEvidence
                0x0000000000003340        0x8 /tmp/ccQJi6SO.o
                0x0000000000003340                IR_ReferenceHasPendingPersistentEvidence
 .text          0x0000000000003348        0x0 /tmp/ccyNqmGh.o
 *fill*         0x0000000000003348        0x8 
 .text.Check.part.0
                0x0000000000003350       0x26 /tmp/ccyNqmGh.o
 .text          0x0000000000003376        0x0 /usr/lib/gcc/x86_64-linux-gnu/14/crtendS.o
 .text          0x0000000000003376        0x0 /usr/lib/gcc/x86_64-linux-gnu/14/../../../x86_64-linux-gnu/crtn.o
 *(.gnu.warning)

.fini           0x0000000000003378        0x9
 *(SORT_NONE(.fini))
 .fini          0x0000000000003378        0x4 /usr/lib/gcc/x86_64-linux-gnu/14/../../../x86_64-linux-gnu/crti.o
                0x0000000000003378                _fini
 .fini          0x000000000000337c        0x5 /usr/lib/gcc/x86_64-linux-gnu/14/../../../x86_64-linux-gnu/crtn.o
                [!provide]                        PROVIDE (__etext = .)
                [!provide]                        PROVIDE (_etext = .)
                [!provide]                        PROVIDE (etext = .)
                0x0000000000004000                . = ALIGN (CONSTANT (MAXPAGESIZE))
                0x0000000000004000                . = SEGMENT_START ("rodata-segment", (ALIGN (CONSTANT (MAXPAGESIZE)) + (. & (CONSTANT (MAXPAGESIZE) - 0x1))))

.rodata         0x0000000000004000      0x230
 *(.rodata .rodata.* .gnu.linkonce.r.*)
 .rodata.cst4   0x0000000000004000        0x4 /usr/lib/gcc/x86_64-linux-gnu/14/../../../x86_64-linux-gnu/Scrt1.o
                0x0000000000004000                _IO_stdin_used
 .rodata.Check.part.0.str1.1
                0x0000000000004004       0xc9 /tmp/ccyNqmGh.o
                                          0xa (size before relaxing)
 .rodata.main.str1.1
                0x00000000000040cd       0xbf /tmp/ccyNqmGh.o
 *fill*         0x00000000000040cd        0x3 
 .rodata.main.str1.8
                0x00000000000040d0      0x146 /tmp/ccyNqmGh.o
 *fill*         0x0000000000004216        0xa 
 .rodata.cst16  0x0000000000004220       0x10 /tmp/ccyNqmGh.o

.rodata1
 *(.rodata1)

.eh_frame_hdr   0x0000000000004230      0x1c4
 *(.eh_frame_hdr)
 .eh_frame_hdr  0x0000000000004230      0x1c4 /usr/lib/gcc/x86_64-linux-gnu/14/../../../x86_64-linux-gnu/Scrt1.o
                0x0000000000004230                __GNU_EH_FRAME_HDR
 *(.eh_frame_entry .eh_frame_entry.*)

.eh_frame       0x00000000000043f8      0x6dc
 *(.eh_frame)
 .eh_frame      0x00000000000043f8       0x30 /usr/lib/gcc/x86_64-linux-gnu/14/../../../x86_64-linux-gnu/Scrt1.o
                                         0x2c (size before relaxing)
 *fill*         0x0000000000004428        0x0 
 .eh_frame      0x0000000000004428       0x40 /usr/lib/gcc/x86_64-linux-gnu/14/../../../x86_64-linux-gnu/Scrt1.o
 .eh_frame      0x0000000000004468       0x18 /usr/lib/gcc/x86_64-linux-gnu/14/../../../x86_64-linux-gnu/Scrt1.o
                                         0x30 (size before relaxing)
 .eh_frame      0x0000000000004480      0x268 /tmp/ccD4FKHI.o
                                        0x280 (size before relaxing)
 .eh_frame      0x00000000000046e8      0x120 /tmp/cc49G3QW.o
                                        0x138 (size before relaxing)
 .eh_frame      0x0000000000004808      0x268 /tmp/ccQJi6SO.o
                                        0x280 (size before relaxing)
 .eh_frame      0x0000000000004a70       0x60 /tmp/ccyNqmGh.o
                                         0x78 (size before relaxing)
 .eh_frame      0x0000000000004ad0        0x4 /usr/lib/gcc/x86_64-linux-gnu/14/crtendS.o
 *(.eh_frame.*)

.sframe         0x0000000000004ad4        0x0
 *(.sframe)
 .sframe        0x0000000000004ad4        0x0 /usr/lib/gcc/x86_64-linux-gnu/14/../../../x86_64-linux-gnu/Scrt1.o
 .sframe        0x0000000000004ad4        0x0 /usr/lib/gcc/x86_64-linux-gnu/14/../../../x86_64-linux-gnu/Scrt1.o
 *(.sframe.*)

.gcc_except_table
 *(.gcc_except_table .gcc_except_table.*)

.gnu_extab
 *(.gnu_extab*)

.exception_ranges
 *(.exception_ranges*)

.note.build-id
 *(.note.build-id)

.note.GNU-stack
                0x0000000000004ad4        0x0
 *(.note.GNU-stack)
 .note.GNU-stack
                0x0000000000004ad4        0x0 /usr/lib/gcc/x86_64-linux-gnu/14/../../../x86_64-linux-gnu/Scrt1.o
 .note.GNU-stack
                0x0000000000004ad4        0x0 /usr/lib/gcc/x86_64-linux-gnu/14/../../../x86_64-linux-gnu/crti.o
 .note.GNU-stack
                0x0000000000004ad4        0x0 /usr/lib/gcc/x86_64-linux-gnu/14/crtbeginS.o
 .note.GNU-stack
                0x0000000000004ad4        0x0 /tmp/ccD4FKHI.o
 .note.GNU-stack
                0x0000000000004ad4        0x0 /tmp/cc49G3QW.o
 .note.GNU-stack
                0x0000000000004ad4        0x0 /tmp/ccQJi6SO.o
 .note.GNU-stack
                0x0000000000004ad4        0x0 /tmp/ccyNqmGh.o
 .note.GNU-stack
                0x0000000000004ad4        0x0 /usr/lib/gcc/x86_64-linux-gnu/14/crtendS.o
 .note.GNU-stack
                0x0000000000004ad4        0x0 /usr/lib/gcc/x86_64-linux-gnu/14/../../../x86_64-linux-gnu/crtn.o

.note.gnu-property
 *(.note.gnu-property)

.note.ABI-tag   0x0000000000004ad4       0x20
 *(.note.ABI-tag)
 .note.ABI-tag  0x0000000000004ad4       0x20 /usr/lib/gcc/x86_64-linux-gnu/14/../../../x86_64-linux-gnu/Scrt1.o

.note.package
 *(.note.package)

.note.dlopen
 *(.note.dlopen)

.note.netbsd.ident
 *(.note.netbsd.ident)

.note.openbsd.ident
 *(.note.openbsd.ident)
                0x0000000000005cb0                . = DATA_SEGMENT_ALIGN (CONSTANT (MAXPAGESIZE), CONSTANT (COMMONPAGESIZE))

.eh_frame
 *(.eh_frame)
 *(.eh_frame.*)

.sframe
 *(.sframe)
 *(.sframe.*)

.gnu_extab
 *(.gnu_extab)

.gcc_except_table
 *(.gcc_except_table .gcc_except_table.*)

.exception_ranges
 *(.exception_ranges*)

.tdata          0x0000000000005cb0        0x0
                [!provide]                        PROVIDE (__tdata_start = .)
 *(.tdata .tdata.* .gnu.linkonce.td.*)

.tbss
 *(.tbss .tbss.* .gnu.linkonce.tb.*)
 *(.tcommon)

.preinit_array  0x0000000000005cb0        0x0
                [!provide]                        PROVIDE (__preinit_array_start = .)
 *(.preinit_array)
                [!provide]                        PROVIDE (__preinit_array_end = .)

.init_array     0x0000000000005cb0        0x8
                [!provide]                        PROVIDE (__init_array_start = .)
 *(SORT_BY_INIT_PRIORITY(.init_array.*) SORT_BY_INIT_PRIORITY(.ctors.*))
 *(.init_array EXCLUDE_FILE(*crtend?.o *crtend.o *crtbegin?.o *crtbegin.o) .ctors)
 .init_array    0x0000000000005cb0        0x8 /usr/lib/gcc/x86_64-linux-gnu/14/crtbeginS.o
                [!provide]                        PROVIDE (__init_array_end = .)

.fini_array     0x0000000000005cb8        0x8
                [!provide]                        PROVIDE (__fini_array_start = .)
 *(SORT_BY_INIT_PRIORITY(.fini_array.*) SORT_BY_INIT_PRIORITY(.dtors.*))
 *(.fini_array EXCLUDE_FILE(*crtend?.o *crtend.o *crtbegin?.o *crtbegin.o) .dtors)
 .fini_array    0x0000000000005cb8        0x8 /usr/lib/gcc/x86_64-linux-gnu/14/crtbeginS.o
                [!provide]                        PROVIDE (__fini_array_end = .)

.ctors
 *crtbegin.o(.ctors)
 *crtbegin?.o(.ctors)
 *(EXCLUDE_FILE(*crtend?.o *crtend.o) .ctors)
 *(SORT_BY_NAME(.ctors.*))
 *(.ctors)

.dtors
 *crtbegin.o(.dtors)
 *crtbegin?.o(.dtors)
 *(EXCLUDE_FILE(*crtend?.o *crtend.o) .dtors)
 *(SORT_BY_NAME(.dtors.*))
 *(.dtors)

.jcr
 *(.jcr)

.data.rel.ro    0x0000000000005cc0      0x110
 *(.data.rel.ro.local* .gnu.linkonce.d.rel.ro.local.*)
 .data.rel.ro.local
                0x0000000000005cc0        0x8 /tmp/cc49G3QW.o
 *fill*         0x0000000000005cc8       0x18 
 .data.rel.ro.local.g_reference_config
                0x0000000000005ce0       0x28 /tmp/ccQJi6SO.o
 *fill*         0x0000000000005d08       0x18 
 .data.rel.ro.local.g_export_ops
                0x0000000000005d20       0x30 /tmp/ccQJi6SO.o
 *fill*         0x0000000000005d50       0x10 
 .data.rel.ro.local.g_persistent_export_ops
                0x0000000000005d60       0x20 /tmp/ccQJi6SO.o
 .data.rel.ro.local.g_persistence_ops
                0x0000000000005d80        0x8 /tmp/ccQJi6SO.o
 *fill*         0x0000000000005d88       0x18 
 .data.rel.ro.local.g_platform_ops
                0x0000000000005da0       0x30 /tmp/ccQJi6SO.o
 *(.data.rel.ro .data.rel.ro.* .gnu.linkonce.d.rel.ro.*)
 .data.rel.ro   0x0000000000005dd0        0x0 /usr/lib/gcc/x86_64-linux-gnu/14/../../../x86_64-linux-gnu/Scrt1.o

.dynamic        0x0000000000005dd0      0x1e0
 *(.dynamic)
 .dynamic       0x0000000000005dd0      0x1e0 /usr/lib/gcc/x86_64-linux-gnu/14/../../../x86_64-linux-gnu/Scrt1.o
                0x0000000000005dd0                _DYNAMIC

.got            0x0000000000005fb0       0x28
 *(.got)
 .got           0x0000000000005fb0       0x28 /usr/lib/gcc/x86_64-linux-gnu/14/../../../x86_64-linux-gnu/Scrt1.o
 *(.igot)
                0x0000000000005fe8                . = DATA_SEGMENT_RELRO_END (., (SIZEOF (.got.plt) >= 0x18)?0x18:0x0)

.got.plt        0x0000000000005fe8       0x40
 *(.got.plt)
 .got.plt       0x0000000000005fe8       0x40 /usr/lib/gcc/x86_64-linux-gnu/14/../../../x86_64-linux-gnu/Scrt1.o
                0x0000000000005fe8                _GLOBAL_OFFSET_TABLE_
 *(.igot.plt)

.data           0x0000000000006028       0x10
 *(.data .data.* .gnu.linkonce.d.*)
 .data          0x0000000000006028        0x4 /usr/lib/gcc/x86_64-linux-gnu/14/../../../x86_64-linux-gnu/Scrt1.o
                0x0000000000006028                data_start
                0x0000000000006028                __data_start
 .data          0x000000000000602c        0x0 /usr/lib/gcc/x86_64-linux-gnu/14/../../../x86_64-linux-gnu/crti.o
 .data          0x000000000000602c        0x0 /usr/lib/gcc/x86_64-linux-gnu/14/crtbeginS.o
 *fill*         0x000000000000602c        0x4 
 .data.rel.local
                0x0000000000006030        0x8 /usr/lib/gcc/x86_64-linux-gnu/14/crtbeginS.o
                0x0000000000006030                __dso_handle
 .data          0x0000000000006038        0x0 /tmp/ccD4FKHI.o
 .data          0x0000000000006038        0x0 /tmp/cc49G3QW.o
 .data          0x0000000000006038        0x0 /tmp/ccQJi6SO.o
 .data          0x0000000000006038        0x0 /tmp/ccyNqmGh.o
 .data          0x0000000000006038        0x0 /usr/lib/gcc/x86_64-linux-gnu/14/crtendS.o
 .data          0x0000000000006038        0x0 /usr/lib/gcc/x86_64-linux-gnu/14/../../../x86_64-linux-gnu/crtn.o

.tm_clone_table
                0x0000000000006038        0x0
 .tm_clone_table
                0x0000000000006038        0x0 /usr/lib/gcc/x86_64-linux-gnu/14/crtbeginS.o
 .tm_clone_table
                0x0000000000006038        0x0 /usr/lib/gcc/x86_64-linux-gnu/14/crtendS.o

.incident_ram   0x0000000000006038     0x2800
 .incident_ram  0x0000000000006038     0x2800 /tmp/ccD4FKHI.o
                0x0000000000006038                g_ir_retained

.data1
 *(.data1)
                0x0000000000008838                _edata = .
                [!provide]                        PROVIDE (edata = .)
                0x0000000000008838                . = ALIGN (ALIGNOF (NEXT_SECTION))
                0x0000000000008840                __bss_start = .

.bss            0x0000000000008840     0x8080
 *(.dynbss)
 .dynbss        0x0000000000008840        0x8 /usr/lib/gcc/x86_64-linux-gnu/14/../../../x86_64-linux-gnu/Scrt1.o
                0x0000000000008840                stderr@@GLIBC_2.2.5
 *(.bss .bss.* .gnu.linkonce.b.*)
 .bss           0x0000000000008848        0x0 /usr/lib/gcc/x86_64-linux-gnu/14/../../../x86_64-linux-gnu/Scrt1.o
 .bss           0x0000000000008848        0x0 /usr/lib/gcc/x86_64-linux-gnu/14/../../../x86_64-linux-gnu/crti.o
 .bss           0x0000000000008848        0x1 /usr/lib/gcc/x86_64-linux-gnu/14/crtbeginS.o
 .bss           0x0000000000008849        0x0 /tmp/ccD4FKHI.o
 *fill*         0x0000000000008849       0x17 
 .bss.g_ir_runtime
                0x0000000000008860       0x28 /tmp/ccD4FKHI.o
                0x0000000000008860                g_ir_runtime
 .bss           0x0000000000008888        0x0 /tmp/cc49G3QW.o
 .bss           0x0000000000008888        0x0 /tmp/ccQJi6SO.o
 .bss.g_timestamp
                0x0000000000008888        0x4 /tmp/ccQJi6SO.o
 .bss.g_export_expected_length
                0x000000000000888c        0x4 /tmp/ccQJi6SO.o
 .bss.g_exported_length
                0x0000000000008890        0x4 /tmp/ccQJi6SO.o
 *fill*         0x0000000000008894        0xc 
 .bss.g_exported
                0x00000000000088a0     0x4000 /tmp/ccQJi6SO.o
 .bss.g_persisted_pending
                0x000000000000c8a0        0x1 /tmp/ccQJi6SO.o
 *fill*         0x000000000000c8a1        0x3 
 .bss.g_persisted_record_id
                0x000000000000c8a4        0x4 /tmp/ccQJi6SO.o
 .bss.g_persisted_length
                0x000000000000c8a8        0x4 /tmp/ccQJi6SO.o
 *fill*         0x000000000000c8ac       0x14 
 .bss.g_persisted
                0x000000000000c8c0     0x4000 /tmp/ccQJi6SO.o
 .bss           0x00000000000108c0        0x0 /tmp/ccyNqmGh.o
 .bss           0x00000000000108c0        0x0 /usr/lib/gcc/x86_64-linux-gnu/14/crtendS.o
 .bss           0x00000000000108c0        0x0 /usr/lib/gcc/x86_64-linux-gnu/14/../../../x86_64-linux-gnu/crtn.o
 *(COMMON)
                0x00000000000108c0                . = ALIGN ((. != 0x0)?0x8:0x1)

.lbss
 *(.dynlbss)
 *(.lbss .lbss.* .gnu.linkonce.lb.*)
 *(LARGE_COMMON)
                0x00000000000108c0                . = ALIGN (0x8)
                0x00000000000108c0                . = SEGMENT_START ("ldata-segment", .)

.lrodata
 *(.lrodata .lrodata.* .gnu.linkonce.lr.*)

.ldata          0x00000000000128c0        0x0
 *(.ldata .ldata.* .gnu.linkonce.l.*)
                0x00000000000128c0                . = ALIGN ((. != 0x0)?0x8:0x1)
                0x00000000000128c0                . = ALIGN (0x8)
                0x00000000000108c0                _end = .
                [!provide]                        PROVIDE (end = .)
                0x00000000000128c0                . = DATA_SEGMENT_END (.)

.stab
 *(.stab)

.stabstr
 *(.stabstr)

.stab.excl
 *(.stab.excl)

.stab.exclstr
 *(.stab.exclstr)

.stab.index
 *(.stab.index)

.stab.indexstr
 *(.stab.indexstr)

.comment        0x0000000000000000       0x1f
 *(.comment)
 .comment       0x0000000000000000       0x1f /usr/lib/gcc/x86_64-linux-gnu/14/crtbeginS.o
                                         0x20 (size before relaxing)
 .comment       0x000000000000001f       0x20 /tmp/ccD4FKHI.o
 .comment       0x000000000000001f       0x20 /tmp/cc49G3QW.o
 .comment       0x000000000000001f       0x20 /tmp/ccQJi6SO.o
 .comment       0x000000000000001f       0x20 /tmp/ccyNqmGh.o
 .comment       0x000000000000001f       0x20 /usr/lib/gcc/x86_64-linux-gnu/14/crtendS.o

.gnu.build.attributes
 *(.gnu.build.attributes .gnu.build.attributes.*)

.debug
 *(.debug)

.line
 *(.line)

.debug_srcinfo
 *(.debug_srcinfo)

.debug_sfnames
 *(.debug_sfnames)

.debug_aranges
 *(.debug_aranges)

.debug_pubnames
 *(.debug_pubnames)

.debug_info
 *(.debug_info .gnu.linkonce.wi.*)

.debug_abbrev
 *(.debug_abbrev)

.debug_line
 *(.debug_line .debug_line.* .debug_line_end)

.debug_frame
 *(.debug_frame)

.debug_str
 *(.debug_str)

.debug_loc
 *(.debug_loc)

.debug_macinfo
 *(.debug_macinfo)

.debug_weaknames
 *(.debug_weaknames)

.debug_funcnames
 *(.debug_funcnames)

.debug_typenames
 *(.debug_typenames)

.debug_varnames
 *(.debug_varnames)

.debug_pubtypes
 *(.debug_pubtypes)

.debug_ranges
 *(.debug_ranges)

.debug_addr
 *(.debug_addr)

.debug_line_str
 *(.debug_line_str)

.debug_loclists
 *(.debug_loclists)

.debug_macro
 *(.debug_macro)

.debug_names
 *(.debug_names)

.debug_rnglists
 *(.debug_rnglists)

.debug_str_offsets
 *(.debug_str_offsets)

.debug_sup
 *(.debug_sup)

.gnu.attributes
 *(.gnu.attributes)

/DISCARD/
 *(.note.GNU-stack)
 *(.gnu_debuglink)
 *(.gnu.lto_*)
 *(.gnu_object_only)
OUTPUT(./build/release/ir_reference elf64-x86-64)
