
Merging program properties

Removed property 0xc0000002 to merge /usr/lib/gcc/x86_64-linux-gnu/14/../../../x86_64-linux-gnu/Scrt1.o (not found) and /usr/lib/gcc/x86_64-linux-gnu/14/crtbeginS.o (0x3)
Removed property 0xc0000002 to merge /usr/lib/gcc/x86_64-linux-gnu/14/../../../x86_64-linux-gnu/Scrt1.o (not found) and /usr/lib/gcc/x86_64-linux-gnu/14/crtendS.o (0x3)

As-needed library included to satisfy reference by file (symbol)

libc.so.6                     /usr/lib/gcc/x86_64-linux-gnu/14/../../../x86_64-linux-gnu/Scrt1.o (__libc_start_main@@GLIBC_2.34)

Discarded input sections

 .note.gnu.property
                0x0000000000000000       0x20 /usr/lib/gcc/x86_64-linux-gnu/14/crtbeginS.o
 .note.gnu.property
                0x0000000000000000       0x20 /usr/lib/gcc/x86_64-linux-gnu/14/crtendS.o

Memory Configuration

Name             Origin             Length             Attributes
*default*        0x0000000000000000 0xffffffffffffffff

Linker script and memory map

LOAD /usr/lib/gcc/x86_64-linux-gnu/14/../../../x86_64-linux-gnu/Scrt1.o
LOAD /usr/lib/gcc/x86_64-linux-gnu/14/../../../x86_64-linux-gnu/crti.o
LOAD /usr/lib/gcc/x86_64-linux-gnu/14/crtbeginS.o
LOAD /tmp/cc8M7B5y.o
LOAD /tmp/ccGJyCW8.o
LOAD /tmp/cceZXgre.o
LOAD /tmp/ccahI3R0.o
LOAD /usr/lib/gcc/x86_64-linux-gnu/14/libgcc.a
LOAD /usr/lib/gcc/x86_64-linux-gnu/14/libgcc_s.so
START GROUP
LOAD /usr/lib/gcc/x86_64-linux-gnu/14/../../../x86_64-linux-gnu/libgcc_s.so.1
LOAD /usr/lib/gcc/x86_64-linux-gnu/14/libgcc.a
END GROUP
LOAD /usr/lib/gcc/x86_64-linux-gnu/14/../../../x86_64-linux-gnu/libc.so
START GROUP
LOAD /lib/x86_64-linux-gnu/libc.so.6
LOAD /usr/lib/x86_64-linux-gnu/libc_nonshared.a
LOAD /lib64/ld-linux-x86-64.so.2
END GROUP
LOAD /usr/lib/gcc/x86_64-linux-gnu/14/libgcc.a
LOAD /usr/lib/gcc/x86_64-linux-gnu/14/libgcc_s.so
START GROUP
LOAD /usr/lib/gcc/x86_64-linux-gnu/14/../../../x86_64-linux-gnu/libgcc_s.so.1
LOAD /usr/lib/gcc/x86_64-linux-gnu/14/libgcc.a
END GROUP
LOAD /usr/lib/gcc/x86_64-linux-gnu/14/crtendS.o
LOAD /usr/lib/gcc/x86_64-linux-gnu/14/../../../x86_64-linux-gnu/crtn.o
                [!provide]                        PROVIDE (__executable_start = SEGMENT_START ("text-segment", 0x0))
                0x0000000000000350                . = (SEGMENT_START ("text-segment", 0x0) + SIZEOF_HEADERS)

.note.gnu.property
                0x0000000000000350       0x20
 .note.gnu.property
                0x0000000000000350       0x20 /usr/lib/gcc/x86_64-linux-gnu/14/../../../x86_64-linux-gnu/Scrt1.o

.note.gnu.build-id
                0x0000000000000370       0x24
 *(.note.gnu.build-id)
 .note.gnu.build-id
                0x0000000000000370       0x24 /usr/lib/gcc/x86_64-linux-gnu/14/../../../x86_64-linux-gnu/Scrt1.o

.interp         0x0000000000000394       0x1c
 *(.interp)
 .interp        0x0000000000000394       0x1c /usr/lib/gcc/x86_64-linux-gnu/14/../../../x86_64-linux-gnu/Scrt1.o

.hash
 *(.hash)

.gnu.hash       0x00000000000003b0       0x28
 *(.gnu.hash)
 .gnu.hash      0x00000000000003b0       0x28 /usr/lib/gcc/x86_64-linux-gnu/14/../../../x86_64-linux-gnu/Scrt1.o

.dynsym         0x00000000000003d8      0x120
 *(.dynsym)
 .dynsym        0x00000000000003d8      0x120 /usr/lib/gcc/x86_64-linux-gnu/14/../../../x86_64-linux-gnu/Scrt1.o

.dynstr         0x00000000000004f8       0xb7
 *(.dynstr)
 .dynstr        0x00000000000004f8       0xb7 /usr/lib/gcc/x86_64-linux-gnu/14/../../../x86_64-linux-gnu/Scrt1.o

.gnu.version    0x00000000000005b0       0x18
 *(.gnu.version)
 .gnu.version   0x00000000000005b0       0x18 /usr/lib/gcc/x86_64-linux-gnu/14/../../../x86_64-linux-gnu/Scrt1.o

.gnu.version_d  0x00000000000005c8        0x0
 *(.gnu.version_d)
 .gnu.version_d
                0x00000000000005c8        0x0 /usr/lib/gcc/x86_64-linux-gnu/14/../../../x86_64-linux-gnu/Scrt1.o

.gnu.version_r  0x00000000000005c8       0x40
 *(.gnu.version_r)
 .gnu.version_r
                0x00000000000005c8       0x40 /usr/lib/gcc/x86_64-linux-gnu/14/../../../x86_64-linux-gnu/Scrt1.o

.rela.dyn       0x0000000000000608      0x390
 *(.rela.init)
 *(.rela.text .rela.text.* .rela.gnu.linkonce.t.*)
 .rela.text.Check.part.0
                0x0000000000000608        0x0 /usr/lib/gcc/x86_64-linux-gnu/14/../../../x86_64-linux-gnu/Scrt1.o
 *(.rela.fini)
 *(.rela.rodata .rela.rodata.* .rela.gnu.linkonce.r.*)
 *(.rela.data .rela.data.* .rela.gnu.linkonce.d.*)
 .rela.data.rel.ro
                0x0000000000000608        0x0 /usr/lib/gcc/x86_64-linux-gnu/14/../../../x86_64-linux-gnu/Scrt1.o
 .rela.data.rel.local
                0x0000000000000608       0x18 /usr/lib/gcc/x86_64-linux-gnu/14/../../../x86_64-linux-gnu/Scrt1.o
 .rela.data.rel.ro.local
                0x0000000000000620       0x18 /usr/lib/gcc/x86_64-linux-gnu/14/../../../x86_64-linux-gnu/Scrt1.o
 .rela.data.rel.ro.local.g_reference_config
                0x0000000000000638       0x78 /usr/lib/gcc/x86_64-linux-gnu/14/../../../x86_64-linux-gnu/Scrt1.o
 .rela.data.rel.ro.local.g_trace_ops
                0x00000000000006b0       0x60 /usr/lib/gcc/x86_64-linux-gnu/14/../../../x86_64-linux-gnu/Scrt1.o
 .rela.data.rel.ro.local.g_export_ops
                0x0000000000000710       0x90 /usr/lib/gcc/x86_64-linux-gnu/14/../../../x86_64-linux-gnu/Scrt1.o
 .rela.data.rel.ro.local.g_persistent_export_ops
                0x00000000000007a0       0x60 /usr/lib/gcc/x86_64-linux-gnu/14/../../../x86_64-linux-gnu/Scrt1.o
 .rela.data.rel.ro.local.g_persistence_ops
                0x0000000000000800       0x18 /usr/lib/gcc/x86_64-linux-gnu/14/../../../x86_64-linux-gnu/Scrt1.o
 .rela.data.rel.ro.local.g_platform_ops
                0x0000000000000818       0xc0 /usr/lib/gcc/x86_64-linux-gnu/14/../../../x86_64-linux-gnu/Scrt1.o
 *(.rela.tdata .rela.tdata.* .rela.gnu.linkonce.td.*)
 *(.rela.tbss .rela.tbss.* .rela.gnu.linkonce.tb.*)
 *(.rela.ctors)
 *(.rela.dtors)
 *(.rela.got)
 .rela.got      0x00000000000008d8       0x78 /usr/lib/gcc/x86_64-linux-gnu/14/../../../x86_64-linux-gnu/Scrt1.o
 *(.rela.bss .rela.bss.* .rela.gnu.linkonce.b.*)
 .rela.bss      0x0000000000000950       0x18 /usr/lib/gcc/x86_64-linux-gnu/14/../../../x86_64-linux-gnu/Scrt1.o
 *(.rela.ldata .rela.ldata.* .rela.gnu.linkonce.l.*)
 *(.rela.lbss .rela.lbss.* .rela.gnu.linkonce.lb.*)
 *(.rela.lrodata .rela.lrodata.* .rela.gnu.linkonce.lr.*)
 *(.rela.ifunc)
 .rela.ifunc    0x0000000000000968        0x0 /usr/lib/gcc/x86_64-linux-gnu/14/../../../x86_64-linux-gnu/Scrt1.o
 .rela.fini_array
                0x0000000000000968       0x18 /usr/lib/gcc/x86_64-linux-gnu/14/../../../x86_64-linux-gnu/Scrt1.o
 .rela.init_array
                0x0000000000000980       0x18 /usr/lib/gcc/x86_64-linux-gnu/14/../../../x86_64-linux-gnu/Scrt1.o

.rela.plt       0x0000000000000998       0x78
 *(.rela.plt)
 .rela.plt      0x0000000000000998       0x78 /usr/lib/gcc/x86_64-linux-gnu/14/../../../x86_64-linux-gnu/Scrt1.o
 *(.rela.iplt)

.relr.dyn
 *(.relr.dyn)
                0x0000000000001000                . = ALIGN (CONSTANT (MAXPAGESIZE))

.init           0x0000000000001000       0x17
 *(SORT_NONE(.init))
 .init          0x0000000000001000       0x12 /usr/lib/gcc/x86_64-linux-gnu/14/../../../x86_64-linux-gnu/crti.o
                0x0000000000001000                _init
 .init          0x0000000000001012        0x5 /usr/lib/gcc/x86_64-linux-gnu/14/../../../x86_64-linux-gnu/crtn.o

.plt            0x0000000000001020       0x60
 *(.plt)
 .plt           0x0000000000001020       0x60 /usr/lib/gcc/x86_64-linux-gnu/14/../../../x86_64-linux-gnu/Scrt1.o
                0x0000000000001030                printf@@GLIBC_2.2.5
                0x0000000000001040                memset@@GLIBC_2.2.5
                0x0000000000001050                memcmp@@GLIBC_2.2.5
                0x0000000000001060                fprintf@@GLIBC_2.2.5
                0x0000000000001070                memcpy@@GLIBC_2.14
 *(.iplt)

.plt.got        0x0000000000001080        0x8
 *(.plt.got)
 .plt.got       0x0000000000001080        0x8 /usr/lib/gcc/x86_64-linux-gnu/14/../../../x86_64-linux-gnu/Scrt1.o
                0x0000000000001080                __cxa_finalize@@GLIBC_2.2.5

.plt.sec
 *(.plt.sec)

.text           0x00000000000010a0     0x3416
 *(.text.unlikely .text.*_unlikely .text.unlikely.*)
 *(.text.exit .text.exit.*)
 *(.text.startup .text.startup.*)
 .text.startup.main
                0x00000000000010a0      0x35c /tmp/ccahI3R0.o
                0x00000000000010a0                main
 *(.text.hot .text.hot.*)
 *(SORT_BY_NAME(.text.sorted.*))
 *(.text .stub .text.* .gnu.linkonce.t.*)
 *fill*         0x00000000000013fc        0x4 
 .text          0x0000000000001400       0x22 /usr/lib/gcc/x86_64-linux-gnu/14/../../../x86_64-linux-gnu/Scrt1.o
                0x0000000000001400                _start
 .text          0x0000000000001422        0x0 /usr/lib/gcc/x86_64-linux-gnu/14/../../../x86_64-linux-gnu/crti.o
 *fill*         0x0000000000001422        0xe 
 .text          0x0000000000001430       0xb9 /usr/lib/gcc/x86_64-linux-gnu/14/crtbeginS.o
 .text          0x00000000000014e9        0x0 /tmp/cc8M7B5y.o
 *fill*         0x00000000000014e9        0x7 
 .text.IR_EarlyInit.part.0
                0x00000000000014f0      0x19c /tmp/cc8M7B5y.o
 *fill*         0x000000000000168c        0x4 
 .text.IR_InternalWriteRecord
                0x0000000000001690      0x4b8 /tmp/cc8M7B5y.o
 *fill*         0x0000000000001b48        0x8 
 .text.IR_InternalFirstAbnormal
                0x0000000000001b50      0x32e /tmp/cc8M7B5y.o
 *fill*         0x0000000000001e7e        0x2 
 .text.IR_InternalTimestamp
                0x0000000000001e80       0x23 /tmp/cc8M7B5y.o
                0x0000000000001e80                IR_InternalTimestamp
 *fill*         0x0000000000001ea3        0xd 
 .text.IR_InternalEnterCritical
                0x0000000000001eb0       0x23 /tmp/cc8M7B5y.o
                0x0000000000001eb0                IR_InternalEnterCritical
 *fill*         0x0000000000001ed3        0xd 
 .text.IR_InternalExitCritical
                0x0000000000001ee0       0x21 /tmp/cc8M7B5y.o
                0x0000000000001ee0                IR_InternalExitCritical
 *fill*         0x0000000000001f01        0xf 
 .text.IR_InternalPublishBarrier
                0x0000000000001f10       0x21 /tmp/cc8M7B5y.o
                0x0000000000001f10                IR_InternalPublishBarrier
 *fill*         0x0000000000001f31        0xf 
 .text.IR_InternalSetHealth
                0x0000000000001f40       0xbd /tmp/cc8M7B5y.o
                0x0000000000001f40                IR_InternalSetHealth
 *fill*         0x0000000000001ffd        0x3 
 .text.IR_InternalSaturatingIncrement
                0x0000000000002000       0x12 /tmp/cc8M7B5y.o
                0x0000000000002000                IR_InternalSaturatingIncrement
 *fill*         0x0000000000002012        0xe 
 .text.IR_InternalBeginFreshEpoch
                0x0000000000002020       0xa9 /tmp/cc8M7B5y.o
                0x0000000000002020                IR_InternalBeginFreshEpoch
 *fill*         0x00000000000020c9        0x7 
 .text.IR_EarlyInit
                0x00000000000020d0       0x59 /tmp/cc8M7B5y.o
                0x00000000000020d0                IR_EarlyInit
 *fill*         0x0000000000002129        0x7 
 .text.IR_Init  0x0000000000002130       0xe9 /tmp/cc8M7B5y.o
                0x0000000000002130                IR_Init
 *fill*         0x0000000000002219        0x7 
 .text.IR_SystemStable
                0x0000000000002220       0x9d /tmp/cc8M7B5y.o
                0x0000000000002220                IR_SystemStable
 *fill*         0x00000000000022bd        0x3 
 .text.IR_EventTask
                0x00000000000022c0       0x2a /tmp/cc8M7B5y.o
                0x00000000000022c0                IR_EventTask
 *fill*         0x00000000000022ea        0x6 
 .text.IR_EventIsr
                0x00000000000022f0       0x30 /tmp/cc8M7B5y.o
                0x00000000000022f0                IR_EventIsr
 .text.IR_FirstAbnormalTask
                0x0000000000002320       0x14 /tmp/cc8M7B5y.o
                0x0000000000002320                IR_FirstAbnormalTask
 *fill*         0x0000000000002334        0xc 
 .text.IR_FirstAbnormalIsr
                0x0000000000002340       0x17 /tmp/cc8M7B5y.o
                0x0000000000002340                IR_FirstAbnormalIsr
 *fill*         0x0000000000002357        0x9 
 .text.IR_FatalCapture
                0x0000000000002360       0xd1 /tmp/cc8M7B5y.o
                0x0000000000002360                IR_FatalCapture
 *fill*         0x0000000000002431        0xf 
 .text.IR_GetStatus
                0x0000000000002440      0x147 /tmp/cc8M7B5y.o
                0x0000000000002440                IR_GetStatus
 .text          0x0000000000002587        0x0 /tmp/ccGJyCW8.o
 *fill*         0x0000000000002587        0x9 
 .text.IR_ServiceResetExport
                0x0000000000002590       0x4a /tmp/ccGJyCW8.o
 *fill*         0x00000000000025da        0x6 
 .text.IR_ServiceReadIsrRecord
                0x00000000000025e0       0xa6 /tmp/ccGJyCW8.o
 *fill*         0x0000000000002686        0xa 
 .text.IR_ServiceReadTaskRecord
                0x0000000000002690       0xae /tmp/ccGJyCW8.o
 *fill*         0x000000000000273e        0x2 
 .text.IR_InternalQueueDevelopmentTrace
                0x0000000000002740      0x122 /tmp/ccGJyCW8.o
                0x0000000000002740                IR_InternalQueueDevelopmentTrace
 *fill*         0x0000000000002862        0xe 
 .text.IR_InternalPopDevelopmentTrace
                0x0000000000002870      0x152 /tmp/ccGJyCW8.o
                0x0000000000002870                IR_InternalPopDevelopmentTrace
 *fill*         0x00000000000029c2        0xe 
 .text.IR_ServiceRequestExport
                0x00000000000029d0       0x22 /tmp/ccGJyCW8.o
                0x00000000000029d0                IR_ServiceRequestExport
 *fill*         0x00000000000029f2        0xe 
 .text.IR_ServiceProcess
                0x0000000000002a00      0x880 /tmp/ccGJyCW8.o
                0x0000000000002a00                IR_ServiceProcess
 .text          0x0000000000003280        0x0 /tmp/cceZXgre.o
 .text.RefExportAvailable
                0x0000000000003280        0x6 /tmp/cceZXgre.o
 *fill*         0x0000000000003286        0xa 
 .text.RefExportEnd
                0x0000000000003290       0x13 /tmp/cceZXgre.o
 *fill*         0x00000000000032a3        0xd 
 .text.RefExportAbort
                0x00000000000032b0       0x1f /tmp/cceZXgre.o
 *fill*         0x00000000000032cf        0x1 
 .text.RefTraceBegin
                0x00000000000032d0        0xd /tmp/cceZXgre.o
 *fill*         0x00000000000032dd        0x3 
 .text.RefTraceWrite
                0x00000000000032e0       0x16 /tmp/cceZXgre.o
 *fill*         0x00000000000032f6        0xa 
 .text.RefTraceEnd
                0x0000000000003300        0x3 /tmp/cceZXgre.o
 *fill*         0x0000000000003303        0xd 
 .text.RefGetTimestamp
                0x0000000000003310       0x10 /tmp/cceZXgre.o
 .text.RefGetResetCause
                0x0000000000003320        0x6 /tmp/cceZXgre.o
 *fill*         0x0000000000003326        0xa 
 .text.RefEnterCritical
                0x0000000000003330        0x3 /tmp/cceZXgre.o
 *fill*         0x0000000000003333        0xd 
 .text.RefExitCritical
                0x0000000000003340        0x1 /tmp/cceZXgre.o
 *fill*         0x0000000000003341        0xf 
 .text.RefTryClaimU32
                0x0000000000003350       0x13 /tmp/cceZXgre.o
 *fill*         0x0000000000003363        0xd 
 .text.RefExportWrite
                0x0000000000003370       0x6e /tmp/cceZXgre.o
 *fill*         0x00000000000033de        0x2 
 .text.RefPublishBarrier
                0x00000000000033e0        0x1 /tmp/cceZXgre.o
 *fill*         0x00000000000033e1       0x1f 
 .text.RefCrc32.part.0
                0x0000000000003400       0x44 /tmp/cceZXgre.o
 *fill*         0x0000000000003444        0xc 
 .text.RefPutU32.constprop.0
                0x0000000000003450       0x4f /tmp/cceZXgre.o
 *fill*         0x000000000000349f        0x1 
 .text.RefPutU16.constprop.0
                0x00000000000034a0       0x34 /tmp/cceZXgre.o
 *fill*         0x00000000000034d4        0xc 
 .text.RefTraceAvailable
                0x00000000000034e0        0x6 /tmp/cceZXgre.o
 *fill*         0x00000000000034e6        0xa 
 .text.RefGetContextId
                0x00000000000034f0        0x6 /tmp/cceZXgre.o
 *fill*         0x00000000000034f6        0xa 
 .text.RefGetContextType
                0x0000000000003500        0x3 /tmp/cceZXgre.o
 *fill*         0x0000000000003503       0x1d 
 .text.RefSlotValid
                0x0000000000003520       0x91 /tmp/cceZXgre.o
 *fill*         0x00000000000035b1        0xf 
 .text.RefRecoverSlots
                0x00000000000035c0       0x96 /tmp/cceZXgre.o
 *fill*         0x0000000000003656        0xa 
 .text.RefPersistentReadPayload
                0x0000000000003660       0x9a /tmp/cceZXgre.o
 *fill*         0x00000000000036fa        0x6 
 .text.RefFindPendingOldest
                0x0000000000003700       0x6d /tmp/cceZXgre.o
 *fill*         0x000000000000376d        0x3 
 .text.RefPersistentReadMeta
                0x0000000000003770       0x4e /tmp/cceZXgre.o
 *fill*         0x00000000000037be        0x2 
 .text.RefPersistentHasPending
                0x00000000000037c0       0x14 /tmp/cceZXgre.o
 *fill*         0x00000000000037d4        0xc 
 .text.RefPersistentMarkExported
                0x00000000000037e0       0x68 /tmp/cceZXgre.o
 *fill*         0x0000000000003848        0x8 
 .text.RefExportVerify
                0x0000000000003850       0x72 /tmp/cceZXgre.o
 *fill*         0x00000000000038c2        0xe 
 .text.RefExportBegin
                0x00000000000038d0       0xa2 /tmp/cceZXgre.o
 *fill*         0x0000000000003972        0xe 
 .text.RefPutRuntimeRecord.constprop.0
                0x0000000000003980      0x11a /tmp/cceZXgre.o
 *fill*         0x0000000000003a9a        0x6 
 .text.RefPersist
                0x0000000000003aa0      0x700 /tmp/cceZXgre.o
 .text.IR_ProjectConfig
                0x00000000000041a0        0x8 /tmp/cceZXgre.o
                0x00000000000041a0                IR_ProjectConfig
 *fill*         0x00000000000041a8        0x8 
 .text.IR_ReferencePersistedBytes
                0x00000000000041b0       0x65 /tmp/cceZXgre.o
                0x00000000000041b0                IR_ReferencePersistedBytes
 *fill*         0x0000000000004215        0xb 
 .text.IR_ReferenceExportedBytes
                0x0000000000004220        0x7 /tmp/cceZXgre.o
                0x0000000000004220                IR_ReferenceExportedBytes
 *fill*         0x0000000000004227        0x9 
 .text.IR_ReferenceContinuousTraceRecords
                0x0000000000004230        0x7 /tmp/cceZXgre.o
                0x0000000000004230                IR_ReferenceContinuousTraceRecords
 *fill*         0x0000000000004237        0x9 
 .text.IR_ReferenceExportMatchesPersistence
                0x0000000000004240       0x64 /tmp/cceZXgre.o
                0x0000000000004240                IR_ReferenceExportMatchesPersistence
 *fill*         0x00000000000042a4        0xc 
 .text.IR_ReferenceHasPendingPersistentEvidence
                0x00000000000042b0       0x14 /tmp/cceZXgre.o
                0x00000000000042b0                IR_ReferenceHasPendingPersistentEvidence
 *fill*         0x00000000000042c4        0xc 
 .text.IR_ReferencePendingPersistentCount
                0x00000000000042d0       0x51 /tmp/cceZXgre.o
                0x00000000000042d0                IR_ReferencePendingPersistentCount
 *fill*         0x0000000000004321        0xf 
 .text.IR_ReferenceLastPersistedRecordId
                0x0000000000004330        0x7 /tmp/cceZXgre.o
                0x0000000000004330                IR_ReferenceLastPersistedRecordId
 *fill*         0x0000000000004337        0x9 
 .text.IR_ReferenceReadPersistentByte
                0x0000000000004340       0x6f /tmp/cceZXgre.o
                0x0000000000004340                IR_ReferenceReadPersistentByte
 *fill*         0x00000000000043af        0x1 
 .text.IR_ReferenceSetPersistFailureStep
                0x00000000000043b0        0x7 /tmp/cceZXgre.o
                0x00000000000043b0                IR_ReferenceSetPersistFailureStep
 *fill*         0x00000000000043b7        0x9 
 .text.IR_ReferenceEnablePersistPauseInjection
                0x00000000000043c0        0x8 /tmp/cceZXgre.o
                0x00000000000043c0                IR_ReferenceEnablePersistPauseInjection
 *fill*         0x00000000000043c8        0x8 
 .text.IR_ReferenceSimulateRecovery
                0x00000000000043d0        0x5 /tmp/cceZXgre.o
                0x00000000000043d0                IR_ReferenceSimulateRecovery
 *fill*         0x00000000000043d5        0xb 
 .text.IR_ReferenceSimulateRestart
                0x00000000000043e0       0x24 /tmp/cceZXgre.o
                0x00000000000043e0                IR_ReferenceSimulateRestart
 *fill*         0x0000000000004404        0xc 
 .text.IR_ReferenceResetPersistentStore
                0x0000000000004410       0x76 /tmp/cceZXgre.o
                0x0000000000004410                IR_ReferenceResetPersistentStore
 .text          0x0000000000004486        0x0 /tmp/ccahI3R0.o
 *fill*         0x0000000000004486        0xa 
 .text.Check.part.0
                0x0000000000004490       0x26 /tmp/ccahI3R0.o
 .text          0x00000000000044b6        0x0 /usr/lib/gcc/x86_64-linux-gnu/14/crtendS.o
 .text          0x00000000000044b6        0x0 /usr/lib/gcc/x86_64-linux-gnu/14/../../../x86_64-linux-gnu/crtn.o
 *(.gnu.warning)

.fini           0x00000000000044b8        0x9
 *(SORT_NONE(.fini))
 .fini          0x00000000000044b8        0x4 /usr/lib/gcc/x86_64-linux-gnu/14/../../../x86_64-linux-gnu/crti.o
                0x00000000000044b8                _fini
 .fini          0x00000000000044bc        0x5 /usr/lib/gcc/x86_64-linux-gnu/14/../../../x86_64-linux-gnu/crtn.o
                [!provide]                        PROVIDE (__etext = .)
                [!provide]                        PROVIDE (_etext = .)
                [!provide]                        PROVIDE (etext = .)
                0x0000000000005000                . = ALIGN (CONSTANT (MAXPAGESIZE))
                0x0000000000005000                . = SEGMENT_START ("rodata-segment", (ALIGN (CONSTANT (MAXPAGESIZE)) + (. & (CONSTANT (MAXPAGESIZE) - 0x1))))

.rodata         0x0000000000005000      0x230
 *(.rodata .rodata.* .gnu.linkonce.r.*)
 .rodata.cst4   0x0000000000005000        0x4 /usr/lib/gcc/x86_64-linux-gnu/14/../../../x86_64-linux-gnu/Scrt1.o
                0x0000000000005000                _IO_stdin_used
 *fill*         0x0000000000005004        0x4 
 .rodata.cst8   0x0000000000005008        0x8 /tmp/cceZXgre.o
 .rodata.Check.part.0.str1.1
                0x0000000000005010       0xc9 /tmp/ccahI3R0.o
                                          0xa (size before relaxing)
 .rodata.main.str1.1
                0x00000000000050d9       0xbf /tmp/ccahI3R0.o
 *fill*         0x00000000000050d9        0x7 
 .rodata.main.str1.8
                0x00000000000050e0      0x13e /tmp/ccahI3R0.o
 *fill*         0x000000000000521e        0x2 
 .rodata.cst16  0x0000000000005220       0x10 /tmp/ccahI3R0.o

.rodata1
 *(.rodata1)

.eh_frame_hdr   0x0000000000005230      0x264
 *(.eh_frame_hdr)
 .eh_frame_hdr  0x0000000000005230      0x264 /usr/lib/gcc/x86_64-linux-gnu/14/../../../x86_64-linux-gnu/Scrt1.o
                0x0000000000005230                __GNU_EH_FRAME_HDR
 *(.eh_frame_entry .eh_frame_entry.*)

.eh_frame       0x0000000000005498      0x9e4
 *(.eh_frame)
 .eh_frame      0x0000000000005498       0x30 /usr/lib/gcc/x86_64-linux-gnu/14/../../../x86_64-linux-gnu/Scrt1.o
                                         0x2c (size before relaxing)
 *fill*         0x00000000000054c8        0x0 
 .eh_frame      0x00000000000054c8       0x40 /usr/lib/gcc/x86_64-linux-gnu/14/../../../x86_64-linux-gnu/Scrt1.o
 .eh_frame      0x0000000000005508       0x18 /usr/lib/gcc/x86_64-linux-gnu/14/../../../x86_64-linux-gnu/Scrt1.o
                                         0x30 (size before relaxing)
 .eh_frame      0x0000000000005520      0x278 /tmp/cc8M7B5y.o
                                        0x290 (size before relaxing)
 .eh_frame      0x0000000000005798      0x198 /tmp/ccGJyCW8.o
                                        0x1b0 (size before relaxing)
 .eh_frame      0x0000000000005930      0x4e8 /tmp/cceZXgre.o
                                        0x500 (size before relaxing)
 .eh_frame      0x0000000000005e18       0x60 /tmp/ccahI3R0.o
                                         0x78 (size before relaxing)
 .eh_frame      0x0000000000005e78        0x4 /usr/lib/gcc/x86_64-linux-gnu/14/crtendS.o
 *(.eh_frame.*)

.sframe         0x0000000000005e7c        0x0
 *(.sframe)
 .sframe        0x0000000000005e7c        0x0 /usr/lib/gcc/x86_64-linux-gnu/14/../../../x86_64-linux-gnu/Scrt1.o
 .sframe        0x0000000000005e7c        0x0 /usr/lib/gcc/x86_64-linux-gnu/14/../../../x86_64-linux-gnu/Scrt1.o
 *(.sframe.*)

.gcc_except_table
 *(.gcc_except_table .gcc_except_table.*)

.gnu_extab
 *(.gnu_extab*)

.exception_ranges
 *(.exception_ranges*)

.note.build-id
 *(.note.build-id)

.note.GNU-stack
                0x0000000000005e7c        0x0
 *(.note.GNU-stack)
 .note.GNU-stack
                0x0000000000005e7c        0x0 /usr/lib/gcc/x86_64-linux-gnu/14/../../../x86_64-linux-gnu/Scrt1.o
 .note.GNU-stack
                0x0000000000005e7c        0x0 /usr/lib/gcc/x86_64-linux-gnu/14/../../../x86_64-linux-gnu/crti.o
 .note.GNU-stack
                0x0000000000005e7c        0x0 /usr/lib/gcc/x86_64-linux-gnu/14/crtbeginS.o
 .note.GNU-stack
                0x0000000000005e7c        0x0 /tmp/cc8M7B5y.o
 .note.GNU-stack
                0x0000000000005e7c        0x0 /tmp/ccGJyCW8.o
 .note.GNU-stack
                0x0000000000005e7c        0x0 /tmp/cceZXgre.o
 .note.GNU-stack
                0x0000000000005e7c        0x0 /tmp/ccahI3R0.o
 .note.GNU-stack
                0x0000000000005e7c        0x0 /usr/lib/gcc/x86_64-linux-gnu/14/crtendS.o
 .note.GNU-stack
                0x0000000000005e7c        0x0 /usr/lib/gcc/x86_64-linux-gnu/14/../../../x86_64-linux-gnu/crtn.o

.note.gnu-property
 *(.note.gnu-property)

.note.ABI-tag   0x0000000000005e7c       0x20
 *(.note.ABI-tag)
 .note.ABI-tag  0x0000000000005e7c       0x20 /usr/lib/gcc/x86_64-linux-gnu/14/../../../x86_64-linux-gnu/Scrt1.o

.note.package
 *(.note.package)

.note.dlopen
 *(.note.dlopen)

.note.netbsd.ident
 *(.note.netbsd.ident)

.note.openbsd.ident
 *(.note.openbsd.ident)
                0x0000000000006c90                . = DATA_SEGMENT_ALIGN (CONSTANT (MAXPAGESIZE), CONSTANT (COMMONPAGESIZE))

.eh_frame
 *(.eh_frame)
 *(.eh_frame.*)

.sframe
 *(.sframe)
 *(.sframe.*)

.gnu_extab
 *(.gnu_extab)

.gcc_except_table
 *(.gcc_except_table .gcc_except_table.*)

.exception_ranges
 *(.exception_ranges*)

.tdata          0x0000000000006c90        0x0
                [!provide]                        PROVIDE (__tdata_start = .)
 *(.tdata .tdata.* .gnu.linkonce.td.*)

.tbss
 *(.tbss .tbss.* .gnu.linkonce.tb.*)
 *(.tcommon)

.preinit_array  0x0000000000006c90        0x0
                [!provide]                        PROVIDE (__preinit_array_start = .)
 *(.preinit_array)
                [!provide]                        PROVIDE (__preinit_array_end = .)

.init_array     0x0000000000006c90        0x8
                [!provide]                        PROVIDE (__init_array_start = .)
 *(SORT_BY_INIT_PRIORITY(.init_array.*) SORT_BY_INIT_PRIORITY(.ctors.*))
 *(.init_array EXCLUDE_FILE(*crtend?.o *crtend.o *crtbegin?.o *crtbegin.o) .ctors)
 .init_array    0x0000000000006c90        0x8 /usr/lib/gcc/x86_64-linux-gnu/14/crtbeginS.o
                [!provide]                        PROVIDE (__init_array_end = .)

.fini_array     0x0000000000006c98        0x8
                [!provide]                        PROVIDE (__fini_array_start = .)
 *(SORT_BY_INIT_PRIORITY(.fini_array.*) SORT_BY_INIT_PRIORITY(.dtors.*))
 *(.fini_array EXCLUDE_FILE(*crtend?.o *crtend.o *crtbegin?.o *crtbegin.o) .dtors)
 .fini_array    0x0000000000006c98        0x8 /usr/lib/gcc/x86_64-linux-gnu/14/crtbeginS.o
                [!provide]                        PROVIDE (__fini_array_end = .)

.ctors
 *crtbegin.o(.ctors)
 *crtbegin?.o(.ctors)
 *(EXCLUDE_FILE(*crtend?.o *crtend.o) .ctors)
 *(SORT_BY_NAME(.ctors.*))
 *(.ctors)

.dtors
 *crtbegin.o(.dtors)
 *crtbegin?.o(.dtors)
 *(EXCLUDE_FILE(*crtend?.o *crtend.o) .dtors)
 *(SORT_BY_NAME(.dtors.*))
 *(.dtors)

.jcr
 *(.jcr)

.data.rel.ro    0x0000000000006ca0      0x140
 *(.data.rel.ro.local* .gnu.linkonce.d.rel.ro.local.*)
 .data.rel.ro.local
                0x0000000000006ca0        0x8 /tmp/ccGJyCW8.o
 *fill*         0x0000000000006ca8       0x18 
 .data.rel.ro.local.g_reference_config
                0x0000000000006cc0       0x28 /tmp/cceZXgre.o
 *fill*         0x0000000000006ce8       0x18 
 .data.rel.ro.local.g_trace_ops
                0x0000000000006d00       0x20 /tmp/cceZXgre.o
 .data.rel.ro.local.g_export_ops
                0x0000000000006d20       0x30 /tmp/cceZXgre.o
 *fill*         0x0000000000006d50       0x10 
 .data.rel.ro.local.g_persistent_export_ops
                0x0000000000006d60       0x20 /tmp/cceZXgre.o
 .data.rel.ro.local.g_persistence_ops
                0x0000000000006d80        0x8 /tmp/cceZXgre.o
 *fill*         0x0000000000006d88       0x18 
 .data.rel.ro.local.g_platform_ops
                0x0000000000006da0       0x40 /tmp/cceZXgre.o
 *(.data.rel.ro .data.rel.ro.* .gnu.linkonce.d.rel.ro.*)
 .data.rel.ro   0x0000000000006de0        0x0 /usr/lib/gcc/x86_64-linux-gnu/14/../../../x86_64-linux-gnu/Scrt1.o

.dynamic        0x0000000000006de0      0x1e0
 *(.dynamic)
 .dynamic       0x0000000000006de0      0x1e0 /usr/lib/gcc/x86_64-linux-gnu/14/../../../x86_64-linux-gnu/Scrt1.o
                0x0000000000006de0                _DYNAMIC

.got            0x0000000000006fc0       0x28
 *(.got)
 .got           0x0000000000006fc0       0x28 /usr/lib/gcc/x86_64-linux-gnu/14/../../../x86_64-linux-gnu/Scrt1.o
 *(.igot)
                0x0000000000006fe8                . = DATA_SEGMENT_RELRO_END (., (SIZEOF (.got.plt) >= 0x18)?0x18:0x0)

.got.plt        0x0000000000006fe8       0x40
 *(.got.plt)
 .got.plt       0x0000000000006fe8       0x40 /usr/lib/gcc/x86_64-linux-gnu/14/../../../x86_64-linux-gnu/Scrt1.o
                0x0000000000006fe8                _GLOBAL_OFFSET_TABLE_
 *(.igot.plt)

.data           0x0000000000007028       0x10
 *(.data .data.* .gnu.linkonce.d.*)
 .data          0x0000000000007028        0x4 /usr/lib/gcc/x86_64-linux-gnu/14/../../../x86_64-linux-gnu/Scrt1.o
                0x0000000000007028                data_start
                0x0000000000007028                __data_start
 .data          0x000000000000702c        0x0 /usr/lib/gcc/x86_64-linux-gnu/14/../../../x86_64-linux-gnu/crti.o
 .data          0x000000000000702c        0x0 /usr/lib/gcc/x86_64-linux-gnu/14/crtbeginS.o
 *fill*         0x000000000000702c        0x4 
 .data.rel.local
                0x0000000000007030        0x8 /usr/lib/gcc/x86_64-linux-gnu/14/crtbeginS.o
                0x0000000000007030                __dso_handle
 .data          0x0000000000007038        0x0 /tmp/cc8M7B5y.o
 .data          0x0000000000007038        0x0 /tmp/ccGJyCW8.o
 .data          0x0000000000007038        0x0 /tmp/cceZXgre.o
 .data          0x0000000000007038        0x0 /tmp/ccahI3R0.o
 .data          0x0000000000007038        0x0 /usr/lib/gcc/x86_64-linux-gnu/14/crtendS.o
 .data          0x0000000000007038        0x0 /usr/lib/gcc/x86_64-linux-gnu/14/../../../x86_64-linux-gnu/crtn.o

.tm_clone_table
                0x0000000000007038        0x0
 .tm_clone_table
                0x0000000000007038        0x0 /usr/lib/gcc/x86_64-linux-gnu/14/crtbeginS.o
 .tm_clone_table
                0x0000000000007038        0x0 /usr/lib/gcc/x86_64-linux-gnu/14/crtendS.o

.incident_ram   0x0000000000007038     0x27f4
 .incident_ram  0x0000000000007038     0x27f4 /tmp/cc8M7B5y.o
                0x0000000000007038                g_ir_retained

.data1
 *(.data1)
                0x000000000000982c                _edata = .
                [!provide]                        PROVIDE (edata = .)
                0x0000000000009830                . = ALIGN (ALIGNOF (NEXT_SECTION))
                0x0000000000009840                __bss_start = .

.bss            0x0000000000009840    0x10730
 *(.dynbss)
 .dynbss        0x0000000000009840        0x8 /usr/lib/gcc/x86_64-linux-gnu/14/../../../x86_64-linux-gnu/Scrt1.o
                0x0000000000009840                stderr@@GLIBC_2.2.5
 *(.bss .bss.* .gnu.linkonce.b.*)
 .bss           0x0000000000009848        0x0 /usr/lib/gcc/x86_64-linux-gnu/14/../../../x86_64-linux-gnu/Scrt1.o
 .bss           0x0000000000009848        0x0 /usr/lib/gcc/x86_64-linux-gnu/14/../../../x86_64-linux-gnu/crti.o
 .bss           0x0000000000009848        0x1 /usr/lib/gcc/x86_64-linux-gnu/14/crtbeginS.o
 .bss           0x0000000000009849        0x0 /tmp/cc8M7B5y.o
 *fill*         0x0000000000009849       0x17 
 .bss.g_ir_isr_trace_queue
                0x0000000000009860      0x30c /tmp/cc8M7B5y.o
                0x0000000000009860                g_ir_isr_trace_queue
 *fill*         0x0000000000009b6c       0x14 
 .bss.g_ir_task_trace_queue
                0x0000000000009b80      0x30c /tmp/cc8M7B5y.o
                0x0000000000009b80                g_ir_task_trace_queue
 *fill*         0x0000000000009e8c       0x14 
 .bss.g_ir_runtime
                0x0000000000009ea0       0x38 /tmp/cc8M7B5y.o
                0x0000000000009ea0                g_ir_runtime
 .bss           0x0000000000009ed8        0x0 /tmp/ccGJyCW8.o
 .bss           0x0000000000009ed8        0x0 /tmp/cceZXgre.o
 .bss.g_trace_record_count
                0x0000000000009ed8        0x4 /tmp/cceZXgre.o
 .bss.g_timestamp
                0x0000000000009edc        0x4 /tmp/cceZXgre.o
 .bss.g_export_record_id
                0x0000000000009ee0        0x4 /tmp/cceZXgre.o
 .bss.g_export_expected_length
                0x0000000000009ee4        0x4 /tmp/cceZXgre.o
 .bss.g_exported_length
                0x0000000000009ee8        0x4 /tmp/cceZXgre.o
 *fill*         0x0000000000009eec       0x14 
 .bss.g_exported
                0x0000000000009f00     0x4000 /tmp/cceZXgre.o
 .bss.g_pause_injection_enabled
                0x000000000000df00        0x1 /tmp/cceZXgre.o
 *fill*         0x000000000000df01        0x3 
 .bss.g_persist_failure_step
                0x000000000000df04        0x4 /tmp/cceZXgre.o
 .bss.g_last_persisted_record_id
                0x000000000000df08        0x4 /tmp/cceZXgre.o
 .bss.g_next_record_id
                0x000000000000df0c        0x4 /tmp/cceZXgre.o
 .bss.g_next_generation
                0x000000000000df10        0x8 /tmp/cceZXgre.o
 *fill*         0x000000000000df18        0x8 
 .bss.g_staging
                0x000000000000df20     0x4000 /tmp/cceZXgre.o
 .bss.g_slots   0x0000000000011f20     0x8050 /tmp/cceZXgre.o
 .bss           0x0000000000019f70        0x0 /tmp/ccahI3R0.o
 .bss           0x0000000000019f70        0x0 /usr/lib/gcc/x86_64-linux-gnu/14/crtendS.o
 .bss           0x0000000000019f70        0x0 /usr/lib/gcc/x86_64-linux-gnu/14/../../../x86_64-linux-gnu/crtn.o
 *(COMMON)
                0x0000000000019f70                . = ALIGN ((. != 0x0)?0x8:0x1)

.lbss
 *(.dynlbss)
 *(.lbss .lbss.* .gnu.linkonce.lb.*)
 *(LARGE_COMMON)
                0x0000000000019f70                . = ALIGN (0x8)
                0x0000000000019f70                . = SEGMENT_START ("ldata-segment", .)

.lrodata
 *(.lrodata .lrodata.* .gnu.linkonce.lr.*)

.ldata          0x000000000001bf70        0x0
 *(.ldata .ldata.* .gnu.linkonce.l.*)
                0x000000000001bf70                . = ALIGN ((. != 0x0)?0x8:0x1)
                0x000000000001bf70                . = ALIGN (0x8)
                0x0000000000019f70                _end = .
                [!provide]                        PROVIDE (end = .)
                0x000000000001bf70                . = DATA_SEGMENT_END (.)

.stab
 *(.stab)

.stabstr
 *(.stabstr)

.stab.excl
 *(.stab.excl)

.stab.exclstr
 *(.stab.exclstr)

.stab.index
 *(.stab.index)

.stab.indexstr
 *(.stab.indexstr)

.comment        0x0000000000000000       0x1f
 *(.comment)
 .comment       0x0000000000000000       0x1f /usr/lib/gcc/x86_64-linux-gnu/14/crtbeginS.o
                                         0x20 (size before relaxing)
 .comment       0x000000000000001f       0x20 /tmp/cc8M7B5y.o
 .comment       0x000000000000001f       0x20 /tmp/ccGJyCW8.o
 .comment       0x000000000000001f       0x20 /tmp/cceZXgre.o
 .comment       0x000000000000001f       0x20 /tmp/ccahI3R0.o
 .comment       0x000000000000001f       0x20 /usr/lib/gcc/x86_64-linux-gnu/14/crtendS.o

.gnu.build.attributes
 *(.gnu.build.attributes .gnu.build.attributes.*)

.debug
 *(.debug)

.line
 *(.line)

.debug_srcinfo
 *(.debug_srcinfo)

.debug_sfnames
 *(.debug_sfnames)

.debug_aranges
 *(.debug_aranges)

.debug_pubnames
 *(.debug_pubnames)

.debug_info
 *(.debug_info .gnu.linkonce.wi.*)

.debug_abbrev
 *(.debug_abbrev)

.debug_line
 *(.debug_line .debug_line.* .debug_line_end)

.debug_frame
 *(.debug_frame)

.debug_str
 *(.debug_str)

.debug_loc
 *(.debug_loc)

.debug_macinfo
 *(.debug_macinfo)

.debug_weaknames
 *(.debug_weaknames)

.debug_funcnames
 *(.debug_funcnames)

.debug_typenames
 *(.debug_typenames)

.debug_varnames
 *(.debug_varnames)

.debug_pubtypes
 *(.debug_pubtypes)

.debug_ranges
 *(.debug_ranges)

.debug_addr
 *(.debug_addr)

.debug_line_str
 *(.debug_line_str)

.debug_loclists
 *(.debug_loclists)

.debug_macro
 *(.debug_macro)

.debug_names
 *(.debug_names)

.debug_rnglists
 *(.debug_rnglists)

.debug_str_offsets
 *(.debug_str_offsets)

.debug_sup
 *(.debug_sup)

.gnu.attributes
 *(.gnu.attributes)

/DISCARD/
 *(.note.GNU-stack)
 *(.gnu_debuglink)
 *(.gnu.lto_*)
 *(.gnu_object_only)
OUTPUT(./build/development/ir_reference elf64-x86-64)
