
Merging program properties

Removed property 0xc0000002 to merge /usr/lib/gcc/x86_64-linux-gnu/14/../../../x86_64-linux-gnu/Scrt1.o (not found) and /usr/lib/gcc/x86_64-linux-gnu/14/crtbeginS.o (0x3)
Removed property 0xc0000002 to merge /usr/lib/gcc/x86_64-linux-gnu/14/../../../x86_64-linux-gnu/Scrt1.o (not found) and /usr/lib/gcc/x86_64-linux-gnu/14/crtendS.o (0x3)

As-needed library included to satisfy reference by file (symbol)

libc.so.6                     /usr/lib/gcc/x86_64-linux-gnu/14/../../../x86_64-linux-gnu/Scrt1.o (__libc_start_main@@GLIBC_2.34)

Discarded input sections

 .note.gnu.property
                0x0000000000000000       0x20 /usr/lib/gcc/x86_64-linux-gnu/14/crtbeginS.o
 .note.gnu.property
                0x0000000000000000       0x20 /usr/lib/gcc/x86_64-linux-gnu/14/crtendS.o

Memory Configuration

Name             Origin             Length             Attributes
*default*        0x0000000000000000 0xffffffffffffffff

Linker script and memory map

LOAD /usr/lib/gcc/x86_64-linux-gnu/14/../../../x86_64-linux-gnu/Scrt1.o
LOAD /usr/lib/gcc/x86_64-linux-gnu/14/../../../x86_64-linux-gnu/crti.o
LOAD /usr/lib/gcc/x86_64-linux-gnu/14/crtbeginS.o
LOAD /tmp/ccTFahgL.o
LOAD /tmp/ccG5wRUT.o
LOAD /tmp/cc1JslCc.o
LOAD /tmp/ccHnXbPM.o
LOAD /usr/lib/gcc/x86_64-linux-gnu/14/libgcc.a
LOAD /usr/lib/gcc/x86_64-linux-gnu/14/libgcc_s.so
START GROUP
LOAD /usr/lib/gcc/x86_64-linux-gnu/14/../../../x86_64-linux-gnu/libgcc_s.so.1
LOAD /usr/lib/gcc/x86_64-linux-gnu/14/libgcc.a
END GROUP
LOAD /usr/lib/gcc/x86_64-linux-gnu/14/../../../x86_64-linux-gnu/libc.so
START GROUP
LOAD /lib/x86_64-linux-gnu/libc.so.6
LOAD /usr/lib/x86_64-linux-gnu/libc_nonshared.a
LOAD /lib64/ld-linux-x86-64.so.2
END GROUP
LOAD /usr/lib/gcc/x86_64-linux-gnu/14/libgcc.a
LOAD /usr/lib/gcc/x86_64-linux-gnu/14/libgcc_s.so
START GROUP
LOAD /usr/lib/gcc/x86_64-linux-gnu/14/../../../x86_64-linux-gnu/libgcc_s.so.1
LOAD /usr/lib/gcc/x86_64-linux-gnu/14/libgcc.a
END GROUP
LOAD /usr/lib/gcc/x86_64-linux-gnu/14/crtendS.o
LOAD /usr/lib/gcc/x86_64-linux-gnu/14/../../../x86_64-linux-gnu/crtn.o
                [!provide]                        PROVIDE (__executable_start = SEGMENT_START ("text-segment", 0x0))
                0x0000000000000350                . = (SEGMENT_START ("text-segment", 0x0) + SIZEOF_HEADERS)

.note.gnu.property
                0x0000000000000350       0x20
 .note.gnu.property
                0x0000000000000350       0x20 /usr/lib/gcc/x86_64-linux-gnu/14/../../../x86_64-linux-gnu/Scrt1.o

.note.gnu.build-id
                0x0000000000000370       0x24
 *(.note.gnu.build-id)
 .note.gnu.build-id
                0x0000000000000370       0x24 /usr/lib/gcc/x86_64-linux-gnu/14/../../../x86_64-linux-gnu/Scrt1.o

.interp         0x0000000000000394       0x1c
 *(.interp)
 .interp        0x0000000000000394       0x1c /usr/lib/gcc/x86_64-linux-gnu/14/../../../x86_64-linux-gnu/Scrt1.o

.hash
 *(.hash)

.gnu.hash       0x00000000000003b0       0x28
 *(.gnu.hash)
 .gnu.hash      0x00000000000003b0       0x28 /usr/lib/gcc/x86_64-linux-gnu/14/../../../x86_64-linux-gnu/Scrt1.o

.dynsym         0x00000000000003d8      0x120
 *(.dynsym)
 .dynsym        0x00000000000003d8      0x120 /usr/lib/gcc/x86_64-linux-gnu/14/../../../x86_64-linux-gnu/Scrt1.o

.dynstr         0x00000000000004f8       0xb7
 *(.dynstr)
 .dynstr        0x00000000000004f8       0xb7 /usr/lib/gcc/x86_64-linux-gnu/14/../../../x86_64-linux-gnu/Scrt1.o

.gnu.version    0x00000000000005b0       0x18
 *(.gnu.version)
 .gnu.version   0x00000000000005b0       0x18 /usr/lib/gcc/x86_64-linux-gnu/14/../../../x86_64-linux-gnu/Scrt1.o

.gnu.version_d  0x00000000000005c8        0x0
 *(.gnu.version_d)
 .gnu.version_d
                0x00000000000005c8        0x0 /usr/lib/gcc/x86_64-linux-gnu/14/../../../x86_64-linux-gnu/Scrt1.o

.gnu.version_r  0x00000000000005c8       0x40
 *(.gnu.version_r)
 .gnu.version_r
                0x00000000000005c8       0x40 /usr/lib/gcc/x86_64-linux-gnu/14/../../../x86_64-linux-gnu/Scrt1.o

.rela.dyn       0x0000000000000608      0x390
 *(.rela.init)
 *(.rela.text .rela.text.* .rela.gnu.linkonce.t.*)
 .rela.text.Check.part.0
                0x0000000000000608        0x0 /usr/lib/gcc/x86_64-linux-gnu/14/../../../x86_64-linux-gnu/Scrt1.o
 *(.rela.fini)
 *(.rela.rodata .rela.rodata.* .rela.gnu.linkonce.r.*)
 *(.rela.data .rela.data.* .rela.gnu.linkonce.d.*)
 .rela.data.rel.ro
                0x0000000000000608        0x0 /usr/lib/gcc/x86_64-linux-gnu/14/../../../x86_64-linux-gnu/Scrt1.o
 .rela.data.rel.local
                0x0000000000000608       0x18 /usr/lib/gcc/x86_64-linux-gnu/14/../../../x86_64-linux-gnu/Scrt1.o
 .rela.data.rel.ro.local
                0x0000000000000620       0x18 /usr/lib/gcc/x86_64-linux-gnu/14/../../../x86_64-linux-gnu/Scrt1.o
 .rela.data.rel.ro.local.g_reference_config
                0x0000000000000638       0x78 /usr/lib/gcc/x86_64-linux-gnu/14/../../../x86_64-linux-gnu/Scrt1.o
 .rela.data.rel.ro.local.g_trace_ops
                0x00000000000006b0       0x60 /usr/lib/gcc/x86_64-linux-gnu/14/../../../x86_64-linux-gnu/Scrt1.o
 .rela.data.rel.ro.local.g_export_ops
                0x0000000000000710       0x90 /usr/lib/gcc/x86_64-linux-gnu/14/../../../x86_64-linux-gnu/Scrt1.o
 .rela.data.rel.ro.local.g_persistent_export_ops
                0x00000000000007a0       0x60 /usr/lib/gcc/x86_64-linux-gnu/14/../../../x86_64-linux-gnu/Scrt1.o
 .rela.data.rel.ro.local.g_persistence_ops
                0x0000000000000800       0x18 /usr/lib/gcc/x86_64-linux-gnu/14/../../../x86_64-linux-gnu/Scrt1.o
 .rela.data.rel.ro.local.g_platform_ops
                0x0000000000000818       0xc0 /usr/lib/gcc/x86_64-linux-gnu/14/../../../x86_64-linux-gnu/Scrt1.o
 *(.rela.tdata .rela.tdata.* .rela.gnu.linkonce.td.*)
 *(.rela.tbss .rela.tbss.* .rela.gnu.linkonce.tb.*)
 *(.rela.ctors)
 *(.rela.dtors)
 *(.rela.got)
 .rela.got      0x00000000000008d8       0x78 /usr/lib/gcc/x86_64-linux-gnu/14/../../../x86_64-linux-gnu/Scrt1.o
 *(.rela.bss .rela.bss.* .rela.gnu.linkonce.b.*)
 .rela.bss      0x0000000000000950       0x18 /usr/lib/gcc/x86_64-linux-gnu/14/../../../x86_64-linux-gnu/Scrt1.o
 *(.rela.ldata .rela.ldata.* .rela.gnu.linkonce.l.*)
 *(.rela.lbss .rela.lbss.* .rela.gnu.linkonce.lb.*)
 *(.rela.lrodata .rela.lrodata.* .rela.gnu.linkonce.lr.*)
 *(.rela.ifunc)
 .rela.ifunc    0x0000000000000968        0x0 /usr/lib/gcc/x86_64-linux-gnu/14/../../../x86_64-linux-gnu/Scrt1.o
 .rela.fini_array
                0x0000000000000968       0x18 /usr/lib/gcc/x86_64-linux-gnu/14/../../../x86_64-linux-gnu/Scrt1.o
 .rela.init_array
                0x0000000000000980       0x18 /usr/lib/gcc/x86_64-linux-gnu/14/../../../x86_64-linux-gnu/Scrt1.o

.rela.plt       0x0000000000000998       0x78
 *(.rela.plt)
 .rela.plt      0x0000000000000998       0x78 /usr/lib/gcc/x86_64-linux-gnu/14/../../../x86_64-linux-gnu/Scrt1.o
 *(.rela.iplt)

.relr.dyn
 *(.relr.dyn)
                0x0000000000001000                . = ALIGN (CONSTANT (MAXPAGESIZE))

.init           0x0000000000001000       0x17
 *(SORT_NONE(.init))
 .init          0x0000000000001000       0x12 /usr/lib/gcc/x86_64-linux-gnu/14/../../../x86_64-linux-gnu/crti.o
                0x0000000000001000                _init
 .init          0x0000000000001012        0x5 /usr/lib/gcc/x86_64-linux-gnu/14/../../../x86_64-linux-gnu/crtn.o

.plt            0x0000000000001020       0x60
 *(.plt)
 .plt           0x0000000000001020       0x60 /usr/lib/gcc/x86_64-linux-gnu/14/../../../x86_64-linux-gnu/Scrt1.o
                0x0000000000001030                printf@@GLIBC_2.2.5
                0x0000000000001040                memset@@GLIBC_2.2.5
                0x0000000000001050                memcmp@@GLIBC_2.2.5
                0x0000000000001060                fprintf@@GLIBC_2.2.5
                0x0000000000001070                memcpy@@GLIBC_2.14
 *(.iplt)

.plt.got        0x0000000000001080        0x8
 *(.plt.got)
 .plt.got       0x0000000000001080        0x8 /usr/lib/gcc/x86_64-linux-gnu/14/../../../x86_64-linux-gnu/Scrt1.o
                0x0000000000001080                __cxa_finalize@@GLIBC_2.2.5

.plt.sec
 *(.plt.sec)

.text           0x00000000000010a0     0x3b06
 *(.text.unlikely .text.*_unlikely .text.unlikely.*)
 *(.text.exit .text.exit.*)
 *(.text.startup .text.startup.*)
 .text.startup.main
                0x00000000000010a0      0xa50 /tmp/ccHnXbPM.o
                0x00000000000010a0                main
 *(.text.hot .text.hot.*)
 *(SORT_BY_NAME(.text.sorted.*))
 *(.text .stub .text.* .gnu.linkonce.t.*)
 .text          0x0000000000001af0       0x22 /usr/lib/gcc/x86_64-linux-gnu/14/../../../x86_64-linux-gnu/Scrt1.o
                0x0000000000001af0                _start
 .text          0x0000000000001b12        0x0 /usr/lib/gcc/x86_64-linux-gnu/14/../../../x86_64-linux-gnu/crti.o
 *fill*         0x0000000000001b12        0xe 
 .text          0x0000000000001b20       0xb9 /usr/lib/gcc/x86_64-linux-gnu/14/crtbeginS.o
 .text          0x0000000000001bd9        0x0 /tmp/ccTFahgL.o
 *fill*         0x0000000000001bd9        0x7 
 .text.IR_EarlyInit.part.0
                0x0000000000001be0      0x19c /tmp/ccTFahgL.o
 *fill*         0x0000000000001d7c        0x4 
 .text.IR_InternalWriteRecord
                0x0000000000001d80      0x4b8 /tmp/ccTFahgL.o
 *fill*         0x0000000000002238        0x8 
 .text.IR_InternalFirstAbnormal
                0x0000000000002240      0x32e /tmp/ccTFahgL.o
 *fill*         0x000000000000256e        0x2 
 .text.IR_InternalTimestamp
                0x0000000000002570       0x23 /tmp/ccTFahgL.o
                0x0000000000002570                IR_InternalTimestamp
 *fill*         0x0000000000002593        0xd 
 .text.IR_InternalEnterCritical
                0x00000000000025a0       0x23 /tmp/ccTFahgL.o
                0x00000000000025a0                IR_InternalEnterCritical
 *fill*         0x00000000000025c3        0xd 
 .text.IR_InternalExitCritical
                0x00000000000025d0       0x21 /tmp/ccTFahgL.o
                0x00000000000025d0                IR_InternalExitCritical
 *fill*         0x00000000000025f1        0xf 
 .text.IR_InternalPublishBarrier
                0x0000000000002600       0x21 /tmp/ccTFahgL.o
                0x0000000000002600                IR_InternalPublishBarrier
 *fill*         0x0000000000002621        0xf 
 .text.IR_InternalSetHealth
                0x0000000000002630       0xbd /tmp/ccTFahgL.o
                0x0000000000002630                IR_InternalSetHealth
 *fill*         0x00000000000026ed        0x3 
 .text.IR_InternalSaturatingIncrement
                0x00000000000026f0       0x12 /tmp/ccTFahgL.o
                0x00000000000026f0                IR_InternalSaturatingIncrement
 *fill*         0x0000000000002702        0xe 
 .text.IR_InternalBeginFreshEpoch
                0x0000000000002710       0xa9 /tmp/ccTFahgL.o
                0x0000000000002710                IR_InternalBeginFreshEpoch
 *fill*         0x00000000000027b9        0x7 
 .text.IR_EarlyInit
                0x00000000000027c0       0x59 /tmp/ccTFahgL.o
                0x00000000000027c0                IR_EarlyInit
 *fill*         0x0000000000002819        0x7 
 .text.IR_Init  0x0000000000002820       0xe9 /tmp/ccTFahgL.o
                0x0000000000002820                IR_Init
 *fill*         0x0000000000002909        0x7 
 .text.IR_SystemStable
                0x0000000000002910       0x9d /tmp/ccTFahgL.o
                0x0000000000002910                IR_SystemStable
 *fill*         0x00000000000029ad        0x3 
 .text.IR_EventTask
                0x00000000000029b0       0x2a /tmp/ccTFahgL.o
                0x00000000000029b0                IR_EventTask
 *fill*         0x00000000000029da        0x6 
 .text.IR_EventIsr
                0x00000000000029e0       0x30 /tmp/ccTFahgL.o
                0x00000000000029e0                IR_EventIsr
 .text.IR_FirstAbnormalTask
                0x0000000000002a10       0x14 /tmp/ccTFahgL.o
                0x0000000000002a10                IR_FirstAbnormalTask
 *fill*         0x0000000000002a24        0xc 
 .text.IR_FirstAbnormalIsr
                0x0000000000002a30       0x17 /tmp/ccTFahgL.o
                0x0000000000002a30                IR_FirstAbnormalIsr
 *fill*         0x0000000000002a47        0x9 
 .text.IR_FatalCapture
                0x0000000000002a50       0xd1 /tmp/ccTFahgL.o
                0x0000000000002a50                IR_FatalCapture
 *fill*         0x0000000000002b21        0xf 
 .text.IR_GetStatus
                0x0000000000002b30      0x147 /tmp/ccTFahgL.o
                0x0000000000002b30                IR_GetStatus
 .text          0x0000000000002c77        0x0 /tmp/ccG5wRUT.o
 *fill*         0x0000000000002c77        0x9 
 .text.IR_ServiceResetExport
                0x0000000000002c80       0x4a /tmp/ccG5wRUT.o
 *fill*         0x0000000000002cca        0x6 
 .text.IR_ServiceReadIsrRecord
                0x0000000000002cd0       0xa6 /tmp/ccG5wRUT.o
 *fill*         0x0000000000002d76        0xa 
 .text.IR_ServiceReadTaskRecord
                0x0000000000002d80       0xae /tmp/ccG5wRUT.o
 *fill*         0x0000000000002e2e        0x2 
 .text.IR_InternalQueueDevelopmentTrace
                0x0000000000002e30      0x122 /tmp/ccG5wRUT.o
                0x0000000000002e30                IR_InternalQueueDevelopmentTrace
 *fill*         0x0000000000002f52        0xe 
 .text.IR_InternalPopDevelopmentTrace
                0x0000000000002f60      0x152 /tmp/ccG5wRUT.o
                0x0000000000002f60                IR_InternalPopDevelopmentTrace
 *fill*         0x00000000000030b2        0xe 
 .text.IR_ServiceRequestExport
                0x00000000000030c0       0x22 /tmp/ccG5wRUT.o
                0x00000000000030c0                IR_ServiceRequestExport
 *fill*         0x00000000000030e2        0xe 
 .text.IR_ServiceProcess
                0x00000000000030f0      0x880 /tmp/ccG5wRUT.o
                0x00000000000030f0                IR_ServiceProcess
 .text          0x0000000000003970        0x0 /tmp/cc1JslCc.o
 .text.RefExportAvailable
                0x0000000000003970        0x6 /tmp/cc1JslCc.o
 *fill*         0x0000000000003976        0xa 
 .text.RefExportEnd
                0x0000000000003980       0x13 /tmp/cc1JslCc.o
 *fill*         0x0000000000003993        0xd 
 .text.RefExportAbort
                0x00000000000039a0       0x1f /tmp/cc1JslCc.o
 *fill*         0x00000000000039bf        0x1 
 .text.RefTraceBegin
                0x00000000000039c0        0xd /tmp/cc1JslCc.o
 *fill*         0x00000000000039cd        0x3 
 .text.RefTraceWrite
                0x00000000000039d0       0x16 /tmp/cc1JslCc.o
 *fill*         0x00000000000039e6        0xa 
 .text.RefTraceEnd
                0x00000000000039f0        0x3 /tmp/cc1JslCc.o
 *fill*         0x00000000000039f3        0xd 
 .text.RefGetTimestamp
                0x0000000000003a00       0x10 /tmp/cc1JslCc.o
 .text.RefGetResetCause
                0x0000000000003a10        0x6 /tmp/cc1JslCc.o
 *fill*         0x0000000000003a16        0xa 
 .text.RefEnterCritical
                0x0000000000003a20        0x3 /tmp/cc1JslCc.o
 *fill*         0x0000000000003a23        0xd 
 .text.RefExitCritical
                0x0000000000003a30        0x1 /tmp/cc1JslCc.o
 *fill*         0x0000000000003a31        0xf 
 .text.RefTryClaimU32
                0x0000000000003a40       0x13 /tmp/cc1JslCc.o
 *fill*         0x0000000000003a53        0xd 
 .text.RefExportWrite
                0x0000000000003a60       0x6e /tmp/cc1JslCc.o
 *fill*         0x0000000000003ace        0x2 
 .text.RefPublishBarrier
                0x0000000000003ad0        0x1 /tmp/cc1JslCc.o
 *fill*         0x0000000000003ad1        0xf 
 .text.RefCrc32.part.0
                0x0000000000003ae0       0x44 /tmp/cc1JslCc.o
 *fill*         0x0000000000003b24        0xc 
 .text.RefPutU32.constprop.0
                0x0000000000003b30       0x4f /tmp/cc1JslCc.o
 *fill*         0x0000000000003b7f        0x1 
 .text.RefPutU16.constprop.0
                0x0000000000003b80       0x34 /tmp/cc1JslCc.o
 *fill*         0x0000000000003bb4        0xc 
 .text.RefTraceAvailable
                0x0000000000003bc0        0x6 /tmp/cc1JslCc.o
 *fill*         0x0000000000003bc6        0xa 
 .text.RefGetContextId
                0x0000000000003bd0        0x6 /tmp/cc1JslCc.o
 *fill*         0x0000000000003bd6        0xa 
 .text.RefGetContextType
                0x0000000000003be0        0x3 /tmp/cc1JslCc.o
 *fill*         0x0000000000003be3       0x1d 
 .text.RefSlotValid
                0x0000000000003c00       0x91 /tmp/cc1JslCc.o
 *fill*         0x0000000000003c91        0xf 
 .text.RefRecoverSlots
                0x0000000000003ca0       0x96 /tmp/cc1JslCc.o
 *fill*         0x0000000000003d36        0xa 
 .text.RefPersistentReadPayload
                0x0000000000003d40       0x9a /tmp/cc1JslCc.o
 *fill*         0x0000000000003dda        0x6 
 .text.RefFindPendingOldest
                0x0000000000003de0       0x6d /tmp/cc1JslCc.o
 *fill*         0x0000000000003e4d        0x3 
 .text.RefPersistentReadMeta
                0x0000000000003e50       0x4e /tmp/cc1JslCc.o
 *fill*         0x0000000000003e9e        0x2 
 .text.RefPersistentHasPending
                0x0000000000003ea0       0x14 /tmp/cc1JslCc.o
 *fill*         0x0000000000003eb4        0xc 
 .text.RefPersistentMarkExported
                0x0000000000003ec0       0x68 /tmp/cc1JslCc.o
 *fill*         0x0000000000003f28        0x8 
 .text.RefExportVerify
                0x0000000000003f30       0x72 /tmp/cc1JslCc.o
 *fill*         0x0000000000003fa2        0xe 
 .text.RefExportBegin
                0x0000000000003fb0       0xa2 /tmp/cc1JslCc.o
 *fill*         0x0000000000004052        0xe 
 .text.RefPutRuntimeRecord.constprop.0
                0x0000000000004060      0x11a /tmp/cc1JslCc.o
 *fill*         0x000000000000417a        0x6 
 .text.RefPersist
                0x0000000000004180      0x700 /tmp/cc1JslCc.o
 .text.IR_ProjectConfig
                0x0000000000004880        0x8 /tmp/cc1JslCc.o
                0x0000000000004880                IR_ProjectConfig
 *fill*         0x0000000000004888        0x8 
 .text.IR_ReferencePersistedBytes
                0x0000000000004890       0x65 /tmp/cc1JslCc.o
                0x0000000000004890                IR_ReferencePersistedBytes
 *fill*         0x00000000000048f5        0xb 
 .text.IR_ReferenceExportedBytes
                0x0000000000004900        0x7 /tmp/cc1JslCc.o
                0x0000000000004900                IR_ReferenceExportedBytes
 *fill*         0x0000000000004907        0x9 
 .text.IR_ReferenceContinuousTraceRecords
                0x0000000000004910        0x7 /tmp/cc1JslCc.o
                0x0000000000004910                IR_ReferenceContinuousTraceRecords
 *fill*         0x0000000000004917        0x9 
 .text.IR_ReferenceExportMatchesPersistence
                0x0000000000004920       0x64 /tmp/cc1JslCc.o
                0x0000000000004920                IR_ReferenceExportMatchesPersistence
 *fill*         0x0000000000004984        0xc 
 .text.IR_ReferenceHasPendingPersistentEvidence
                0x0000000000004990       0x14 /tmp/cc1JslCc.o
                0x0000000000004990                IR_ReferenceHasPendingPersistentEvidence
 *fill*         0x00000000000049a4        0xc 
 .text.IR_ReferencePendingPersistentCount
                0x00000000000049b0       0x51 /tmp/cc1JslCc.o
                0x00000000000049b0                IR_ReferencePendingPersistentCount
 *fill*         0x0000000000004a01        0xf 
 .text.IR_ReferenceLastPersistedRecordId
                0x0000000000004a10        0x7 /tmp/cc1JslCc.o
                0x0000000000004a10                IR_ReferenceLastPersistedRecordId
 *fill*         0x0000000000004a17        0x9 
 .text.IR_ReferenceReadPersistentByte
                0x0000000000004a20       0x6f /tmp/cc1JslCc.o
                0x0000000000004a20                IR_ReferenceReadPersistentByte
 *fill*         0x0000000000004a8f        0x1 
 .text.IR_ReferenceSetPersistFailureStep
                0x0000000000004a90        0x7 /tmp/cc1JslCc.o
                0x0000000000004a90                IR_ReferenceSetPersistFailureStep
 *fill*         0x0000000000004a97        0x9 
 .text.IR_ReferenceEnablePersistPauseInjection
                0x0000000000004aa0        0x8 /tmp/cc1JslCc.o
                0x0000000000004aa0                IR_ReferenceEnablePersistPauseInjection
 *fill*         0x0000000000004aa8        0x8 
 .text.IR_ReferenceSimulateRecovery
                0x0000000000004ab0        0x5 /tmp/cc1JslCc.o
                0x0000000000004ab0                IR_ReferenceSimulateRecovery
 *fill*         0x0000000000004ab5        0xb 
 .text.IR_ReferenceSimulateRestart
                0x0000000000004ac0       0x24 /tmp/cc1JslCc.o
                0x0000000000004ac0                IR_ReferenceSimulateRestart
 *fill*         0x0000000000004ae4        0xc 
 .text.IR_ReferenceResetPersistentStore
                0x0000000000004af0       0x76 /tmp/cc1JslCc.o
                0x0000000000004af0                IR_ReferenceResetPersistentStore
 .text          0x0000000000004b66        0x0 /tmp/ccHnXbPM.o
 *fill*         0x0000000000004b66        0xa 
 .text.EmptyReader
                0x0000000000004b70        0x6 /tmp/ccHnXbPM.o
 *fill*         0x0000000000004b76        0xa 
 .text.Check.part.0
                0x0000000000004b80       0x26 /tmp/ccHnXbPM.o
 .text          0x0000000000004ba6        0x0 /usr/lib/gcc/x86_64-linux-gnu/14/crtendS.o
 .text          0x0000000000004ba6        0x0 /usr/lib/gcc/x86_64-linux-gnu/14/../../../x86_64-linux-gnu/crtn.o
 *(.gnu.warning)

.fini           0x0000000000004ba8        0x9
 *(SORT_NONE(.fini))
 .fini          0x0000000000004ba8        0x4 /usr/lib/gcc/x86_64-linux-gnu/14/../../../x86_64-linux-gnu/crti.o
                0x0000000000004ba8                _fini
 .fini          0x0000000000004bac        0x5 /usr/lib/gcc/x86_64-linux-gnu/14/../../../x86_64-linux-gnu/crtn.o
                [!provide]                        PROVIDE (__etext = .)
                [!provide]                        PROVIDE (_etext = .)
                [!provide]                        PROVIDE (etext = .)
                0x0000000000005000                . = ALIGN (CONSTANT (MAXPAGESIZE))
                0x0000000000005000                . = SEGMENT_START ("rodata-segment", (ALIGN (CONSTANT (MAXPAGESIZE)) + (. & (CONSTANT (MAXPAGESIZE) - 0x1))))

.rodata         0x0000000000005000      0x639
 *(.rodata .rodata.* .gnu.linkonce.r.*)
 .rodata.cst4   0x0000000000005000        0x4 /usr/lib/gcc/x86_64-linux-gnu/14/../../../x86_64-linux-gnu/Scrt1.o
                0x0000000000005000                _IO_stdin_used
 *fill*         0x0000000000005004        0x4 
 .rodata.cst8   0x0000000000005008       0x30 /tmp/cc1JslCc.o
                                          0x8 (size before relaxing)
 .rodata.Check.part.0.str1.1
                0x0000000000005038       0xd6 /tmp/ccHnXbPM.o
                                          0xa (size before relaxing)
 .rodata.main.str1.1
                0x000000000000510e       0xd1 /tmp/ccHnXbPM.o
 *fill*         0x000000000000510e        0x2 
 .rodata.main.str1.8
                0x0000000000005110      0x529 /tmp/ccHnXbPM.o
 .rodata.cst8   0x0000000000005639       0x28 /tmp/ccHnXbPM.o

.rodata1
 *(.rodata1)

.eh_frame_hdr   0x000000000000563c      0x26c
 *(.eh_frame_hdr)
 .eh_frame_hdr  0x000000000000563c      0x26c /usr/lib/gcc/x86_64-linux-gnu/14/../../../x86_64-linux-gnu/Scrt1.o
                0x000000000000563c                __GNU_EH_FRAME_HDR
 *(.eh_frame_entry .eh_frame_entry.*)

.eh_frame       0x00000000000058a8      0xa00
 *(.eh_frame)
 .eh_frame      0x00000000000058a8       0x30 /usr/lib/gcc/x86_64-linux-gnu/14/../../../x86_64-linux-gnu/Scrt1.o
                                         0x2c (size before relaxing)
 *fill*         0x00000000000058d8        0x0 
 .eh_frame      0x00000000000058d8       0x40 /usr/lib/gcc/x86_64-linux-gnu/14/../../../x86_64-linux-gnu/Scrt1.o
 .eh_frame      0x0000000000005918       0x18 /usr/lib/gcc/x86_64-linux-gnu/14/../../../x86_64-linux-gnu/Scrt1.o
                                         0x30 (size before relaxing)
 .eh_frame      0x0000000000005930      0x278 /tmp/ccTFahgL.o
                                        0x290 (size before relaxing)
 .eh_frame      0x0000000000005ba8      0x198 /tmp/ccG5wRUT.o
                                        0x1b0 (size before relaxing)
 .eh_frame      0x0000000000005d40      0x4e8 /tmp/cc1JslCc.o
                                        0x500 (size before relaxing)
 .eh_frame      0x0000000000006228       0x7c /tmp/ccHnXbPM.o
                                         0x98 (size before relaxing)
 .eh_frame      0x00000000000062a4        0x4 /usr/lib/gcc/x86_64-linux-gnu/14/crtendS.o
 *(.eh_frame.*)

.sframe         0x00000000000062a8        0x0
 *(.sframe)
 .sframe        0x00000000000062a8        0x0 /usr/lib/gcc/x86_64-linux-gnu/14/../../../x86_64-linux-gnu/Scrt1.o
 .sframe        0x00000000000062a8        0x0 /usr/lib/gcc/x86_64-linux-gnu/14/../../../x86_64-linux-gnu/Scrt1.o
 *(.sframe.*)

.gcc_except_table
 *(.gcc_except_table .gcc_except_table.*)

.gnu_extab
 *(.gnu_extab*)

.exception_ranges
 *(.exception_ranges*)

.note.build-id
 *(.note.build-id)

.note.GNU-stack
                0x00000000000062a8        0x0
 *(.note.GNU-stack)
 .note.GNU-stack
                0x00000000000062a8        0x0 /usr/lib/gcc/x86_64-linux-gnu/14/../../../x86_64-linux-gnu/Scrt1.o
 .note.GNU-stack
                0x00000000000062a8        0x0 /usr/lib/gcc/x86_64-linux-gnu/14/../../../x86_64-linux-gnu/crti.o
 .note.GNU-stack
                0x00000000000062a8        0x0 /usr/lib/gcc/x86_64-linux-gnu/14/crtbeginS.o
 .note.GNU-stack
                0x00000000000062a8        0x0 /tmp/ccTFahgL.o
 .note.GNU-stack
                0x00000000000062a8        0x0 /tmp/ccG5wRUT.o
 .note.GNU-stack
                0x00000000000062a8        0x0 /tmp/cc1JslCc.o
 .note.GNU-stack
                0x00000000000062a8        0x0 /tmp/ccHnXbPM.o
 .note.GNU-stack
                0x00000000000062a8        0x0 /usr/lib/gcc/x86_64-linux-gnu/14/crtendS.o
 .note.GNU-stack
                0x00000000000062a8        0x0 /usr/lib/gcc/x86_64-linux-gnu/14/../../../x86_64-linux-gnu/crtn.o

.note.gnu-property
 *(.note.gnu-property)

.note.ABI-tag   0x00000000000062a8       0x20
 *(.note.ABI-tag)
 .note.ABI-tag  0x00000000000062a8       0x20 /usr/lib/gcc/x86_64-linux-gnu/14/../../../x86_64-linux-gnu/Scrt1.o

.note.package
 *(.note.package)

.note.dlopen
 *(.note.dlopen)

.note.netbsd.ident
 *(.note.netbsd.ident)

.note.openbsd.ident
 *(.note.openbsd.ident)
                0x0000000000007c90                . = DATA_SEGMENT_ALIGN (CONSTANT (MAXPAGESIZE), CONSTANT (COMMONPAGESIZE))

.eh_frame
 *(.eh_frame)
 *(.eh_frame.*)

.sframe
 *(.sframe)
 *(.sframe.*)

.gnu_extab
 *(.gnu_extab)

.gcc_except_table
 *(.gcc_except_table .gcc_except_table.*)

.exception_ranges
 *(.exception_ranges*)

.tdata          0x0000000000007c90        0x0
                [!provide]                        PROVIDE (__tdata_start = .)
 *(.tdata .tdata.* .gnu.linkonce.td.*)

.tbss
 *(.tbss .tbss.* .gnu.linkonce.tb.*)
 *(.tcommon)

.preinit_array  0x0000000000007c90        0x0
                [!provide]                        PROVIDE (__preinit_array_start = .)
 *(.preinit_array)
                [!provide]                        PROVIDE (__preinit_array_end = .)

.init_array     0x0000000000007c90        0x8
                [!provide]                        PROVIDE (__init_array_start = .)
 *(SORT_BY_INIT_PRIORITY(.init_array.*) SORT_BY_INIT_PRIORITY(.ctors.*))
 *(.init_array EXCLUDE_FILE(*crtend?.o *crtend.o *crtbegin?.o *crtbegin.o) .ctors)
 .init_array    0x0000000000007c90        0x8 /usr/lib/gcc/x86_64-linux-gnu/14/crtbeginS.o
                [!provide]                        PROVIDE (__init_array_end = .)

.fini_array     0x0000000000007c98        0x8
                [!provide]                        PROVIDE (__fini_array_start = .)
 *(SORT_BY_INIT_PRIORITY(.fini_array.*) SORT_BY_INIT_PRIORITY(.dtors.*))
 *(.fini_array EXCLUDE_FILE(*crtend?.o *crtend.o *crtbegin?.o *crtbegin.o) .dtors)
 .fini_array    0x0000000000007c98        0x8 /usr/lib/gcc/x86_64-linux-gnu/14/crtbeginS.o
                [!provide]                        PROVIDE (__fini_array_end = .)

.ctors
 *crtbegin.o(.ctors)
 *crtbegin?.o(.ctors)
 *(EXCLUDE_FILE(*crtend?.o *crtend.o) .ctors)
 *(SORT_BY_NAME(.ctors.*))
 *(.ctors)

.dtors
 *crtbegin.o(.dtors)
 *crtbegin?.o(.dtors)
 *(EXCLUDE_FILE(*crtend?.o *crtend.o) .dtors)
 *(SORT_BY_NAME(.dtors.*))
 *(.dtors)

.jcr
 *(.jcr)

.data.rel.ro    0x0000000000007ca0      0x140
 *(.data.rel.ro.local* .gnu.linkonce.d.rel.ro.local.*)
 .data.rel.ro.local
                0x0000000000007ca0        0x8 /tmp/ccG5wRUT.o
 *fill*         0x0000000000007ca8       0x18 
 .data.rel.ro.local.g_reference_config
                0x0000000000007cc0       0x28 /tmp/cc1JslCc.o
 *fill*         0x0000000000007ce8       0x18 
 .data.rel.ro.local.g_trace_ops
                0x0000000000007d00       0x20 /tmp/cc1JslCc.o
 .data.rel.ro.local.g_export_ops
                0x0000000000007d20       0x30 /tmp/cc1JslCc.o
 *fill*         0x0000000000007d50       0x10 
 .data.rel.ro.local.g_persistent_export_ops
                0x0000000000007d60       0x20 /tmp/cc1JslCc.o
 .data.rel.ro.local.g_persistence_ops
                0x0000000000007d80        0x8 /tmp/cc1JslCc.o
 *fill*         0x0000000000007d88       0x18 
 .data.rel.ro.local.g_platform_ops
                0x0000000000007da0       0x40 /tmp/cc1JslCc.o
 *(.data.rel.ro .data.rel.ro.* .gnu.linkonce.d.rel.ro.*)
 .data.rel.ro   0x0000000000007de0        0x0 /usr/lib/gcc/x86_64-linux-gnu/14/../../../x86_64-linux-gnu/Scrt1.o

.dynamic        0x0000000000007de0      0x1e0
 *(.dynamic)
 .dynamic       0x0000000000007de0      0x1e0 /usr/lib/gcc/x86_64-linux-gnu/14/../../../x86_64-linux-gnu/Scrt1.o
                0x0000000000007de0                _DYNAMIC

.got            0x0000000000007fc0       0x28
 *(.got)
 .got           0x0000000000007fc0       0x28 /usr/lib/gcc/x86_64-linux-gnu/14/../../../x86_64-linux-gnu/Scrt1.o
 *(.igot)
                0x0000000000007fe8                . = DATA_SEGMENT_RELRO_END (., (SIZEOF (.got.plt) >= 0x18)?0x18:0x0)

.got.plt        0x0000000000007fe8       0x40
 *(.got.plt)
 .got.plt       0x0000000000007fe8       0x40 /usr/lib/gcc/x86_64-linux-gnu/14/../../../x86_64-linux-gnu/Scrt1.o
                0x0000000000007fe8                _GLOBAL_OFFSET_TABLE_
 *(.igot.plt)

.data           0x0000000000008028       0x10
 *(.data .data.* .gnu.linkonce.d.*)
 .data          0x0000000000008028        0x4 /usr/lib/gcc/x86_64-linux-gnu/14/../../../x86_64-linux-gnu/Scrt1.o
                0x0000000000008028                data_start
                0x0000000000008028                __data_start
 .data          0x000000000000802c        0x0 /usr/lib/gcc/x86_64-linux-gnu/14/../../../x86_64-linux-gnu/crti.o
 .data          0x000000000000802c        0x0 /usr/lib/gcc/x86_64-linux-gnu/14/crtbeginS.o
 *fill*         0x000000000000802c        0x4 
 .data.rel.local
                0x0000000000008030        0x8 /usr/lib/gcc/x86_64-linux-gnu/14/crtbeginS.o
                0x0000000000008030                __dso_handle
 .data          0x0000000000008038        0x0 /tmp/ccTFahgL.o
 .data          0x0000000000008038        0x0 /tmp/ccG5wRUT.o
 .data          0x0000000000008038        0x0 /tmp/cc1JslCc.o
 .data          0x0000000000008038        0x0 /tmp/ccHnXbPM.o
 .data          0x0000000000008038        0x0 /usr/lib/gcc/x86_64-linux-gnu/14/crtendS.o
 .data          0x0000000000008038        0x0 /usr/lib/gcc/x86_64-linux-gnu/14/../../../x86_64-linux-gnu/crtn.o

.tm_clone_table
                0x0000000000008038        0x0
 .tm_clone_table
                0x0000000000008038        0x0 /usr/lib/gcc/x86_64-linux-gnu/14/crtbeginS.o
 .tm_clone_table
                0x0000000000008038        0x0 /usr/lib/gcc/x86_64-linux-gnu/14/crtendS.o

.incident_ram   0x0000000000008038     0x27f4
 .incident_ram  0x0000000000008038     0x27f4 /tmp/ccTFahgL.o
                0x0000000000008038                g_ir_retained

.data1
 *(.data1)
                0x000000000000a82c                _edata = .
                [!provide]                        PROVIDE (edata = .)
                0x000000000000a830                . = ALIGN (ALIGNOF (NEXT_SECTION))
                0x000000000000a840                __bss_start = .

.bss            0x000000000000a840    0x10730
 *(.dynbss)
 .dynbss        0x000000000000a840        0x8 /usr/lib/gcc/x86_64-linux-gnu/14/../../../x86_64-linux-gnu/Scrt1.o
                0x000000000000a840                stderr@@GLIBC_2.2.5
 *(.bss .bss.* .gnu.linkonce.b.*)
 .bss           0x000000000000a848        0x0 /usr/lib/gcc/x86_64-linux-gnu/14/../../../x86_64-linux-gnu/Scrt1.o
 .bss           0x000000000000a848        0x0 /usr/lib/gcc/x86_64-linux-gnu/14/../../../x86_64-linux-gnu/crti.o
 .bss           0x000000000000a848        0x1 /usr/lib/gcc/x86_64-linux-gnu/14/crtbeginS.o
 .bss           0x000000000000a849        0x0 /tmp/ccTFahgL.o
 *fill*         0x000000000000a849       0x17 
 .bss.g_ir_isr_trace_queue
                0x000000000000a860      0x30c /tmp/ccTFahgL.o
                0x000000000000a860                g_ir_isr_trace_queue
 *fill*         0x000000000000ab6c       0x14 
 .bss.g_ir_task_trace_queue
                0x000000000000ab80      0x30c /tmp/ccTFahgL.o
                0x000000000000ab80                g_ir_task_trace_queue
 *fill*         0x000000000000ae8c       0x14 
 .bss.g_ir_runtime
                0x000000000000aea0       0x38 /tmp/ccTFahgL.o
                0x000000000000aea0                g_ir_runtime
 .bss           0x000000000000aed8        0x0 /tmp/ccG5wRUT.o
 .bss           0x000000000000aed8        0x0 /tmp/cc1JslCc.o
 .bss.g_trace_record_count
                0x000000000000aed8        0x4 /tmp/cc1JslCc.o
 .bss.g_timestamp
                0x000000000000aedc        0x4 /tmp/cc1JslCc.o
 .bss.g_export_record_id
                0x000000000000aee0        0x4 /tmp/cc1JslCc.o
 .bss.g_export_expected_length
                0x000000000000aee4        0x4 /tmp/cc1JslCc.o
 .bss.g_exported_length
                0x000000000000aee8        0x4 /tmp/cc1JslCc.o
 *fill*         0x000000000000aeec       0x14 
 .bss.g_exported
                0x000000000000af00     0x4000 /tmp/cc1JslCc.o
 .bss.g_pause_injection_enabled
                0x000000000000ef00        0x1 /tmp/cc1JslCc.o
 *fill*         0x000000000000ef01        0x3 
 .bss.g_persist_failure_step
                0x000000000000ef04        0x4 /tmp/cc1JslCc.o
 .bss.g_last_persisted_record_id
                0x000000000000ef08        0x4 /tmp/cc1JslCc.o
 .bss.g_next_record_id
                0x000000000000ef0c        0x4 /tmp/cc1JslCc.o
 .bss.g_next_generation
                0x000000000000ef10        0x8 /tmp/cc1JslCc.o
 *fill*         0x000000000000ef18        0x8 
 .bss.g_staging
                0x000000000000ef20     0x4000 /tmp/cc1JslCc.o
 .bss.g_slots   0x0000000000012f20     0x8050 /tmp/cc1JslCc.o
 .bss           0x000000000001af70        0x0 /tmp/ccHnXbPM.o
 .bss           0x000000000001af70        0x0 /usr/lib/gcc/x86_64-linux-gnu/14/crtendS.o
 .bss           0x000000000001af70        0x0 /usr/lib/gcc/x86_64-linux-gnu/14/../../../x86_64-linux-gnu/crtn.o
 *(COMMON)
                0x000000000001af70                . = ALIGN ((. != 0x0)?0x8:0x1)

.lbss
 *(.dynlbss)
 *(.lbss .lbss.* .gnu.linkonce.lb.*)
 *(LARGE_COMMON)
                0x000000000001af70                . = ALIGN (0x8)
                0x000000000001af70                . = SEGMENT_START ("ldata-segment", .)

.lrodata
 *(.lrodata .lrodata.* .gnu.linkonce.lr.*)

.ldata          0x000000000001cf70        0x0
 *(.ldata .ldata.* .gnu.linkonce.l.*)
                0x000000000001cf70                . = ALIGN ((. != 0x0)?0x8:0x1)
                0x000000000001cf70                . = ALIGN (0x8)
                0x000000000001af70                _end = .
                [!provide]                        PROVIDE (end = .)
                0x000000000001cf70                . = DATA_SEGMENT_END (.)

.stab
 *(.stab)

.stabstr
 *(.stabstr)

.stab.excl
 *(.stab.excl)

.stab.exclstr
 *(.stab.exclstr)

.stab.index
 *(.stab.index)

.stab.indexstr
 *(.stab.indexstr)

.comment        0x0000000000000000       0x1f
 *(.comment)
 .comment       0x0000000000000000       0x1f /usr/lib/gcc/x86_64-linux-gnu/14/crtbeginS.o
                                         0x20 (size before relaxing)
 .comment       0x000000000000001f       0x20 /tmp/ccTFahgL.o
 .comment       0x000000000000001f       0x20 /tmp/ccG5wRUT.o
 .comment       0x000000000000001f       0x20 /tmp/cc1JslCc.o
 .comment       0x000000000000001f       0x20 /tmp/ccHnXbPM.o
 .comment       0x000000000000001f       0x20 /usr/lib/gcc/x86_64-linux-gnu/14/crtendS.o

.gnu.build.attributes
 *(.gnu.build.attributes .gnu.build.attributes.*)

.debug
 *(.debug)

.line
 *(.line)

.debug_srcinfo
 *(.debug_srcinfo)

.debug_sfnames
 *(.debug_sfnames)

.debug_aranges
 *(.debug_aranges)

.debug_pubnames
 *(.debug_pubnames)

.debug_info
 *(.debug_info .gnu.linkonce.wi.*)

.debug_abbrev
 *(.debug_abbrev)

.debug_line
 *(.debug_line .debug_line.* .debug_line_end)

.debug_frame
 *(.debug_frame)

.debug_str
 *(.debug_str)

.debug_loc
 *(.debug_loc)

.debug_macinfo
 *(.debug_macinfo)

.debug_weaknames
 *(.debug_weaknames)

.debug_funcnames
 *(.debug_funcnames)

.debug_typenames
 *(.debug_typenames)

.debug_varnames
 *(.debug_varnames)

.debug_pubtypes
 *(.debug_pubtypes)

.debug_ranges
 *(.debug_ranges)

.debug_addr
 *(.debug_addr)

.debug_line_str
 *(.debug_line_str)

.debug_loclists
 *(.debug_loclists)

.debug_macro
 *(.debug_macro)

.debug_names
 *(.debug_names)

.debug_rnglists
 *(.debug_rnglists)

.debug_str_offsets
 *(.debug_str_offsets)

.debug_sup
 *(.debug_sup)

.gnu.attributes
 *(.gnu.attributes)

/DISCARD/
 *(.note.GNU-stack)
 *(.gnu_debuglink)
 *(.gnu.lto_*)
 *(.gnu_object_only)
OUTPUT(./build/hardening/hardening_check elf64-x86-64)
