
Merging program properties

Removed property 0xc0000002 to merge /usr/lib/gcc/x86_64-linux-gnu/14/../../../x86_64-linux-gnu/Scrt1.o (not found) and /usr/lib/gcc/x86_64-linux-gnu/14/crtbeginS.o (0x3)
Removed property 0xc0000002 to merge /usr/lib/gcc/x86_64-linux-gnu/14/../../../x86_64-linux-gnu/Scrt1.o (not found) and /usr/lib/gcc/x86_64-linux-gnu/14/crtendS.o (0x3)

As-needed library included to satisfy reference by file (symbol)

libc.so.6                     /usr/lib/gcc/x86_64-linux-gnu/14/../../../x86_64-linux-gnu/Scrt1.o (__libc_start_main@@GLIBC_2.34)

Discarded input sections

 .note.gnu.property
                0x0000000000000000       0x20 /usr/lib/gcc/x86_64-linux-gnu/14/crtbeginS.o
 .note.gnu.property
                0x0000000000000000       0x20 /usr/lib/gcc/x86_64-linux-gnu/14/crtendS.o

Memory Configuration

Name             Origin             Length             Attributes
*default*        0x0000000000000000 0xffffffffffffffff

Linker script and memory map

LOAD /usr/lib/gcc/x86_64-linux-gnu/14/../../../x86_64-linux-gnu/Scrt1.o
LOAD /usr/lib/gcc/x86_64-linux-gnu/14/../../../x86_64-linux-gnu/crti.o
LOAD /usr/lib/gcc/x86_64-linux-gnu/14/crtbeginS.o
LOAD /tmp/ccKPdEMy.o
LOAD /tmp/ccn7Y82X.o
LOAD /tmp/ccSAW62z.o
LOAD /tmp/ccP783Bp.o
LOAD /usr/lib/gcc/x86_64-linux-gnu/14/libgcc.a
LOAD /usr/lib/gcc/x86_64-linux-gnu/14/libgcc_s.so
START GROUP
LOAD /usr/lib/gcc/x86_64-linux-gnu/14/../../../x86_64-linux-gnu/libgcc_s.so.1
LOAD /usr/lib/gcc/x86_64-linux-gnu/14/libgcc.a
END GROUP
LOAD /usr/lib/gcc/x86_64-linux-gnu/14/../../../x86_64-linux-gnu/libc.so
START GROUP
LOAD /lib/x86_64-linux-gnu/libc.so.6
LOAD /usr/lib/x86_64-linux-gnu/libc_nonshared.a
LOAD /lib64/ld-linux-x86-64.so.2
END GROUP
LOAD /usr/lib/gcc/x86_64-linux-gnu/14/libgcc.a
LOAD /usr/lib/gcc/x86_64-linux-gnu/14/libgcc_s.so
START GROUP
LOAD /usr/lib/gcc/x86_64-linux-gnu/14/../../../x86_64-linux-gnu/libgcc_s.so.1
LOAD /usr/lib/gcc/x86_64-linux-gnu/14/libgcc.a
END GROUP
LOAD /usr/lib/gcc/x86_64-linux-gnu/14/crtendS.o
LOAD /usr/lib/gcc/x86_64-linux-gnu/14/../../../x86_64-linux-gnu/crtn.o
                [!provide]                        PROVIDE (__executable_start = SEGMENT_START ("text-segment", 0x0))
                0x0000000000000350                . = (SEGMENT_START ("text-segment", 0x0) + SIZEOF_HEADERS)

.note.gnu.property
                0x0000000000000350       0x20
 .note.gnu.property
                0x0000000000000350       0x20 /usr/lib/gcc/x86_64-linux-gnu/14/../../../x86_64-linux-gnu/Scrt1.o

.note.gnu.build-id
                0x0000000000000370       0x24
 *(.note.gnu.build-id)
 .note.gnu.build-id
                0x0000000000000370       0x24 /usr/lib/gcc/x86_64-linux-gnu/14/../../../x86_64-linux-gnu/Scrt1.o

.interp         0x0000000000000394       0x1c
 *(.interp)
 .interp        0x0000000000000394       0x1c /usr/lib/gcc/x86_64-linux-gnu/14/../../../x86_64-linux-gnu/Scrt1.o

.hash
 *(.hash)

.gnu.hash       0x00000000000003b0       0x28
 *(.gnu.hash)
 .gnu.hash      0x00000000000003b0       0x28 /usr/lib/gcc/x86_64-linux-gnu/14/../../../x86_64-linux-gnu/Scrt1.o

.dynsym         0x00000000000003d8      0x120
 *(.dynsym)
 .dynsym        0x00000000000003d8      0x120 /usr/lib/gcc/x86_64-linux-gnu/14/../../../x86_64-linux-gnu/Scrt1.o

.dynstr         0x00000000000004f8       0xb7
 *(.dynstr)
 .dynstr        0x00000000000004f8       0xb7 /usr/lib/gcc/x86_64-linux-gnu/14/../../../x86_64-linux-gnu/Scrt1.o

.gnu.version    0x00000000000005b0       0x18
 *(.gnu.version)
 .gnu.version   0x00000000000005b0       0x18 /usr/lib/gcc/x86_64-linux-gnu/14/../../../x86_64-linux-gnu/Scrt1.o

.gnu.version_d  0x00000000000005c8        0x0
 *(.gnu.version_d)
 .gnu.version_d
                0x00000000000005c8        0x0 /usr/lib/gcc/x86_64-linux-gnu/14/../../../x86_64-linux-gnu/Scrt1.o

.gnu.version_r  0x00000000000005c8       0x40
 *(.gnu.version_r)
 .gnu.version_r
                0x00000000000005c8       0x40 /usr/lib/gcc/x86_64-linux-gnu/14/../../../x86_64-linux-gnu/Scrt1.o

.rela.dyn       0x0000000000000608      0x390
 *(.rela.init)
 *(.rela.text .rela.text.* .rela.gnu.linkonce.t.*)
 .rela.text.Check.part.0
                0x0000000000000608        0x0 /usr/lib/gcc/x86_64-linux-gnu/14/../../../x86_64-linux-gnu/Scrt1.o
 *(.rela.fini)
 *(.rela.rodata .rela.rodata.* .rela.gnu.linkonce.r.*)
 *(.rela.data .rela.data.* .rela.gnu.linkonce.d.*)
 .rela.data.rel.ro
                0x0000000000000608        0x0 /usr/lib/gcc/x86_64-linux-gnu/14/../../../x86_64-linux-gnu/Scrt1.o
 .rela.data.rel.local
                0x0000000000000608       0x18 /usr/lib/gcc/x86_64-linux-gnu/14/../../../x86_64-linux-gnu/Scrt1.o
 .rela.data.rel.ro.local
                0x0000000000000620       0x18 /usr/lib/gcc/x86_64-linux-gnu/14/../../../x86_64-linux-gnu/Scrt1.o
 .rela.data.rel.ro.local.g_reference_config
                0x0000000000000638       0x78 /usr/lib/gcc/x86_64-linux-gnu/14/../../../x86_64-linux-gnu/Scrt1.o
 .rela.data.rel.ro.local.g_trace_ops
                0x00000000000006b0       0x60 /usr/lib/gcc/x86_64-linux-gnu/14/../../../x86_64-linux-gnu/Scrt1.o
 .rela.data.rel.ro.local.g_export_ops
                0x0000000000000710       0x90 /usr/lib/gcc/x86_64-linux-gnu/14/../../../x86_64-linux-gnu/Scrt1.o
 .rela.data.rel.ro.local.g_persistent_export_ops
                0x00000000000007a0       0x60 /usr/lib/gcc/x86_64-linux-gnu/14/../../../x86_64-linux-gnu/Scrt1.o
 .rela.data.rel.ro.local.g_persistence_ops
                0x0000000000000800       0x18 /usr/lib/gcc/x86_64-linux-gnu/14/../../../x86_64-linux-gnu/Scrt1.o
 .rela.data.rel.ro.local.g_platform_ops
                0x0000000000000818       0xc0 /usr/lib/gcc/x86_64-linux-gnu/14/../../../x86_64-linux-gnu/Scrt1.o
 *(.rela.tdata .rela.tdata.* .rela.gnu.linkonce.td.*)
 *(.rela.tbss .rela.tbss.* .rela.gnu.linkonce.tb.*)
 *(.rela.ctors)
 *(.rela.dtors)
 *(.rela.got)
 .rela.got      0x00000000000008d8       0x78 /usr/lib/gcc/x86_64-linux-gnu/14/../../../x86_64-linux-gnu/Scrt1.o
 *(.rela.bss .rela.bss.* .rela.gnu.linkonce.b.*)
 .rela.bss      0x0000000000000950       0x18 /usr/lib/gcc/x86_64-linux-gnu/14/../../../x86_64-linux-gnu/Scrt1.o
 *(.rela.ldata .rela.ldata.* .rela.gnu.linkonce.l.*)
 *(.rela.lbss .rela.lbss.* .rela.gnu.linkonce.lb.*)
 *(.rela.lrodata .rela.lrodata.* .rela.gnu.linkonce.lr.*)
 *(.rela.ifunc)
 .rela.ifunc    0x0000000000000968        0x0 /usr/lib/gcc/x86_64-linux-gnu/14/../../../x86_64-linux-gnu/Scrt1.o
 .rela.fini_array
                0x0000000000000968       0x18 /usr/lib/gcc/x86_64-linux-gnu/14/../../../x86_64-linux-gnu/Scrt1.o
 .rela.init_array
                0x0000000000000980       0x18 /usr/lib/gcc/x86_64-linux-gnu/14/../../../x86_64-linux-gnu/Scrt1.o

.rela.plt       0x0000000000000998       0x78
 *(.rela.plt)
 .rela.plt      0x0000000000000998       0x78 /usr/lib/gcc/x86_64-linux-gnu/14/../../../x86_64-linux-gnu/Scrt1.o
 *(.rela.iplt)

.relr.dyn
 *(.relr.dyn)
                0x0000000000001000                . = ALIGN (CONSTANT (MAXPAGESIZE))

.init           0x0000000000001000       0x17
 *(SORT_NONE(.init))
 .init          0x0000000000001000       0x12 /usr/lib/gcc/x86_64-linux-gnu/14/../../../x86_64-linux-gnu/crti.o
                0x0000000000001000                _init
 .init          0x0000000000001012        0x5 /usr/lib/gcc/x86_64-linux-gnu/14/../../../x86_64-linux-gnu/crtn.o

.plt            0x0000000000001020       0x60
 *(.plt)
 .plt           0x0000000000001020       0x60 /usr/lib/gcc/x86_64-linux-gnu/14/../../../x86_64-linux-gnu/Scrt1.o
                0x0000000000001030                printf@@GLIBC_2.2.5
                0x0000000000001040                memset@@GLIBC_2.2.5
                0x0000000000001050                memcmp@@GLIBC_2.2.5
                0x0000000000001060                fprintf@@GLIBC_2.2.5
                0x0000000000001070                memcpy@@GLIBC_2.14
 *(.iplt)

.plt.got        0x0000000000001080        0x8
 *(.plt.got)
 .plt.got       0x0000000000001080        0x8 /usr/lib/gcc/x86_64-linux-gnu/14/../../../x86_64-linux-gnu/Scrt1.o
                0x0000000000001080                __cxa_finalize@@GLIBC_2.2.5

.plt.sec
 *(.plt.sec)

.text           0x00000000000010a0     0x3866
 *(.text.unlikely .text.*_unlikely .text.unlikely.*)
 *(.text.exit .text.exit.*)
 *(.text.startup .text.startup.*)
 .text.startup.main
                0x00000000000010a0      0x924 /tmp/ccP783Bp.o
                0x00000000000010a0                main
 *(.text.hot .text.hot.*)
 *(SORT_BY_NAME(.text.sorted.*))
 *(.text .stub .text.* .gnu.linkonce.t.*)
 *fill*         0x00000000000019c4        0xc 
 .text          0x00000000000019d0       0x22 /usr/lib/gcc/x86_64-linux-gnu/14/../../../x86_64-linux-gnu/Scrt1.o
                0x00000000000019d0                _start
 .text          0x00000000000019f2        0x0 /usr/lib/gcc/x86_64-linux-gnu/14/../../../x86_64-linux-gnu/crti.o
 *fill*         0x00000000000019f2        0xe 
 .text          0x0000000000001a00       0xb9 /usr/lib/gcc/x86_64-linux-gnu/14/crtbeginS.o
 .text          0x0000000000001ab9        0x0 /tmp/ccKPdEMy.o
 *fill*         0x0000000000001ab9        0x7 
 .text.IR_EarlyInit.part.0
                0x0000000000001ac0      0x19c /tmp/ccKPdEMy.o
 *fill*         0x0000000000001c5c        0x4 
 .text.IR_InternalWriteRecord
                0x0000000000001c60      0x4b8 /tmp/ccKPdEMy.o
 *fill*         0x0000000000002118        0x8 
 .text.IR_InternalFirstAbnormal
                0x0000000000002120      0x32e /tmp/ccKPdEMy.o
 *fill*         0x000000000000244e        0x2 
 .text.IR_InternalTimestamp
                0x0000000000002450       0x23 /tmp/ccKPdEMy.o
                0x0000000000002450                IR_InternalTimestamp
 *fill*         0x0000000000002473        0xd 
 .text.IR_InternalEnterCritical
                0x0000000000002480       0x23 /tmp/ccKPdEMy.o
                0x0000000000002480                IR_InternalEnterCritical
 *fill*         0x00000000000024a3        0xd 
 .text.IR_InternalExitCritical
                0x00000000000024b0       0x21 /tmp/ccKPdEMy.o
                0x00000000000024b0                IR_InternalExitCritical
 *fill*         0x00000000000024d1        0xf 
 .text.IR_InternalPublishBarrier
                0x00000000000024e0       0x21 /tmp/ccKPdEMy.o
                0x00000000000024e0                IR_InternalPublishBarrier
 *fill*         0x0000000000002501        0xf 
 .text.IR_InternalSetHealth
                0x0000000000002510       0xbd /tmp/ccKPdEMy.o
                0x0000000000002510                IR_InternalSetHealth
 *fill*         0x00000000000025cd        0x3 
 .text.IR_InternalSaturatingIncrement
                0x00000000000025d0       0x12 /tmp/ccKPdEMy.o
                0x00000000000025d0                IR_InternalSaturatingIncrement
 *fill*         0x00000000000025e2        0xe 
 .text.IR_InternalBeginFreshEpoch
                0x00000000000025f0       0xa9 /tmp/ccKPdEMy.o
                0x00000000000025f0                IR_InternalBeginFreshEpoch
 *fill*         0x0000000000002699        0x7 
 .text.IR_EarlyInit
                0x00000000000026a0       0x4e /tmp/ccKPdEMy.o
                0x00000000000026a0                IR_EarlyInit
 *fill*         0x00000000000026ee        0x2 
 .text.IR_Init  0x00000000000026f0       0xd9 /tmp/ccKPdEMy.o
                0x00000000000026f0                IR_Init
 *fill*         0x00000000000027c9        0x7 
 .text.IR_SystemStable
                0x00000000000027d0       0x9d /tmp/ccKPdEMy.o
                0x00000000000027d0                IR_SystemStable
 *fill*         0x000000000000286d        0x3 
 .text.IR_EventTask
                0x0000000000002870       0x2a /tmp/ccKPdEMy.o
                0x0000000000002870                IR_EventTask
 *fill*         0x000000000000289a        0x6 
 .text.IR_EventIsr
                0x00000000000028a0       0x30 /tmp/ccKPdEMy.o
                0x00000000000028a0                IR_EventIsr
 .text.IR_FirstAbnormalTask
                0x00000000000028d0       0x14 /tmp/ccKPdEMy.o
                0x00000000000028d0                IR_FirstAbnormalTask
 *fill*         0x00000000000028e4        0xc 
 .text.IR_FirstAbnormalIsr
                0x00000000000028f0       0x17 /tmp/ccKPdEMy.o
                0x00000000000028f0                IR_FirstAbnormalIsr
 *fill*         0x0000000000002907        0x9 
 .text.IR_FatalCapture
                0x0000000000002910       0xd1 /tmp/ccKPdEMy.o
                0x0000000000002910                IR_FatalCapture
 *fill*         0x00000000000029e1        0xf 
 .text.IR_GetStatus
                0x00000000000029f0      0x147 /tmp/ccKPdEMy.o
                0x00000000000029f0                IR_GetStatus
 .text          0x0000000000002b37        0x0 /tmp/ccn7Y82X.o
 *fill*         0x0000000000002b37        0x9 
 .text.IR_ServiceResetExport
                0x0000000000002b40       0x4a /tmp/ccn7Y82X.o
 *fill*         0x0000000000002b8a        0x6 
 .text.IR_ServiceReadIsrRecord
                0x0000000000002b90       0xa6 /tmp/ccn7Y82X.o
 *fill*         0x0000000000002c36        0xa 
 .text.IR_ServiceReadTaskRecord
                0x0000000000002c40       0xae /tmp/ccn7Y82X.o
 *fill*         0x0000000000002cee        0x2 
 .text.IR_InternalQueueDevelopmentTrace
                0x0000000000002cf0      0x122 /tmp/ccn7Y82X.o
                0x0000000000002cf0                IR_InternalQueueDevelopmentTrace
 *fill*         0x0000000000002e12        0xe 
 .text.IR_InternalPopDevelopmentTrace
                0x0000000000002e20      0x152 /tmp/ccn7Y82X.o
                0x0000000000002e20                IR_InternalPopDevelopmentTrace
 *fill*         0x0000000000002f72        0xe 
 .text.IR_ServiceRequestExport
                0x0000000000002f80       0x1f /tmp/ccn7Y82X.o
                0x0000000000002f80                IR_ServiceRequestExport
 *fill*         0x0000000000002f9f        0x1 
 .text.IR_ServiceProcess
                0x0000000000002fa0      0x837 /tmp/ccn7Y82X.o
                0x0000000000002fa0                IR_ServiceProcess
 .text          0x00000000000037d7        0x0 /tmp/ccSAW62z.o
 *fill*         0x00000000000037d7        0x9 
 .text.RefExportAvailable
                0x00000000000037e0        0x6 /tmp/ccSAW62z.o
 *fill*         0x00000000000037e6        0xa 
 .text.RefExportEnd
                0x00000000000037f0       0x13 /tmp/ccSAW62z.o
 *fill*         0x0000000000003803        0xd 
 .text.RefExportAbort
                0x0000000000003810       0x1f /tmp/ccSAW62z.o
 *fill*         0x000000000000382f        0x1 
 .text.RefTraceBegin
                0x0000000000003830        0xd /tmp/ccSAW62z.o
 *fill*         0x000000000000383d        0x3 
 .text.RefTraceWrite
                0x0000000000003840       0x16 /tmp/ccSAW62z.o
 *fill*         0x0000000000003856        0xa 
 .text.RefTraceEnd
                0x0000000000003860        0x3 /tmp/ccSAW62z.o
 *fill*         0x0000000000003863        0xd 
 .text.RefGetTimestamp
                0x0000000000003870       0x10 /tmp/ccSAW62z.o
 .text.RefGetResetCause
                0x0000000000003880        0x6 /tmp/ccSAW62z.o
 *fill*         0x0000000000003886        0xa 
 .text.RefEnterCritical
                0x0000000000003890        0x3 /tmp/ccSAW62z.o
 *fill*         0x0000000000003893        0xd 
 .text.RefExitCritical
                0x00000000000038a0        0x1 /tmp/ccSAW62z.o
 *fill*         0x00000000000038a1        0xf 
 .text.RefTryClaimU32
                0x00000000000038b0       0x13 /tmp/ccSAW62z.o
 *fill*         0x00000000000038c3        0xd 
 .text.RefExportWrite
                0x00000000000038d0       0x6e /tmp/ccSAW62z.o
 *fill*         0x000000000000393e        0x2 
 .text.RefPublishBarrier
                0x0000000000003940        0x1 /tmp/ccSAW62z.o
 *fill*         0x0000000000003941       0x1f 
 .text.RefCrc32.part.0
                0x0000000000003960       0x44 /tmp/ccSAW62z.o
 *fill*         0x00000000000039a4        0xc 
 .text.RefPutU32.constprop.0
                0x00000000000039b0       0x4f /tmp/ccSAW62z.o
 *fill*         0x00000000000039ff        0x1 
 .text.RefPutU16.constprop.0
                0x0000000000003a00       0x34 /tmp/ccSAW62z.o
 *fill*         0x0000000000003a34        0xc 
 .text.RefTraceAvailable
                0x0000000000003a40        0x6 /tmp/ccSAW62z.o
 *fill*         0x0000000000003a46        0xa 
 .text.RefGetContextId
                0x0000000000003a50        0x6 /tmp/ccSAW62z.o
 *fill*         0x0000000000003a56        0xa 
 .text.RefGetContextType
                0x0000000000003a60        0x3 /tmp/ccSAW62z.o
 *fill*         0x0000000000003a63       0x1d 
 .text.RefSlotValid
                0x0000000000003a80       0x91 /tmp/ccSAW62z.o
 *fill*         0x0000000000003b11        0xf 
 .text.RefRecoverSlots
                0x0000000000003b20       0x5e /tmp/ccSAW62z.o
 *fill*         0x0000000000003b7e        0x2 
 .text.RefPersistentReadPayload
                0x0000000000003b80       0x9a /tmp/ccSAW62z.o
 *fill*         0x0000000000003c1a        0x6 
 .text.RefFindPendingOldest
                0x0000000000003c20       0x75 /tmp/ccSAW62z.o
 *fill*         0x0000000000003c95        0xb 
 .text.RefPersistentReadMeta
                0x0000000000003ca0       0x4e /tmp/ccSAW62z.o
 *fill*         0x0000000000003cee        0x2 
 .text.RefPersistentHasPending
                0x0000000000003cf0       0x14 /tmp/ccSAW62z.o
 *fill*         0x0000000000003d04        0xc 
 .text.RefPersistentMarkExported
                0x0000000000003d10       0x68 /tmp/ccSAW62z.o
 *fill*         0x0000000000003d78        0x8 
 .text.RefExportVerify
                0x0000000000003d80       0x72 /tmp/ccSAW62z.o
 *fill*         0x0000000000003df2        0xe 
 .text.RefExportBegin
                0x0000000000003e00       0xa2 /tmp/ccSAW62z.o
 *fill*         0x0000000000003ea2        0xe 
 .text.RefPutRuntimeRecord.constprop.0
                0x0000000000003eb0      0x11a /tmp/ccSAW62z.o
 *fill*         0x0000000000003fca        0x6 
 .text.RefPersist
                0x0000000000003fd0      0x62c /tmp/ccSAW62z.o
 *fill*         0x00000000000045fc        0x4 
 .text.IR_ProjectConfig
                0x0000000000004600        0x8 /tmp/ccSAW62z.o
                0x0000000000004600                IR_ProjectConfig
 *fill*         0x0000000000004608        0x8 
 .text.IR_ReferencePersistedBytes
                0x0000000000004610       0x74 /tmp/ccSAW62z.o
                0x0000000000004610                IR_ReferencePersistedBytes
 *fill*         0x0000000000004684        0xc 
 .text.IR_ReferenceExportedBytes
                0x0000000000004690        0x7 /tmp/ccSAW62z.o
                0x0000000000004690                IR_ReferenceExportedBytes
 *fill*         0x0000000000004697        0x9 
 .text.IR_ReferenceContinuousTraceRecords
                0x00000000000046a0        0x7 /tmp/ccSAW62z.o
                0x00000000000046a0                IR_ReferenceContinuousTraceRecords
 *fill*         0x00000000000046a7        0x9 
 .text.IR_ReferenceExportMatchesPersistence
                0x00000000000046b0       0x64 /tmp/ccSAW62z.o
                0x00000000000046b0                IR_ReferenceExportMatchesPersistence
 *fill*         0x0000000000004714        0xc 
 .text.IR_ReferenceHasPendingPersistentEvidence
                0x0000000000004720       0x14 /tmp/ccSAW62z.o
                0x0000000000004720                IR_ReferenceHasPendingPersistentEvidence
 *fill*         0x0000000000004734        0xc 
 .text.IR_ReferencePendingPersistentCount
                0x0000000000004740       0x51 /tmp/ccSAW62z.o
                0x0000000000004740                IR_ReferencePendingPersistentCount
 *fill*         0x0000000000004791        0xf 
 .text.IR_ReferenceLastPersistedRecordId
                0x00000000000047a0        0x7 /tmp/ccSAW62z.o
                0x00000000000047a0                IR_ReferenceLastPersistedRecordId
 *fill*         0x00000000000047a7        0x9 
 .text.IR_ReferenceReadPersistentByte
                0x00000000000047b0       0x6f /tmp/ccSAW62z.o
                0x00000000000047b0                IR_ReferenceReadPersistentByte
 *fill*         0x000000000000481f        0x1 
 .text.IR_ReferenceSetPersistFailureStep
                0x0000000000004820        0x7 /tmp/ccSAW62z.o
                0x0000000000004820                IR_ReferenceSetPersistFailureStep
 *fill*         0x0000000000004827        0x9 
 .text.IR_ReferenceEnablePersistPauseInjection
                0x0000000000004830        0x8 /tmp/ccSAW62z.o
                0x0000000000004830                IR_ReferenceEnablePersistPauseInjection
 *fill*         0x0000000000004838        0x8 
 .text.IR_ReferenceSimulateRecovery
                0x0000000000004840        0x5 /tmp/ccSAW62z.o
                0x0000000000004840                IR_ReferenceSimulateRecovery
 *fill*         0x0000000000004845        0xb 
 .text.IR_ReferenceResetPersistentStore
                0x0000000000004850       0x75 /tmp/ccSAW62z.o
                0x0000000000004850                IR_ReferenceResetPersistentStore
 .text          0x00000000000048c5        0x0 /tmp/ccP783Bp.o
 *fill*         0x00000000000048c5        0xb 
 .text.EmptyReader
                0x00000000000048d0        0x6 /tmp/ccP783Bp.o
 *fill*         0x00000000000048d6        0xa 
 .text.Check.part.0
                0x00000000000048e0       0x26 /tmp/ccP783Bp.o
 .text          0x0000000000004906        0x0 /usr/lib/gcc/x86_64-linux-gnu/14/crtendS.o
 .text          0x0000000000004906        0x0 /usr/lib/gcc/x86_64-linux-gnu/14/../../../x86_64-linux-gnu/crtn.o
 *(.gnu.warning)

.fini           0x0000000000004908        0x9
 *(SORT_NONE(.fini))
 .fini          0x0000000000004908        0x4 /usr/lib/gcc/x86_64-linux-gnu/14/../../../x86_64-linux-gnu/crti.o
                0x0000000000004908                _fini
 .fini          0x000000000000490c        0x5 /usr/lib/gcc/x86_64-linux-gnu/14/../../../x86_64-linux-gnu/crtn.o
                [!provide]                        PROVIDE (__etext = .)
                [!provide]                        PROVIDE (_etext = .)
                [!provide]                        PROVIDE (etext = .)
                0x0000000000005000                . = ALIGN (CONSTANT (MAXPAGESIZE))
                0x0000000000005000                . = SEGMENT_START ("rodata-segment", (ALIGN (CONSTANT (MAXPAGESIZE)) + (. & (CONSTANT (MAXPAGESIZE) - 0x1))))

.rodata         0x0000000000005000      0x578
 *(.rodata .rodata.* .gnu.linkonce.r.*)
 .rodata.cst4   0x0000000000005000        0x4 /usr/lib/gcc/x86_64-linux-gnu/14/../../../x86_64-linux-gnu/Scrt1.o
                0x0000000000005000                _IO_stdin_used
 .rodata.Check.part.0.str1.1
                0x0000000000005004       0xd6 /tmp/ccP783Bp.o
                                          0xa (size before relaxing)
 .rodata.main.str1.1
                0x00000000000050da       0xd1 /tmp/ccP783Bp.o
 *fill*         0x00000000000050da        0x6 
 .rodata.main.str1.8
                0x00000000000050e0      0x469 /tmp/ccP783Bp.o
 *fill*         0x0000000000005549        0x7 
 .rodata.cst8   0x0000000000005550       0x28 /tmp/ccP783Bp.o

.rodata1
 *(.rodata1)

.eh_frame_hdr   0x0000000000005578      0x264
 *(.eh_frame_hdr)
 .eh_frame_hdr  0x0000000000005578      0x264 /usr/lib/gcc/x86_64-linux-gnu/14/../../../x86_64-linux-gnu/Scrt1.o
                0x0000000000005578                __GNU_EH_FRAME_HDR
 *(.eh_frame_entry .eh_frame_entry.*)

.eh_frame       0x00000000000057e0      0x9e8
 *(.eh_frame)
 .eh_frame      0x00000000000057e0       0x30 /usr/lib/gcc/x86_64-linux-gnu/14/../../../x86_64-linux-gnu/Scrt1.o
                                         0x2c (size before relaxing)
 *fill*         0x0000000000005810        0x0 
 .eh_frame      0x0000000000005810       0x40 /usr/lib/gcc/x86_64-linux-gnu/14/../../../x86_64-linux-gnu/Scrt1.o
 .eh_frame      0x0000000000005850       0x18 /usr/lib/gcc/x86_64-linux-gnu/14/../../../x86_64-linux-gnu/Scrt1.o
                                         0x30 (size before relaxing)
 .eh_frame      0x0000000000005868      0x278 /tmp/ccKPdEMy.o
                                        0x290 (size before relaxing)
 .eh_frame      0x0000000000005ae0      0x198 /tmp/ccn7Y82X.o
                                        0x1b0 (size before relaxing)
 .eh_frame      0x0000000000005c78      0x4d0 /tmp/ccSAW62z.o
                                        0x4e8 (size before relaxing)
 .eh_frame      0x0000000000006148       0x7c /tmp/ccP783Bp.o
                                         0x98 (size before relaxing)
 .eh_frame      0x00000000000061c4        0x4 /usr/lib/gcc/x86_64-linux-gnu/14/crtendS.o
 *(.eh_frame.*)

.sframe         0x00000000000061c8        0x0
 *(.sframe)
 .sframe        0x00000000000061c8        0x0 /usr/lib/gcc/x86_64-linux-gnu/14/../../../x86_64-linux-gnu/Scrt1.o
 .sframe        0x00000000000061c8        0x0 /usr/lib/gcc/x86_64-linux-gnu/14/../../../x86_64-linux-gnu/Scrt1.o
 *(.sframe.*)

.gcc_except_table
 *(.gcc_except_table .gcc_except_table.*)

.gnu_extab
 *(.gnu_extab*)

.exception_ranges
 *(.exception_ranges*)

.note.build-id
 *(.note.build-id)

.note.GNU-stack
                0x00000000000061c8        0x0
 *(.note.GNU-stack)
 .note.GNU-stack
                0x00000000000061c8        0x0 /usr/lib/gcc/x86_64-linux-gnu/14/../../../x86_64-linux-gnu/Scrt1.o
 .note.GNU-stack
                0x00000000000061c8        0x0 /usr/lib/gcc/x86_64-linux-gnu/14/../../../x86_64-linux-gnu/crti.o
 .note.GNU-stack
                0x00000000000061c8        0x0 /usr/lib/gcc/x86_64-linux-gnu/14/crtbeginS.o
 .note.GNU-stack
                0x00000000000061c8        0x0 /tmp/ccKPdEMy.o
 .note.GNU-stack
                0x00000000000061c8        0x0 /tmp/ccn7Y82X.o
 .note.GNU-stack
                0x00000000000061c8        0x0 /tmp/ccSAW62z.o
 .note.GNU-stack
                0x00000000000061c8        0x0 /tmp/ccP783Bp.o
 .note.GNU-stack
                0x00000000000061c8        0x0 /usr/lib/gcc/x86_64-linux-gnu/14/crtendS.o
 .note.GNU-stack
                0x00000000000061c8        0x0 /usr/lib/gcc/x86_64-linux-gnu/14/../../../x86_64-linux-gnu/crtn.o

.note.gnu-property
 *(.note.gnu-property)

.note.ABI-tag   0x00000000000061c8       0x20
 *(.note.ABI-tag)
 .note.ABI-tag  0x00000000000061c8       0x20 /usr/lib/gcc/x86_64-linux-gnu/14/../../../x86_64-linux-gnu/Scrt1.o

.note.package
 *(.note.package)

.note.dlopen
 *(.note.dlopen)

.note.netbsd.ident
 *(.note.netbsd.ident)

.note.openbsd.ident
 *(.note.openbsd.ident)
                0x0000000000007c90                . = DATA_SEGMENT_ALIGN (CONSTANT (MAXPAGESIZE), CONSTANT (COMMONPAGESIZE))

.eh_frame
 *(.eh_frame)
 *(.eh_frame.*)

.sframe
 *(.sframe)
 *(.sframe.*)

.gnu_extab
 *(.gnu_extab)

.gcc_except_table
 *(.gcc_except_table .gcc_except_table.*)

.exception_ranges
 *(.exception_ranges*)

.tdata          0x0000000000007c90        0x0
                [!provide]                        PROVIDE (__tdata_start = .)
 *(.tdata .tdata.* .gnu.linkonce.td.*)

.tbss
 *(.tbss .tbss.* .gnu.linkonce.tb.*)
 *(.tcommon)

.preinit_array  0x0000000000007c90        0x0
                [!provide]                        PROVIDE (__preinit_array_start = .)
 *(.preinit_array)
                [!provide]                        PROVIDE (__preinit_array_end = .)

.init_array     0x0000000000007c90        0x8
                [!provide]                        PROVIDE (__init_array_start = .)
 *(SORT_BY_INIT_PRIORITY(.init_array.*) SORT_BY_INIT_PRIORITY(.ctors.*))
 *(.init_array EXCLUDE_FILE(*crtend?.o *crtend.o *crtbegin?.o *crtbegin.o) .ctors)
 .init_array    0x0000000000007c90        0x8 /usr/lib/gcc/x86_64-linux-gnu/14/crtbeginS.o
                [!provide]                        PROVIDE (__init_array_end = .)

.fini_array     0x0000000000007c98        0x8
                [!provide]                        PROVIDE (__fini_array_start = .)
 *(SORT_BY_INIT_PRIORITY(.fini_array.*) SORT_BY_INIT_PRIORITY(.dtors.*))
 *(.fini_array EXCLUDE_FILE(*crtend?.o *crtend.o *crtbegin?.o *crtbegin.o) .dtors)
 .fini_array    0x0000000000007c98        0x8 /usr/lib/gcc/x86_64-linux-gnu/14/crtbeginS.o
                [!provide]                        PROVIDE (__fini_array_end = .)

.ctors
 *crtbegin.o(.ctors)
 *crtbegin?.o(.ctors)
 *(EXCLUDE_FILE(*crtend?.o *crtend.o) .ctors)
 *(SORT_BY_NAME(.ctors.*))
 *(.ctors)

.dtors
 *crtbegin.o(.dtors)
 *crtbegin?.o(.dtors)
 *(EXCLUDE_FILE(*crtend?.o *crtend.o) .dtors)
 *(SORT_BY_NAME(.dtors.*))
 *(.dtors)

.jcr
 *(.jcr)

.data.rel.ro    0x0000000000007ca0      0x140
 *(.data.rel.ro.local* .gnu.linkonce.d.rel.ro.local.*)
 .data.rel.ro.local
                0x0000000000007ca0        0x8 /tmp/ccn7Y82X.o
 *fill*         0x0000000000007ca8       0x18 
 .data.rel.ro.local.g_reference_config
                0x0000000000007cc0       0x28 /tmp/ccSAW62z.o
 *fill*         0x0000000000007ce8       0x18 
 .data.rel.ro.local.g_trace_ops
                0x0000000000007d00       0x20 /tmp/ccSAW62z.o
 .data.rel.ro.local.g_export_ops
                0x0000000000007d20       0x30 /tmp/ccSAW62z.o
 *fill*         0x0000000000007d50       0x10 
 .data.rel.ro.local.g_persistent_export_ops
                0x0000000000007d60       0x20 /tmp/ccSAW62z.o
 .data.rel.ro.local.g_persistence_ops
                0x0000000000007d80        0x8 /tmp/ccSAW62z.o
 *fill*         0x0000000000007d88       0x18 
 .data.rel.ro.local.g_platform_ops
                0x0000000000007da0       0x40 /tmp/ccSAW62z.o
 *(.data.rel.ro .data.rel.ro.* .gnu.linkonce.d.rel.ro.*)
 .data.rel.ro   0x0000000000007de0        0x0 /usr/lib/gcc/x86_64-linux-gnu/14/../../../x86_64-linux-gnu/Scrt1.o

.dynamic        0x0000000000007de0      0x1e0
 *(.dynamic)
 .dynamic       0x0000000000007de0      0x1e0 /usr/lib/gcc/x86_64-linux-gnu/14/../../../x86_64-linux-gnu/Scrt1.o
                0x0000000000007de0                _DYNAMIC

.got            0x0000000000007fc0       0x28
 *(.got)
 .got           0x0000000000007fc0       0x28 /usr/lib/gcc/x86_64-linux-gnu/14/../../../x86_64-linux-gnu/Scrt1.o
 *(.igot)
                0x0000000000007fe8                . = DATA_SEGMENT_RELRO_END (., (SIZEOF (.got.plt) >= 0x18)?0x18:0x0)

.got.plt        0x0000000000007fe8       0x40
 *(.got.plt)
 .got.plt       0x0000000000007fe8       0x40 /usr/lib/gcc/x86_64-linux-gnu/14/../../../x86_64-linux-gnu/Scrt1.o
                0x0000000000007fe8                _GLOBAL_OFFSET_TABLE_
 *(.igot.plt)

.data           0x0000000000008028       0x10
 *(.data .data.* .gnu.linkonce.d.*)
 .data          0x0000000000008028        0x4 /usr/lib/gcc/x86_64-linux-gnu/14/../../../x86_64-linux-gnu/Scrt1.o
                0x0000000000008028                data_start
                0x0000000000008028                __data_start
 .data          0x000000000000802c        0x0 /usr/lib/gcc/x86_64-linux-gnu/14/../../../x86_64-linux-gnu/crti.o
 .data          0x000000000000802c        0x0 /usr/lib/gcc/x86_64-linux-gnu/14/crtbeginS.o
 *fill*         0x000000000000802c        0x4 
 .data.rel.local
                0x0000000000008030        0x8 /usr/lib/gcc/x86_64-linux-gnu/14/crtbeginS.o
                0x0000000000008030                __dso_handle
 .data          0x0000000000008038        0x0 /tmp/ccKPdEMy.o
 .data          0x0000000000008038        0x0 /tmp/ccn7Y82X.o
 .data          0x0000000000008038        0x0 /tmp/ccSAW62z.o
 .data          0x0000000000008038        0x0 /tmp/ccP783Bp.o
 .data          0x0000000000008038        0x0 /usr/lib/gcc/x86_64-linux-gnu/14/crtendS.o
 .data          0x0000000000008038        0x0 /usr/lib/gcc/x86_64-linux-gnu/14/../../../x86_64-linux-gnu/crtn.o

.tm_clone_table
                0x0000000000008038        0x0
 .tm_clone_table
                0x0000000000008038        0x0 /usr/lib/gcc/x86_64-linux-gnu/14/crtbeginS.o
 .tm_clone_table
                0x0000000000008038        0x0 /usr/lib/gcc/x86_64-linux-gnu/14/crtendS.o

.incident_ram   0x0000000000008038     0x27f4
 .incident_ram  0x0000000000008038     0x27f4 /tmp/ccKPdEMy.o
                0x0000000000008038                g_ir_retained

.data1
 *(.data1)
                0x000000000000a82c                _edata = .
                [!provide]                        PROVIDE (edata = .)
                0x000000000000a830                . = ALIGN (ALIGNOF (NEXT_SECTION))
                0x000000000000a840                __bss_start = .

.bss            0x000000000000a840    0x10720
 *(.dynbss)
 .dynbss        0x000000000000a840        0x8 /usr/lib/gcc/x86_64-linux-gnu/14/../../../x86_64-linux-gnu/Scrt1.o
                0x000000000000a840                stderr@@GLIBC_2.2.5
 *(.bss .bss.* .gnu.linkonce.b.*)
 .bss           0x000000000000a848        0x0 /usr/lib/gcc/x86_64-linux-gnu/14/../../../x86_64-linux-gnu/Scrt1.o
 .bss           0x000000000000a848        0x0 /usr/lib/gcc/x86_64-linux-gnu/14/../../../x86_64-linux-gnu/crti.o
 .bss           0x000000000000a848        0x1 /usr/lib/gcc/x86_64-linux-gnu/14/crtbeginS.o
 .bss           0x000000000000a849        0x0 /tmp/ccKPdEMy.o
 *fill*         0x000000000000a849       0x17 
 .bss.g_ir_isr_trace_queue
                0x000000000000a860      0x30c /tmp/ccKPdEMy.o
                0x000000000000a860                g_ir_isr_trace_queue
 *fill*         0x000000000000ab6c       0x14 
 .bss.g_ir_task_trace_queue
                0x000000000000ab80      0x30c /tmp/ccKPdEMy.o
                0x000000000000ab80                g_ir_task_trace_queue
 *fill*         0x000000000000ae8c       0x14 
 .bss.g_ir_runtime
                0x000000000000aea0       0x30 /tmp/ccKPdEMy.o
                0x000000000000aea0                g_ir_runtime
 .bss           0x000000000000aed0        0x0 /tmp/ccn7Y82X.o
 .bss           0x000000000000aed0        0x0 /tmp/ccSAW62z.o
 .bss.g_trace_record_count
                0x000000000000aed0        0x4 /tmp/ccSAW62z.o
 .bss.g_timestamp
                0x000000000000aed4        0x4 /tmp/ccSAW62z.o
 .bss.g_export_record_id
                0x000000000000aed8        0x4 /tmp/ccSAW62z.o
 .bss.g_export_expected_length
                0x000000000000aedc        0x4 /tmp/ccSAW62z.o
 .bss.g_exported_length
                0x000000000000aee0        0x4 /tmp/ccSAW62z.o
 *fill*         0x000000000000aee4       0x1c 
 .bss.g_exported
                0x000000000000af00     0x4000 /tmp/ccSAW62z.o
 .bss.g_pause_injection_enabled
                0x000000000000ef00        0x1 /tmp/ccSAW62z.o
 *fill*         0x000000000000ef01        0x3 
 .bss.g_persist_failure_step
                0x000000000000ef04        0x4 /tmp/ccSAW62z.o
 .bss.g_last_persisted_record_id
                0x000000000000ef08        0x4 /tmp/ccSAW62z.o
 .bss.g_next_record_id
                0x000000000000ef0c        0x4 /tmp/ccSAW62z.o
 .bss.g_next_generation
                0x000000000000ef10        0x4 /tmp/ccSAW62z.o
 *fill*         0x000000000000ef14        0xc 
 .bss.g_staging
                0x000000000000ef20     0x4000 /tmp/ccSAW62z.o
 .bss.g_slots   0x0000000000012f20     0x8040 /tmp/ccSAW62z.o
 .bss           0x000000000001af60        0x0 /tmp/ccP783Bp.o
 .bss           0x000000000001af60        0x0 /usr/lib/gcc/x86_64-linux-gnu/14/crtendS.o
 .bss           0x000000000001af60        0x0 /usr/lib/gcc/x86_64-linux-gnu/14/../../../x86_64-linux-gnu/crtn.o
 *(COMMON)
                0x000000000001af60                . = ALIGN ((. != 0x0)?0x8:0x1)

.lbss
 *(.dynlbss)
 *(.lbss .lbss.* .gnu.linkonce.lb.*)
 *(LARGE_COMMON)
                0x000000000001af60                . = ALIGN (0x8)
                0x000000000001af60                . = SEGMENT_START ("ldata-segment", .)

.lrodata
 *(.lrodata .lrodata.* .gnu.linkonce.lr.*)

.ldata          0x000000000001cf60        0x0
 *(.ldata .ldata.* .gnu.linkonce.l.*)
                0x000000000001cf60                . = ALIGN ((. != 0x0)?0x8:0x1)
                0x000000000001cf60                . = ALIGN (0x8)
                0x000000000001af60                _end = .
                [!provide]                        PROVIDE (end = .)
                0x000000000001cf60                . = DATA_SEGMENT_END (.)

.stab
 *(.stab)

.stabstr
 *(.stabstr)

.stab.excl
 *(.stab.excl)

.stab.exclstr
 *(.stab.exclstr)

.stab.index
 *(.stab.index)

.stab.indexstr
 *(.stab.indexstr)

.comment        0x0000000000000000       0x1f
 *(.comment)
 .comment       0x0000000000000000       0x1f /usr/lib/gcc/x86_64-linux-gnu/14/crtbeginS.o
                                         0x20 (size before relaxing)
 .comment       0x000000000000001f       0x20 /tmp/ccKPdEMy.o
 .comment       0x000000000000001f       0x20 /tmp/ccn7Y82X.o
 .comment       0x000000000000001f       0x20 /tmp/ccSAW62z.o
 .comment       0x000000000000001f       0x20 /tmp/ccP783Bp.o
 .comment       0x000000000000001f       0x20 /usr/lib/gcc/x86_64-linux-gnu/14/crtendS.o

.gnu.build.attributes
 *(.gnu.build.attributes .gnu.build.attributes.*)

.debug
 *(.debug)

.line
 *(.line)

.debug_srcinfo
 *(.debug_srcinfo)

.debug_sfnames
 *(.debug_sfnames)

.debug_aranges
 *(.debug_aranges)

.debug_pubnames
 *(.debug_pubnames)

.debug_info
 *(.debug_info .gnu.linkonce.wi.*)

.debug_abbrev
 *(.debug_abbrev)

.debug_line
 *(.debug_line .debug_line.* .debug_line_end)

.debug_frame
 *(.debug_frame)

.debug_str
 *(.debug_str)

.debug_loc
 *(.debug_loc)

.debug_macinfo
 *(.debug_macinfo)

.debug_weaknames
 *(.debug_weaknames)

.debug_funcnames
 *(.debug_funcnames)

.debug_typenames
 *(.debug_typenames)

.debug_varnames
 *(.debug_varnames)

.debug_pubtypes
 *(.debug_pubtypes)

.debug_ranges
 *(.debug_ranges)

.debug_addr
 *(.debug_addr)

.debug_line_str
 *(.debug_line_str)

.debug_loclists
 *(.debug_loclists)

.debug_macro
 *(.debug_macro)

.debug_names
 *(.debug_names)

.debug_rnglists
 *(.debug_rnglists)

.debug_str_offsets
 *(.debug_str_offsets)

.debug_sup
 *(.debug_sup)

.gnu.attributes
 *(.gnu.attributes)

/DISCARD/
 *(.note.GNU-stack)
 *(.gnu_debuglink)
 *(.gnu.lto_*)
 *(.gnu_object_only)
OUTPUT(./build/hardening/hardening_check elf64-x86-64)
